******************************************************************************
               TMS320C6x Linker PC v7.4.4                      
******************************************************************************
>> Linked Sun Apr 21 13:36:00 2019

OUTPUT FILE NAME:   <optimization.out>
ENTRY POINT SYMBOL: "_c_int00"  address: 00007800


MEMORY CONFIGURATION

         name            origin    length      used     unused   attr    fill
----------------------  --------  ---------  --------  --------  ----  --------
  RAM                   00000001   fffffffe  00008afe  ffff7500  RWIX


SECTION ALLOCATION MAP

 output                                  attributes/
section   page    origin      length       input sections
--------  ----  ----------  ----------   ----------------
.pinit     0    00000004    00000000     UNINITIALIZED

.data      0    00000008    00000000     UNINITIALIZED

.bss       0    00000008    00000000     UNINITIALIZED

.text      0    00000020    00007ae0     
                  00000020    00000620     rts6400.lib : _printfi.obj (.text:__getarg_diouxp)
                  00000640    000005c0                 : divd.obj (.text:__divd)
                  00000c00    000004e0                 : _printfi.obj (.text:__setfield)
                  000010e0    000004c0                 : _printfi.obj (.text:__printfi)
                  000015a0    00000420                 : fputs.obj (.text:_fputs)
                  000019c0    00000400                 : _printfi.obj (.text:_fcvt)
                  00001dc0    000003e0                 : _printfi.obj (.text:__pproc_fge)
                  000021a0    000003c0                 : _printfi.obj (.text:_ecvt)
                  00002560    00000320                 : _printfi.obj (.text:__pconv_e)
                  00002880    00000300                 : _printfi.obj (.text:__pproc_fwp)
                  00002b80    000002e0                 : memory.obj (.text:_free)
                  00002e60    000002c0                 : imath64.obj (.text:__divull)
                  00003120    000002a0                 : _printfi.obj (.text:__pproc_diouxp)
                  000033c0    00000280                 : mpyd.obj (.text:__mpyd)
                  00003640    00000260                 : frcaddd.obj (.text:__frcaddd)
                  000038a0    00000260                 : _printfi.obj (.text:__pproc_str)
                  00003b00    00000260                 : fputc.obj (.text:_fputc)
                  00003d60    00000240                 : addd.obj (.text:__addd)
                  00003fa0    00000240                 : _printfi.obj (.text:__pconv_g)
                  000041e0    00000240                 : setvbuf.obj (.text:_setvbuf)
                  00004420    00000200                 : trgdrv.obj (.text:_HOSTrename)
                  00004620    00000200                 : _printfi.obj (.text:__mcpy)
                  00004820    000001c0                 : memory.obj (.text:_malloc)
                  000049e0    000001a0                 : imath40.obj (.text:__divul)
                  00004b80    000001a0     copy.obj (.text)
                  00004d20    00000180     rts6400.lib : fseek.obj (.text:_fseek)
                  00004ea0    00000180                 : lowlev.obj (.text:_getdevice)
                  00005020    00000160                 : _printfi.obj (.text:__ltostr)
                  00005180    00000160                 : _printfi.obj (.text:__pproc_fflags)
                  000052e0    00000160     simple_copy.obj (.text)
                  00005440    00000140     rts6400.lib : fclose.obj (.text:__closefile)
                  00005580    00000120                 : trgdrv.obj (.text:_HOSTlseek)
                  000056a0    00000120                 : frcmpyd.obj (.text:__frcmpyd)
                  000057c0    00000120                 : _io_perm.obj (.text:__wrt_ok)
                  000058e0    00000120                 : atoi.obj (.text:_atoi)
                  00005a00    00000100                 : trgdrv.obj (.text:_HOSTopen)
                  00005b00    00000100                 : trgdrv.obj (.text:_HOSTread)
                  00005c00    00000100                 : trgdrv.obj (.text:_HOSTwrite)
                  00005d00    00000100                 : frcmpyd_div.obj (.text:__frcmpyd_div)
                  00005e00    00000100                 : lowlev.obj (.text:_close)
                  00005f00    00000100                 : ltoa.obj (.text:_ltoa)
                  00006000    00000100                 : memset.obj (.text:_memset)
                  00006100    000000e0                 : trgdrv.obj (.text:_HOSTunlink)
                  000061e0    000000e0                 : autoinit.obj (.text:__auto_init)
                  000062c0    000000e0                 : cmpd.obj (.text:__cmpd)
                  000063a0    000000e0                 : _printfi.obj (.text:__div)
                  00006480    000000e0                 : fflush.obj (.text:__doflush)
                  00006560    000000e0                 : _printfi.obj (.text:__pconv_f)
                  00006640    000000e0                 : memcpy64.obj (.text:_memcpy)
                  00006720    000000e0                 : memory.obj (.text:_mremove)
                  00006800    000000e0                 : printf.obj (.text:_printf)
                  000068e0    000000c0                 : trgdrv.obj (.text:_HOSTclose)
                  000069a0    000000c0                 : fopen.obj (.text:__cleanup)
                  00006a60    000000c0                 : divu.obj (.text:__divu)
                  00006b20    000000c0                 : _printfi.obj (.text:__ecpy)
                  00006be0    000000c0                 : _printfi.obj (.text:__fcpy)
                  00006ca0    000000c0                 : exit.obj (.text:_exit)
                  00006d60    000000c0                 : lowlev.obj (.text:_lseek)
                  00006e20    000000c0                 : memory.obj (.text:_minsert)
                  00006ee0    000000c0                 : lowlev.obj (.text:_write)
                  00006fa0    000000a0                 : imath40.obj (.text:__divli)
                  00007040    000000a0                 : fixdi.obj (.text:__fixdi)
                  000070e0    000000a0                 : fixdli.obj (.text:__fixdli)
                  00007180    000000a0                 : renormd.obj (.text:__renormd)
                  00007220    000000a0                 : cpy_tbl.obj (.text:_copy_in)
                  000072c0    000000a0                 : lowlev.obj (.text:_finddevice)
                  00007360    00000080                 : cpp_init.obj (.text:___TI_cpp_init)
                  000073e0    00000080                 : fltlid.obj (.text:__fltlid)
                  00007460    00000080                 : llshift.obj (.text:__llshl)
                  000074e0    00000080                 : mpyll.obj (.text:__mpyll)
                  00007560    00000080                 : memccpy.obj (.text:_memccpy)
                  000075e0    00000080                 : trgmsg.obj (.text:_readmsg)
                  00007660    00000080                 : lowlev.obj (.text:_unlink)
                  000076e0    00000060                 : llshift.obj (.text:__llshru)
                  00007740    00000060                 : imath40.obj (.text:__remli)
                  000077a0    00000060                 : imath64.obj (.text:__subcull)
                  00007800    00000060                 : boot.obj (.text:_c_int00)
                  00007860    00000060                 : trgmsg.obj (.text:_writemsg)
                  000078c0    00000040                 : isinf.obj (.text:___isinf)
                  00007900    00000040                 : _printfi.obj (.text:___isnan)
                  00007940    00000040                 : args_main.obj (.text:__args_main)
                  00007980    00000040                 : negd.obj (.text:__negd)
                  000079c0    00000040                 : subd.obj (.text:__subd)
                  00007a00    00000040     hello.obj (.text)
                  00007a40    00000020     rts6400.lib : negll.obj (.text:__negll)
                  00007a60    00000020                 : _lock.obj (.text:__nop)
                  00007a80    00000020                 : printf.obj (.text:__outc)
                  00007aa0    00000020                 : printf.obj (.text:__outs)
                  00007ac0    00000020                 : exit.obj (.text:_abort)
                  00007ae0    00000020                 : remove.obj (.text:_remove)

.far       0    00007b00    00000468     UNINITIALIZED
                  00007b00    00000324     rts6400.lib : defs.obj (.far)
                  00007e24    00000004                 : fopen.obj (.far)
                  00007e28    0000011c                 : lowlev.obj (.far)
                  00007f44    0000000c                 : exit.obj (.far)
                  00007f50    00000008                 : _lock.obj (.far)
                  00007f58    00000008                 : memory.obj (.far)
                  00007f60    00000008                 : trgdrv.obj (.far)

.stack     0    00007f68    00000400     UNINITIALIZED
                  00007f68    00000008     rts6400.lib : boot.obj (.stack)
                  00007f70    000003f8     --HOLE--

.sysmem    0    00008368    00000400     UNINITIALIZED
                  00008368    00000008     rts6400.lib : memory.obj (.sysmem)
                  00008370    000003f8     --HOLE--

.cinit     0    00008768    00000154     
                  00008768    0000005c     rts6400.lib : defs.obj (.cinit)
                  000087c4    00000004     --HOLE-- [fill = 0]
                  000087c8    0000005c                 : lowlev.obj (.cinit)
                  00008824    00000004     --HOLE-- [fill = 0]
                  00008828    0000002c                 : exit.obj (.cinit)
                  00008854    00000004     --HOLE-- [fill = 0]
                  00008858    0000002c                 : memory.obj (.cinit)
                  00008884    00000004     --HOLE-- [fill = 0]
                  00008888    0000001c                 : _lock.obj (.cinit)
                  000088a4    00000004     --HOLE-- [fill = 0]
                  000088a8    0000000c                 : fopen.obj (.cinit)
                  000088b4    00000004     --HOLE-- [fill = 0]
                  000088b8    00000004     (.pad.cinit) [fill = 0]

.const     0    000088c0    00000142     
                  000088c0    00000101     rts6400.lib : ctype.obj (.const:.string:__ctypes_)
                  000089c1    00000023                 : _printfi.obj (.const:.string)
                  000089e4    00000014     hello.obj (.const:.string)
                  000089f8    00000008     rts6400.lib : divd.obj (.const:.string:_initial_approx$1)
                  00008a00    00000002                 : fputs.obj (.const:.string)

.cio       0    00008a08    00000120     UNINITIALIZED
                  00008a08    00000120     rts6400.lib : trgmsg.obj (.cio)


GLOBAL SYMBOLS: SORTED ALPHABETICALLY BY Name 

address    name
--------   ----
00000008   $bss
00000008   .bss
00000008   .data
00000020   .text
00007ac0   C$$EXIT
000078b8   C$$IO$$
000052e0   _Copy
000068e0   _HOSTclose
00005580   _HOSTlseek
00005a00   _HOSTopen
00005b00   _HOSTread
00004420   _HOSTrename
00006100   _HOSTunlink
00005c00   _HOSTwrite
00008a08   __CIOBUF_
00008368   __STACK_END
00000400   __STACK_SIZE
00000400   __SYSMEM_SIZE
00000001   __TI_args_main
00007360   ___TI_cpp_init
00007f4c   ___TI_enable_exit_profile_output
ffffffff   ___TI_pprof_out_hndl
ffffffff   ___TI_prof_data_size
ffffffff   ___TI_prof_data_start
ffffffff   ___binit__
00000008   ___bss__
ffffffff   ___c_args__
00008768   ___cinit__
00000008   ___data__
00000008   ___edata__
00000008   ___end__
00007b00   ___etext__
000078c0   ___isinf
ffffffff   ___pinit__
00000020   ___text__
00003d60   __addd
00007940   __args_main
000061e0   __auto_init
00006a60   __c6xabi_divu
000069a0   __cleanup
00007f44   __cleanup_ptr
00005440   __closefile
000062c0   __cmpd
000088c0   __ctypes_
00000640   __divd
00006fa0   __divli
00006a60   __divu
000049e0   __divul
00002e60   __divull
00006480   __doflush
00007f48   __dtors_ptr
00007040   __fixdi
000070e0   __fixdli
000073e0   __fltlid
00003640   __frcaddd
000056a0   __frcmpyd
00005d00   __frcmpyd_div
00007e20   __ft_end
00007b00   __ftable
00007460   __llshl
000076e0   __llshru
00007f50   __lock
000033c0   __mpyd
000074e0   __mpyll
00007980   __negd
00007a40   __negll
00007a60   __nop
000010e0   __printfi
00007740   __remli
00007180   __renormd
00007f68   __stack
000077a0   __subcull
000079c0   __subd
00008368   __sys_memory
00007ce0   __tmpnams
00007f54   __unlock
000057c0   __wrt_ok
00007ac0   _abort
00004bb0   _asm_copy_opt
00004be8   _asm_copy_optimized
00004c84   _asm_copy_optimized_k
00004b80   _asm_example
000058e0   _atoi
00007800   _c_int00
00005e00   _close
00007220   _copy_in
00006ca0   _exit
00003b00   _fputc
000015a0   _fputs
00002b80   _free
00004d20   _fseek
00006d60   _lseek
00005f00   _ltoa
00007a00   _main
00004820   _malloc
00007560   _memccpy
00006640   _memcpy
00006000   _memset
00006800   _printf
00003b00   _putc
000075e0   _readmsg
00007ae0   _remove
000041e0   _setvbuf
00007660   _unlink
00006ee0   _write
00007860   _writemsg
ffffffff   binit
00008768   cinit
00000008   edata
00000008   end
00007b00   etext
ffffffff   pinit


GLOBAL SYMBOLS: SORTED BY Symbol Address 

address    name
--------   ----
00000001   __TI_args_main
00000008   $bss
00000008   .bss
00000008   .data
00000008   ___bss__
00000008   ___data__
00000008   ___edata__
00000008   ___end__
00000008   edata
00000008   end
00000020   .text
00000020   ___text__
00000400   __STACK_SIZE
00000400   __SYSMEM_SIZE
00000640   __divd
000010e0   __printfi
000015a0   _fputs
00002b80   _free
00002e60   __divull
000033c0   __mpyd
00003640   __frcaddd
00003b00   _fputc
00003b00   _putc
00003d60   __addd
000041e0   _setvbuf
00004420   _HOSTrename
00004820   _malloc
000049e0   __divul
00004b80   _asm_example
00004bb0   _asm_copy_opt
00004be8   _asm_copy_optimized
00004c84   _asm_copy_optimized_k
00004d20   _fseek
000052e0   _Copy
00005440   __closefile
00005580   _HOSTlseek
000056a0   __frcmpyd
000057c0   __wrt_ok
000058e0   _atoi
00005a00   _HOSTopen
00005b00   _HOSTread
00005c00   _HOSTwrite
00005d00   __frcmpyd_div
00005e00   _close
00005f00   _ltoa
00006000   _memset
00006100   _HOSTunlink
000061e0   __auto_init
000062c0   __cmpd
00006480   __doflush
00006640   _memcpy
00006800   _printf
000068e0   _HOSTclose
000069a0   __cleanup
00006a60   __c6xabi_divu
00006a60   __divu
00006ca0   _exit
00006d60   _lseek
00006ee0   _write
00006fa0   __divli
00007040   __fixdi
000070e0   __fixdli
00007180   __renormd
00007220   _copy_in
00007360   ___TI_cpp_init
000073e0   __fltlid
00007460   __llshl
000074e0   __mpyll
00007560   _memccpy
000075e0   _readmsg
00007660   _unlink
000076e0   __llshru
00007740   __remli
000077a0   __subcull
00007800   _c_int00
00007860   _writemsg
000078b8   C$$IO$$
000078c0   ___isinf
00007940   __args_main
00007980   __negd
000079c0   __subd
00007a00   _main
00007a40   __negll
00007a60   __nop
00007ac0   C$$EXIT
00007ac0   _abort
00007ae0   _remove
00007b00   ___etext__
00007b00   __ftable
00007b00   etext
00007ce0   __tmpnams
00007e20   __ft_end
00007f44   __cleanup_ptr
00007f48   __dtors_ptr
00007f4c   ___TI_enable_exit_profile_output
00007f50   __lock
00007f54   __unlock
00007f68   __stack
00008368   __STACK_END
00008368   __sys_memory
00008768   ___cinit__
00008768   cinit
000088c0   __ctypes_
00008a08   __CIOBUF_
ffffffff   ___TI_pprof_out_hndl
ffffffff   ___TI_prof_data_size
ffffffff   ___TI_prof_data_start
ffffffff   ___binit__
ffffffff   ___c_args__
ffffffff   ___pinit__
ffffffff   binit
ffffffff   pinit

[112 symbols]
