<?xml version="1.0"?>
<link_info>
   <banner>TMS320C6x Linker PC v7.4.4</banner>
   <copyright>Copyright (c) 1996-2013 Texas Instruments Incorporated</copyright>
   <link_time>0x5cbc2468</link_time>
   <output_file>optimization.out</output_file>
   <entry_point>
      <name>_c_int00</name>
      <address>0x7800</address>
   </entry_point>
   <input_file_list>
      <input_file id="fl-2">
         <path>.\</path>
         <kind>object</kind>
         <file>simple_copy.obj</file>
         <name>simple_copy.obj</name>
      </input_file>
      <input_file id="fl-3">
         <path>.\</path>
         <kind>object</kind>
         <file>hello.obj</file>
         <name>hello.obj</name>
      </input_file>
      <input_file id="fl-4">
         <path>.\</path>
         <kind>object</kind>
         <file>copy.obj</file>
         <name>copy.obj</name>
      </input_file>
      <input_file id="fl-7e">
         <path>C:\ti\ccsv5\tools\compiler\c6000_7.4.4\lib\</path>
         <kind>archive</kind>
         <file>rts6400.lib</file>
         <name>boot.obj</name>
      </input_file>
      <input_file id="fl-7f">
         <path>C:\ti\ccsv5\tools\compiler\c6000_7.4.4\lib\</path>
         <kind>archive</kind>
         <file>rts6400.lib</file>
         <name>exit.obj</name>
      </input_file>
      <input_file id="fl-80">
         <path>C:\ti\ccsv5\tools\compiler\c6000_7.4.4\lib\</path>
         <kind>archive</kind>
         <file>rts6400.lib</file>
         <name>memset.obj</name>
      </input_file>
      <input_file id="fl-81">
         <path>C:\ti\ccsv5\tools\compiler\c6000_7.4.4\lib\</path>
         <kind>archive</kind>
         <file>rts6400.lib</file>
         <name>printf.obj</name>
      </input_file>
      <input_file id="fl-82">
         <path>C:\ti\ccsv5\tools\compiler\c6000_7.4.4\lib\</path>
         <kind>archive</kind>
         <file>rts6400.lib</file>
         <name>_lock.obj</name>
      </input_file>
      <input_file id="fl-83">
         <path>C:\ti\ccsv5\tools\compiler\c6000_7.4.4\lib\</path>
         <kind>archive</kind>
         <file>rts6400.lib</file>
         <name>_printfi.obj</name>
      </input_file>
      <input_file id="fl-84">
         <path>C:\ti\ccsv5\tools\compiler\c6000_7.4.4\lib\</path>
         <kind>archive</kind>
         <file>rts6400.lib</file>
         <name>args_main.obj</name>
      </input_file>
      <input_file id="fl-85">
         <path>C:\ti\ccsv5\tools\compiler\c6000_7.4.4\lib\</path>
         <kind>archive</kind>
         <file>rts6400.lib</file>
         <name>atoi.obj</name>
      </input_file>
      <input_file id="fl-86">
         <path>C:\ti\ccsv5\tools\compiler\c6000_7.4.4\lib\</path>
         <kind>archive</kind>
         <file>rts6400.lib</file>
         <name>autoinit.obj</name>
      </input_file>
      <input_file id="fl-87">
         <path>C:\ti\ccsv5\tools\compiler\c6000_7.4.4\lib\</path>
         <kind>archive</kind>
         <file>rts6400.lib</file>
         <name>cmpd.obj</name>
      </input_file>
      <input_file id="fl-88">
         <path>C:\ti\ccsv5\tools\compiler\c6000_7.4.4\lib\</path>
         <kind>archive</kind>
         <file>rts6400.lib</file>
         <name>cpp_init.obj</name>
      </input_file>
      <input_file id="fl-89">
         <path>C:\ti\ccsv5\tools\compiler\c6000_7.4.4\lib\</path>
         <kind>archive</kind>
         <file>rts6400.lib</file>
         <name>cpy_tbl.obj</name>
      </input_file>
      <input_file id="fl-8a">
         <path>C:\ti\ccsv5\tools\compiler\c6000_7.4.4\lib\</path>
         <kind>archive</kind>
         <file>rts6400.lib</file>
         <name>ctype.obj</name>
      </input_file>
      <input_file id="fl-8b">
         <path>C:\ti\ccsv5\tools\compiler\c6000_7.4.4\lib\</path>
         <kind>archive</kind>
         <file>rts6400.lib</file>
         <name>defs.obj</name>
      </input_file>
      <input_file id="fl-8c">
         <path>C:\ti\ccsv5\tools\compiler\c6000_7.4.4\lib\</path>
         <kind>archive</kind>
         <file>rts6400.lib</file>
         <name>divd.obj</name>
      </input_file>
      <input_file id="fl-8d">
         <path>C:\ti\ccsv5\tools\compiler\c6000_7.4.4\lib\</path>
         <kind>archive</kind>
         <file>rts6400.lib</file>
         <name>divu.obj</name>
      </input_file>
      <input_file id="fl-8e">
         <path>C:\ti\ccsv5\tools\compiler\c6000_7.4.4\lib\</path>
         <kind>archive</kind>
         <file>rts6400.lib</file>
         <name>fixdi.obj</name>
      </input_file>
      <input_file id="fl-8f">
         <path>C:\ti\ccsv5\tools\compiler\c6000_7.4.4\lib\</path>
         <kind>archive</kind>
         <file>rts6400.lib</file>
         <name>fixdli.obj</name>
      </input_file>
      <input_file id="fl-90">
         <path>C:\ti\ccsv5\tools\compiler\c6000_7.4.4\lib\</path>
         <kind>archive</kind>
         <file>rts6400.lib</file>
         <name>fltlid.obj</name>
      </input_file>
      <input_file id="fl-91">
         <path>C:\ti\ccsv5\tools\compiler\c6000_7.4.4\lib\</path>
         <kind>archive</kind>
         <file>rts6400.lib</file>
         <name>fputc.obj</name>
      </input_file>
      <input_file id="fl-92">
         <path>C:\ti\ccsv5\tools\compiler\c6000_7.4.4\lib\</path>
         <kind>archive</kind>
         <file>rts6400.lib</file>
         <name>fputs.obj</name>
      </input_file>
      <input_file id="fl-93">
         <path>C:\ti\ccsv5\tools\compiler\c6000_7.4.4\lib\</path>
         <kind>archive</kind>
         <file>rts6400.lib</file>
         <name>frcmpyd_div.obj</name>
      </input_file>
      <input_file id="fl-94">
         <path>C:\ti\ccsv5\tools\compiler\c6000_7.4.4\lib\</path>
         <kind>archive</kind>
         <file>rts6400.lib</file>
         <name>imath40.obj</name>
      </input_file>
      <input_file id="fl-95">
         <path>C:\ti\ccsv5\tools\compiler\c6000_7.4.4\lib\</path>
         <kind>archive</kind>
         <file>rts6400.lib</file>
         <name>imath64.obj</name>
      </input_file>
      <input_file id="fl-96">
         <path>C:\ti\ccsv5\tools\compiler\c6000_7.4.4\lib\</path>
         <kind>archive</kind>
         <file>rts6400.lib</file>
         <name>isinf.obj</name>
      </input_file>
      <input_file id="fl-97">
         <path>C:\ti\ccsv5\tools\compiler\c6000_7.4.4\lib\</path>
         <kind>archive</kind>
         <file>rts6400.lib</file>
         <name>llshift.obj</name>
      </input_file>
      <input_file id="fl-98">
         <path>C:\ti\ccsv5\tools\compiler\c6000_7.4.4\lib\</path>
         <kind>archive</kind>
         <file>rts6400.lib</file>
         <name>lowlev.obj</name>
      </input_file>
      <input_file id="fl-99">
         <path>C:\ti\ccsv5\tools\compiler\c6000_7.4.4\lib\</path>
         <kind>archive</kind>
         <file>rts6400.lib</file>
         <name>ltoa.obj</name>
      </input_file>
      <input_file id="fl-9a">
         <path>C:\ti\ccsv5\tools\compiler\c6000_7.4.4\lib\</path>
         <kind>archive</kind>
         <file>rts6400.lib</file>
         <name>memccpy.obj</name>
      </input_file>
      <input_file id="fl-9b">
         <path>C:\ti\ccsv5\tools\compiler\c6000_7.4.4\lib\</path>
         <kind>archive</kind>
         <file>rts6400.lib</file>
         <name>memcpy64.obj</name>
      </input_file>
      <input_file id="fl-9c">
         <path>C:\ti\ccsv5\tools\compiler\c6000_7.4.4\lib\</path>
         <kind>archive</kind>
         <file>rts6400.lib</file>
         <name>mpyd.obj</name>
      </input_file>
      <input_file id="fl-9d">
         <path>C:\ti\ccsv5\tools\compiler\c6000_7.4.4\lib\</path>
         <kind>archive</kind>
         <file>rts6400.lib</file>
         <name>mpyll.obj</name>
      </input_file>
      <input_file id="fl-9e">
         <path>C:\ti\ccsv5\tools\compiler\c6000_7.4.4\lib\</path>
         <kind>archive</kind>
         <file>rts6400.lib</file>
         <name>negd.obj</name>
      </input_file>
      <input_file id="fl-9f">
         <path>C:\ti\ccsv5\tools\compiler\c6000_7.4.4\lib\</path>
         <kind>archive</kind>
         <file>rts6400.lib</file>
         <name>negll.obj</name>
      </input_file>
      <input_file id="fl-a0">
         <path>C:\ti\ccsv5\tools\compiler\c6000_7.4.4\lib\</path>
         <kind>archive</kind>
         <file>rts6400.lib</file>
         <name>subd.obj</name>
      </input_file>
      <input_file id="fl-a1">
         <path>C:\ti\ccsv5\tools\compiler\c6000_7.4.4\lib\</path>
         <kind>archive</kind>
         <file>rts6400.lib</file>
         <name>trgdrv.obj</name>
      </input_file>
      <input_file id="fl-a2">
         <path>C:\ti\ccsv5\tools\compiler\c6000_7.4.4\lib\</path>
         <kind>archive</kind>
         <file>rts6400.lib</file>
         <name>trgmsg.obj</name>
      </input_file>
      <input_file id="fl-a3">
         <path>C:\ti\ccsv5\tools\compiler\c6000_7.4.4\lib\</path>
         <kind>archive</kind>
         <file>rts6400.lib</file>
         <name>_io_perm.obj</name>
      </input_file>
      <input_file id="fl-a4">
         <path>C:\ti\ccsv5\tools\compiler\c6000_7.4.4\lib\</path>
         <kind>archive</kind>
         <file>rts6400.lib</file>
         <name>abs.obj</name>
      </input_file>
      <input_file id="fl-a5">
         <path>C:\ti\ccsv5\tools\compiler\c6000_7.4.4\lib\</path>
         <kind>archive</kind>
         <file>rts6400.lib</file>
         <name>addd.obj</name>
      </input_file>
      <input_file id="fl-a6">
         <path>C:\ti\ccsv5\tools\compiler\c6000_7.4.4\lib\</path>
         <kind>archive</kind>
         <file>rts6400.lib</file>
         <name>fflush.obj</name>
      </input_file>
      <input_file id="fl-a7">
         <path>C:\ti\ccsv5\tools\compiler\c6000_7.4.4\lib\</path>
         <kind>archive</kind>
         <file>rts6400.lib</file>
         <name>frcaddd.obj</name>
      </input_file>
      <input_file id="fl-a8">
         <path>C:\ti\ccsv5\tools\compiler\c6000_7.4.4\lib\</path>
         <kind>archive</kind>
         <file>rts6400.lib</file>
         <name>frcmpyd.obj</name>
      </input_file>
      <input_file id="fl-a9">
         <path>C:\ti\ccsv5\tools\compiler\c6000_7.4.4\lib\</path>
         <kind>archive</kind>
         <file>rts6400.lib</file>
         <name>fseek.obj</name>
      </input_file>
      <input_file id="fl-aa">
         <path>C:\ti\ccsv5\tools\compiler\c6000_7.4.4\lib\</path>
         <kind>archive</kind>
         <file>rts6400.lib</file>
         <name>renormd.obj</name>
      </input_file>
      <input_file id="fl-ab">
         <path>C:\ti\ccsv5\tools\compiler\c6000_7.4.4\lib\</path>
         <kind>archive</kind>
         <file>rts6400.lib</file>
         <name>setvbuf.obj</name>
      </input_file>
      <input_file id="fl-ac">
         <path>C:\ti\ccsv5\tools\compiler\c6000_7.4.4\lib\</path>
         <kind>archive</kind>
         <file>rts6400.lib</file>
         <name>fopen.obj</name>
      </input_file>
      <input_file id="fl-ad">
         <path>C:\ti\ccsv5\tools\compiler\c6000_7.4.4\lib\</path>
         <kind>archive</kind>
         <file>rts6400.lib</file>
         <name>memory.obj</name>
      </input_file>
      <input_file id="fl-ae">
         <path>C:\ti\ccsv5\tools\compiler\c6000_7.4.4\lib\</path>
         <kind>archive</kind>
         <file>rts6400.lib</file>
         <name>fclose.obj</name>
      </input_file>
      <input_file id="fl-af">
         <path>C:\ti\ccsv5\tools\compiler\c6000_7.4.4\lib\</path>
         <kind>archive</kind>
         <file>rts6400.lib</file>
         <name>remove.obj</name>
      </input_file>
   </input_file_list>
   <object_component_list>
      <object_component id="oc-e5">
         <name>.text:__getarg_diouxp</name>
         <load_address>0x20</load_address>
         <run_address>0x20</run_address>
         <size>0x620</size>
         <input_file_ref idref="fl-83"/>
      </object_component>
      <object_component id="oc-f2">
         <name>.text:__divd</name>
         <load_address>0x640</load_address>
         <run_address>0x640</run_address>
         <size>0x5c0</size>
         <input_file_ref idref="fl-8c"/>
      </object_component>
      <object_component id="oc-d1">
         <name>.text:__setfield</name>
         <load_address>0xc00</load_address>
         <run_address>0xc00</run_address>
         <size>0x4e0</size>
         <input_file_ref idref="fl-83"/>
      </object_component>
      <object_component id="oc-cb">
         <name>.text:__printfi</name>
         <load_address>0x10e0</load_address>
         <run_address>0x10e0</run_address>
         <size>0x4c0</size>
         <input_file_ref idref="fl-83"/>
      </object_component>
      <object_component id="oc-ce">
         <name>.text:_fputs</name>
         <load_address>0x15a0</load_address>
         <run_address>0x15a0</run_address>
         <size>0x420</size>
         <input_file_ref idref="fl-92"/>
      </object_component>
      <object_component id="oc-ef">
         <name>.text:_fcvt</name>
         <load_address>0x19c0</load_address>
         <run_address>0x19c0</run_address>
         <size>0x400</size>
         <input_file_ref idref="fl-83"/>
      </object_component>
      <object_component id="oc-d8">
         <name>.text:__pproc_fge</name>
         <load_address>0x1dc0</load_address>
         <run_address>0x1dc0</run_address>
         <size>0x3e0</size>
         <input_file_ref idref="fl-83"/>
      </object_component>
      <object_component id="oc-ec">
         <name>.text:_ecvt</name>
         <load_address>0x21a0</load_address>
         <run_address>0x21a0</run_address>
         <size>0x3c0</size>
         <input_file_ref idref="fl-83"/>
      </object_component>
      <object_component id="oc-e4">
         <name>.text:__pconv_e</name>
         <load_address>0x2560</load_address>
         <run_address>0x2560</run_address>
         <size>0x320</size>
         <input_file_ref idref="fl-83"/>
      </object_component>
      <object_component id="oc-d0">
         <name>.text:__pproc_fwp</name>
         <load_address>0x2880</load_address>
         <run_address>0x2880</run_address>
         <size>0x300</size>
         <input_file_ref idref="fl-83"/>
      </object_component>
      <object_component id="oc-e9">
         <name>.text:_free</name>
         <load_address>0x2b80</load_address>
         <run_address>0x2b80</run_address>
         <size>0x2e0</size>
         <input_file_ref idref="fl-ad"/>
      </object_component>
      <object_component id="oc-102">
         <name>.text:__divull</name>
         <load_address>0x2e60</load_address>
         <run_address>0x2e60</run_address>
         <size>0x2c0</size>
         <input_file_ref idref="fl-95"/>
      </object_component>
      <object_component id="oc-d9">
         <name>.text:__pproc_diouxp</name>
         <load_address>0x3120</load_address>
         <run_address>0x3120</run_address>
         <size>0x2a0</size>
         <input_file_ref idref="fl-83"/>
      </object_component>
      <object_component id="oc-f1">
         <name>.text:__mpyd</name>
         <load_address>0x33c0</load_address>
         <run_address>0x33c0</run_address>
         <size>0x280</size>
         <input_file_ref idref="fl-9c"/>
      </object_component>
      <object_component id="oc-10c">
         <name>.text:__frcaddd</name>
         <load_address>0x3640</load_address>
         <run_address>0x3640</run_address>
         <size>0x260</size>
         <input_file_ref idref="fl-a7"/>
      </object_component>
      <object_component id="oc-d2">
         <name>.text:__pproc_str</name>
         <load_address>0x38a0</load_address>
         <run_address>0x38a0</run_address>
         <size>0x260</size>
         <input_file_ref idref="fl-83"/>
      </object_component>
      <object_component id="oc-d3">
         <name>.text:_fputc</name>
         <load_address>0x3b00</load_address>
         <run_address>0x3b00</run_address>
         <size>0x260</size>
         <input_file_ref idref="fl-91"/>
      </object_component>
      <object_component id="oc-107">
         <name>.text:__addd</name>
         <load_address>0x3d60</load_address>
         <run_address>0x3d60</run_address>
         <size>0x240</size>
         <input_file_ref idref="fl-a5"/>
      </object_component>
      <object_component id="oc-e2">
         <name>.text:__pconv_g</name>
         <load_address>0x3fa0</load_address>
         <run_address>0x3fa0</run_address>
         <size>0x240</size>
         <input_file_ref idref="fl-83"/>
      </object_component>
      <object_component id="oc-dc">
         <name>.text:_setvbuf</name>
         <load_address>0x41e0</load_address>
         <run_address>0x41e0</run_address>
         <size>0x240</size>
         <input_file_ref idref="fl-ab"/>
      </object_component>
      <object_component id="oc-c0">
         <name>.text:_HOSTrename</name>
         <load_address>0x4420</load_address>
         <run_address>0x4420</run_address>
         <size>0x200</size>
         <input_file_ref idref="fl-a1"/>
      </object_component>
      <object_component id="oc-ee">
         <name>.text:__mcpy</name>
         <load_address>0x4620</load_address>
         <run_address>0x4620</run_address>
         <size>0x200</size>
         <input_file_ref idref="fl-83"/>
      </object_component>
      <object_component id="oc-ea">
         <name>.text:_malloc</name>
         <load_address>0x4820</load_address>
         <run_address>0x4820</run_address>
         <size>0x1c0</size>
         <input_file_ref idref="fl-ad"/>
      </object_component>
      <object_component id="oc-101">
         <name>.text:__divul</name>
         <load_address>0x49e0</load_address>
         <run_address>0x49e0</run_address>
         <size>0x1a0</size>
         <input_file_ref idref="fl-94"/>
      </object_component>
      <object_component id="oc-c">
         <name>.text</name>
         <load_address>0x4b80</load_address>
         <run_address>0x4b80</run_address>
         <size>0x1a0</size>
         <input_file_ref idref="fl-4"/>
      </object_component>
      <object_component id="oc-db">
         <name>.text:_fseek</name>
         <load_address>0x4d20</load_address>
         <run_address>0x4d20</run_address>
         <size>0x180</size>
         <input_file_ref idref="fl-a9"/>
      </object_component>
      <object_component id="oc-10d">
         <name>.text:_getdevice</name>
         <load_address>0x4ea0</load_address>
         <run_address>0x4ea0</run_address>
         <size>0x180</size>
         <input_file_ref idref="fl-98"/>
      </object_component>
      <object_component id="oc-e7">
         <name>.text:__ltostr</name>
         <load_address>0x5020</load_address>
         <run_address>0x5020</run_address>
         <size>0x160</size>
         <input_file_ref idref="fl-83"/>
      </object_component>
      <object_component id="oc-cf">
         <name>.text:__pproc_fflags</name>
         <load_address>0x5180</load_address>
         <run_address>0x5180</run_address>
         <size>0x160</size>
         <input_file_ref idref="fl-83"/>
      </object_component>
      <object_component id="oc-c9">
         <name>.text</name>
         <load_address>0x52e0</load_address>
         <run_address>0x52e0</run_address>
         <size>0x160</size>
         <input_file_ref idref="fl-2"/>
      </object_component>
      <object_component id="oc-f7">
         <name>.text:__closefile</name>
         <load_address>0x5440</load_address>
         <run_address>0x5440</run_address>
         <size>0x140</size>
         <input_file_ref idref="fl-ae"/>
      </object_component>
      <object_component id="oc-be">
         <name>.text:_HOSTlseek</name>
         <load_address>0x5580</load_address>
         <run_address>0x5580</run_address>
         <size>0x120</size>
         <input_file_ref idref="fl-a1"/>
      </object_component>
      <object_component id="oc-fd">
         <name>.text:__frcmpyd</name>
         <load_address>0x56a0</load_address>
         <run_address>0x56a0</run_address>
         <size>0x120</size>
         <input_file_ref idref="fl-a8"/>
      </object_component>
      <object_component id="oc-d4">
         <name>.text:__wrt_ok</name>
         <load_address>0x57c0</load_address>
         <run_address>0x57c0</run_address>
         <size>0x120</size>
         <input_file_ref idref="fl-a3"/>
      </object_component>
      <object_component id="oc-d7">
         <name>.text:_atoi</name>
         <load_address>0x58e0</load_address>
         <run_address>0x58e0</run_address>
         <size>0x120</size>
         <input_file_ref idref="fl-85"/>
      </object_component>
      <object_component id="oc-ba">
         <name>.text:_HOSTopen</name>
         <load_address>0x5a00</load_address>
         <run_address>0x5a00</run_address>
         <size>0x100</size>
         <input_file_ref idref="fl-a1"/>
      </object_component>
      <object_component id="oc-bc">
         <name>.text:_HOSTread</name>
         <load_address>0x5b00</load_address>
         <run_address>0x5b00</run_address>
         <size>0x100</size>
         <input_file_ref idref="fl-a1"/>
      </object_component>
      <object_component id="oc-bd">
         <name>.text:_HOSTwrite</name>
         <load_address>0x5c00</load_address>
         <run_address>0x5c00</run_address>
         <size>0x100</size>
         <input_file_ref idref="fl-a1"/>
      </object_component>
      <object_component id="oc-ff">
         <name>.text:__frcmpyd_div</name>
         <load_address>0x5d00</load_address>
         <run_address>0x5d00</run_address>
         <size>0x100</size>
         <input_file_ref idref="fl-93"/>
      </object_component>
      <object_component id="oc-103">
         <name>.text:_close</name>
         <load_address>0x5e00</load_address>
         <run_address>0x5e00</run_address>
         <size>0x100</size>
         <input_file_ref idref="fl-98"/>
      </object_component>
      <object_component id="oc-f9">
         <name>.text:_ltoa</name>
         <load_address>0x5f00</load_address>
         <run_address>0x5f00</run_address>
         <size>0x100</size>
         <input_file_ref idref="fl-99"/>
      </object_component>
      <object_component id="oc-cd">
         <name>.text:_memset</name>
         <load_address>0x6000</load_address>
         <run_address>0x6000</run_address>
         <size>0x100</size>
         <input_file_ref idref="fl-80"/>
      </object_component>
      <object_component id="oc-bf">
         <name>.text:_HOSTunlink</name>
         <load_address>0x6100</load_address>
         <run_address>0x6100</run_address>
         <size>0xe0</size>
         <input_file_ref idref="fl-a1"/>
      </object_component>
      <object_component id="oc-b6">
         <name>.text:__auto_init</name>
         <load_address>0x61e0</load_address>
         <run_address>0x61e0</run_address>
         <size>0xe0</size>
         <input_file_ref idref="fl-86"/>
      </object_component>
      <object_component id="oc-e0">
         <name>.text:__cmpd</name>
         <load_address>0x62c0</load_address>
         <run_address>0x62c0</run_address>
         <size>0xe0</size>
         <input_file_ref idref="fl-87"/>
      </object_component>
      <object_component id="oc-f3">
         <name>.text:__div</name>
         <load_address>0x63a0</load_address>
         <run_address>0x63a0</run_address>
         <size>0xe0</size>
         <input_file_ref idref="fl-83"/>
      </object_component>
      <object_component id="oc-d5">
         <name>.text:__doflush</name>
         <load_address>0x6480</load_address>
         <run_address>0x6480</run_address>
         <size>0xe0</size>
         <input_file_ref idref="fl-a6"/>
      </object_component>
      <object_component id="oc-e3">
         <name>.text:__pconv_f</name>
         <load_address>0x6560</load_address>
         <run_address>0x6560</run_address>
         <size>0xe0</size>
         <input_file_ref idref="fl-83"/>
      </object_component>
      <object_component id="oc-c2">
         <name>.text:_memcpy</name>
         <load_address>0x6640</load_address>
         <run_address>0x6640</run_address>
         <size>0xe0</size>
         <input_file_ref idref="fl-9b"/>
      </object_component>
      <object_component id="oc-f5">
         <name>.text:_mremove</name>
         <load_address>0x6720</load_address>
         <run_address>0x6720</run_address>
         <size>0xe0</size>
         <input_file_ref idref="fl-ad"/>
      </object_component>
      <object_component id="oc-c8">
         <name>.text:_printf</name>
         <load_address>0x6800</load_address>
         <run_address>0x6800</run_address>
         <size>0xe0</size>
         <input_file_ref idref="fl-81"/>
      </object_component>
      <object_component id="oc-bb">
         <name>.text:_HOSTclose</name>
         <load_address>0x68e0</load_address>
         <run_address>0x68e0</run_address>
         <size>0xc0</size>
         <input_file_ref idref="fl-a1"/>
      </object_component>
      <object_component id="oc-eb">
         <name>.text:__cleanup</name>
         <load_address>0x69a0</load_address>
         <run_address>0x69a0</run_address>
         <size>0xc0</size>
         <input_file_ref idref="fl-ac"/>
      </object_component>
      <object_component id="oc-100">
         <name>.text:__divu</name>
         <load_address>0x6a60</load_address>
         <run_address>0x6a60</run_address>
         <size>0xc0</size>
         <input_file_ref idref="fl-8d"/>
      </object_component>
      <object_component id="oc-ed">
         <name>.text:__ecpy</name>
         <load_address>0x6b20</load_address>
         <run_address>0x6b20</run_address>
         <size>0xc0</size>
         <input_file_ref idref="fl-83"/>
      </object_component>
      <object_component id="oc-f0">
         <name>.text:__fcpy</name>
         <load_address>0x6be0</load_address>
         <run_address>0x6be0</run_address>
         <size>0xc0</size>
         <input_file_ref idref="fl-83"/>
      </object_component>
      <object_component id="oc-b8">
         <name>.text:_exit</name>
         <load_address>0x6ca0</load_address>
         <run_address>0x6ca0</run_address>
         <size>0xc0</size>
         <input_file_ref idref="fl-7f"/>
      </object_component>
      <object_component id="oc-e8">
         <name>.text:_lseek</name>
         <load_address>0x6d60</load_address>
         <run_address>0x6d60</run_address>
         <size>0xc0</size>
         <input_file_ref idref="fl-98"/>
      </object_component>
      <object_component id="oc-f6">
         <name>.text:_minsert</name>
         <load_address>0x6e20</load_address>
         <run_address>0x6e20</run_address>
         <size>0xc0</size>
         <input_file_ref idref="fl-ad"/>
      </object_component>
      <object_component id="oc-d6">
         <name>.text:_write</name>
         <load_address>0x6ee0</load_address>
         <run_address>0x6ee0</run_address>
         <size>0xc0</size>
         <input_file_ref idref="fl-98"/>
      </object_component>
      <object_component id="oc-106">
         <name>.text:__divli</name>
         <load_address>0x6fa0</load_address>
         <run_address>0x6fa0</run_address>
         <size>0xa0</size>
         <input_file_ref idref="fl-94"/>
      </object_component>
      <object_component id="oc-fc">
         <name>.text:__fixdi</name>
         <load_address>0x7040</load_address>
         <run_address>0x7040</run_address>
         <size>0xa0</size>
         <input_file_ref idref="fl-8e"/>
      </object_component>
      <object_component id="oc-f8">
         <name>.text:__fixdli</name>
         <load_address>0x70e0</load_address>
         <run_address>0x70e0</run_address>
         <size>0xa0</size>
         <input_file_ref idref="fl-8f"/>
      </object_component>
      <object_component id="oc-10e">
         <name>.text:__renormd</name>
         <load_address>0x7180</load_address>
         <run_address>0x7180</run_address>
         <size>0xa0</size>
         <input_file_ref idref="fl-aa"/>
      </object_component>
      <object_component id="oc-c1">
         <name>.text:_copy_in</name>
         <load_address>0x7220</load_address>
         <run_address>0x7220</run_address>
         <size>0xa0</size>
         <input_file_ref idref="fl-89"/>
      </object_component>
      <object_component id="oc-10f">
         <name>.text:_finddevice</name>
         <load_address>0x72c0</load_address>
         <run_address>0x72c0</run_address>
         <size>0xa0</size>
         <input_file_ref idref="fl-98"/>
      </object_component>
      <object_component id="oc-c3">
         <name>.text:___TI_cpp_init</name>
         <load_address>0x7360</load_address>
         <run_address>0x7360</run_address>
         <size>0x80</size>
         <input_file_ref idref="fl-88"/>
      </object_component>
      <object_component id="oc-fa">
         <name>.text:__fltlid</name>
         <load_address>0x73e0</load_address>
         <run_address>0x73e0</run_address>
         <size>0x80</size>
         <input_file_ref idref="fl-90"/>
      </object_component>
      <object_component id="oc-108">
         <name>.text:__llshl</name>
         <load_address>0x7460</load_address>
         <run_address>0x7460</run_address>
         <size>0x80</size>
         <input_file_ref idref="fl-97"/>
      </object_component>
      <object_component id="oc-f4">
         <name>.text:__mpyll</name>
         <load_address>0x74e0</load_address>
         <run_address>0x74e0</run_address>
         <size>0x80</size>
         <input_file_ref idref="fl-9d"/>
      </object_component>
      <object_component id="oc-da">
         <name>.text:_memccpy</name>
         <load_address>0x7560</load_address>
         <run_address>0x7560</run_address>
         <size>0x80</size>
         <input_file_ref idref="fl-9a"/>
      </object_component>
      <object_component id="oc-c7">
         <name>.text:_readmsg</name>
         <load_address>0x75e0</load_address>
         <run_address>0x75e0</run_address>
         <size>0x80</size>
         <input_file_ref idref="fl-a2"/>
      </object_component>
      <object_component id="oc-10b">
         <name>.text:_unlink</name>
         <load_address>0x7660</load_address>
         <run_address>0x7660</run_address>
         <size>0x80</size>
         <input_file_ref idref="fl-98"/>
      </object_component>
      <object_component id="oc-10a">
         <name>.text:__llshru</name>
         <load_address>0x76e0</load_address>
         <run_address>0x76e0</run_address>
         <size>0x60</size>
         <input_file_ref idref="fl-97"/>
      </object_component>
      <object_component id="oc-105">
         <name>.text:__remli</name>
         <load_address>0x7740</load_address>
         <run_address>0x7740</run_address>
         <size>0x60</size>
         <input_file_ref idref="fl-94"/>
      </object_component>
      <object_component id="oc-109">
         <name>.text:__subcull</name>
         <load_address>0x77a0</load_address>
         <run_address>0x77a0</run_address>
         <size>0x60</size>
         <input_file_ref idref="fl-95"/>
      </object_component>
      <object_component id="oc-2">
         <name>.text:_c_int00</name>
         <load_address>0x7800</load_address>
         <run_address>0x7800</run_address>
         <size>0x60</size>
         <input_file_ref idref="fl-7e"/>
      </object_component>
      <object_component id="oc-c6">
         <name>.text:_writemsg</name>
         <load_address>0x7860</load_address>
         <run_address>0x7860</run_address>
         <size>0x60</size>
         <input_file_ref idref="fl-a2"/>
      </object_component>
      <object_component id="oc-df">
         <name>.text:___isinf</name>
         <load_address>0x78c0</load_address>
         <run_address>0x78c0</run_address>
         <size>0x40</size>
         <input_file_ref idref="fl-96"/>
      </object_component>
      <object_component id="oc-de">
         <name>.text:___isnan</name>
         <load_address>0x7900</load_address>
         <run_address>0x7900</run_address>
         <size>0x40</size>
         <input_file_ref idref="fl-83"/>
      </object_component>
      <object_component id="oc-b7">
         <name>.text:__args_main</name>
         <load_address>0x7940</load_address>
         <run_address>0x7940</run_address>
         <size>0x40</size>
         <input_file_ref idref="fl-84"/>
      </object_component>
      <object_component id="oc-e1">
         <name>.text:__negd</name>
         <load_address>0x7980</load_address>
         <run_address>0x7980</run_address>
         <size>0x40</size>
         <input_file_ref idref="fl-9e"/>
      </object_component>
      <object_component id="oc-fb">
         <name>.text:__subd</name>
         <load_address>0x79c0</load_address>
         <run_address>0x79c0</run_address>
         <size>0x40</size>
         <input_file_ref idref="fl-a0"/>
      </object_component>
      <object_component id="oc-c4">
         <name>.text</name>
         <load_address>0x7a00</load_address>
         <run_address>0x7a00</run_address>
         <size>0x40</size>
         <input_file_ref idref="fl-3"/>
      </object_component>
      <object_component id="oc-e6">
         <name>.text:__negll</name>
         <load_address>0x7a40</load_address>
         <run_address>0x7a40</run_address>
         <size>0x20</size>
         <input_file_ref idref="fl-9f"/>
      </object_component>
      <object_component id="oc-b9">
         <name>.text:__nop</name>
         <load_address>0x7a60</load_address>
         <run_address>0x7a60</run_address>
         <size>0x20</size>
         <input_file_ref idref="fl-82"/>
      </object_component>
      <object_component id="oc-cc">
         <name>.text:__outc</name>
         <load_address>0x7a80</load_address>
         <run_address>0x7a80</run_address>
         <size>0x20</size>
         <input_file_ref idref="fl-81"/>
      </object_component>
      <object_component id="oc-ca">
         <name>.text:__outs</name>
         <load_address>0x7aa0</load_address>
         <run_address>0x7aa0</run_address>
         <size>0x20</size>
         <input_file_ref idref="fl-81"/>
      </object_component>
      <object_component id="oc-c5">
         <name>.text:_abort</name>
         <load_address>0x7ac0</load_address>
         <run_address>0x7ac0</run_address>
         <size>0x20</size>
         <input_file_ref idref="fl-7f"/>
      </object_component>
      <object_component id="oc-104">
         <name>.text:_remove</name>
         <load_address>0x7ae0</load_address>
         <run_address>0x7ae0</run_address>
         <size>0x20</size>
         <input_file_ref idref="fl-af"/>
      </object_component>
      <object_component id="oc-dd">
         <name>.const:.string:__ctypes_</name>
         <load_address>0x88c0</load_address>
         <run_address>0x88c0</run_address>
         <size>0x101</size>
         <input_file_ref idref="fl-8a"/>
      </object_component>
      <object_component id="oc-25">
         <name>.const:.string</name>
         <load_address>0x89c1</load_address>
         <run_address>0x89c1</run_address>
         <size>0x23</size>
         <input_file_ref idref="fl-83"/>
      </object_component>
      <object_component id="oc-8">
         <name>.const:.string</name>
         <load_address>0x89e4</load_address>
         <run_address>0x89e4</run_address>
         <size>0x14</size>
         <input_file_ref idref="fl-3"/>
      </object_component>
      <object_component id="oc-fe">
         <name>.const:.string:_initial_approx$1</name>
         <load_address>0x89f8</load_address>
         <run_address>0x89f8</run_address>
         <size>0x8</size>
         <input_file_ref idref="fl-8c"/>
      </object_component>
      <object_component id="oc-53">
         <name>.const:.string</name>
         <load_address>0x8a00</load_address>
         <run_address>0x8a00</run_address>
         <size>0x2</size>
         <input_file_ref idref="fl-92"/>
      </object_component>
      <object_component id="oc-3d">
         <name>.cinit</name>
         <load_address>0x8768</load_address>
         <run_address>0x8768</run_address>
         <size>0x5c</size>
         <input_file_ref idref="fl-8b"/>
      </object_component>
      <object_component id="oc-66">
         <name>.cinit</name>
         <load_address>0x87c8</load_address>
         <run_address>0x87c8</run_address>
         <size>0x5c</size>
         <input_file_ref idref="fl-98"/>
      </object_component>
      <object_component id="oc-15">
         <name>.cinit</name>
         <load_address>0x8828</load_address>
         <run_address>0x8828</run_address>
         <size>0x2c</size>
         <input_file_ref idref="fl-7f"/>
      </object_component>
      <object_component id="oc-ab">
         <name>.cinit</name>
         <load_address>0x8858</load_address>
         <run_address>0x8858</run_address>
         <size>0x2c</size>
         <input_file_ref idref="fl-ad"/>
      </object_component>
      <object_component id="oc-20">
         <name>.cinit</name>
         <load_address>0x8888</load_address>
         <run_address>0x8888</run_address>
         <size>0x1c</size>
         <input_file_ref idref="fl-82"/>
      </object_component>
      <object_component id="oc-a6">
         <name>.cinit</name>
         <load_address>0x88a8</load_address>
         <run_address>0x88a8</run_address>
         <size>0xc</size>
         <input_file_ref idref="fl-ac"/>
      </object_component>
      <object_component id="oc-11">
         <name>.stack</name>
         <uninitialized>true</uninitialized>
         <run_address>0x7f68</run_address>
         <size>0x8</size>
         <input_file_ref idref="fl-7e"/>
      </object_component>
      <object_component id="oc-133">
         <name>.stack</name>
         <uninitialized>true</uninitialized>
         <run_address>0x7f68</run_address>
         <size>0x0</size>
      </object_component>
      <object_component id="oc-ad">
         <name>.sysmem</name>
         <uninitialized>true</uninitialized>
         <run_address>0x8368</run_address>
         <size>0x8</size>
         <input_file_ref idref="fl-ad"/>
      </object_component>
      <object_component id="oc-134">
         <name>.sysmem</name>
         <uninitialized>true</uninitialized>
         <run_address>0x8368</run_address>
         <size>0x0</size>
      </object_component>
      <object_component id="oc-16">
         <name>.far</name>
         <uninitialized>true</uninitialized>
         <run_address>0x7f44</run_address>
         <size>0xc</size>
         <input_file_ref idref="fl-7f"/>
      </object_component>
      <object_component id="oc-21">
         <name>.far</name>
         <uninitialized>true</uninitialized>
         <run_address>0x7f50</run_address>
         <size>0x8</size>
         <input_file_ref idref="fl-82"/>
      </object_component>
      <object_component id="oc-3e">
         <name>.far</name>
         <uninitialized>true</uninitialized>
         <run_address>0x7b00</run_address>
         <size>0x324</size>
         <input_file_ref idref="fl-8b"/>
      </object_component>
      <object_component id="oc-67">
         <name>.far</name>
         <uninitialized>true</uninitialized>
         <run_address>0x7e28</run_address>
         <size>0x11c</size>
         <input_file_ref idref="fl-98"/>
      </object_component>
      <object_component id="oc-83">
         <name>.far</name>
         <uninitialized>true</uninitialized>
         <run_address>0x7f60</run_address>
         <size>0x8</size>
         <input_file_ref idref="fl-a1"/>
      </object_component>
      <object_component id="oc-a7">
         <name>.far</name>
         <uninitialized>true</uninitialized>
         <run_address>0x7e24</run_address>
         <size>0x4</size>
         <input_file_ref idref="fl-ac"/>
      </object_component>
      <object_component id="oc-ac">
         <name>.far</name>
         <uninitialized>true</uninitialized>
         <run_address>0x7f58</run_address>
         <size>0x8</size>
         <input_file_ref idref="fl-ad"/>
      </object_component>
      <object_component id="oc-87">
         <name>.cio</name>
         <uninitialized>true</uninitialized>
         <run_address>0x8a08</run_address>
         <size>0x120</size>
         <input_file_ref idref="fl-a2"/>
      </object_component>
      <object_component id="oc-3">
         <name>.debug_info</name>
         <load_address>0x0</load_address>
         <run_address>0x0</run_address>
         <size>0x82f</size>
         <input_file_ref idref="fl-2"/>
      </object_component>
      <object_component id="oc-7">
         <name>.debug_info</name>
         <load_address>0x82f</load_address>
         <run_address>0x82f</run_address>
         <size>0x6e4</size>
         <input_file_ref idref="fl-3"/>
      </object_component>
      <object_component id="oc-d">
         <name>.debug_info</name>
         <load_address>0xf13</load_address>
         <run_address>0xf13</run_address>
         <size>0xc9</size>
         <input_file_ref idref="fl-4"/>
      </object_component>
      <object_component id="oc-10">
         <name>.debug_info</name>
         <load_address>0xfdc</load_address>
         <run_address>0xfdc</run_address>
         <size>0x6f5</size>
         <input_file_ref idref="fl-7e"/>
      </object_component>
      <object_component id="oc-14">
         <name>.debug_info</name>
         <load_address>0x16d1</load_address>
         <run_address>0x16d1</run_address>
         <size>0x7c2</size>
         <input_file_ref idref="fl-7f"/>
      </object_component>
      <object_component id="oc-19">
         <name>.debug_info</name>
         <load_address>0x1e93</load_address>
         <run_address>0x1e93</run_address>
         <size>0x7a0</size>
         <input_file_ref idref="fl-80"/>
      </object_component>
      <object_component id="oc-1c">
         <name>.debug_info</name>
         <load_address>0x2633</load_address>
         <run_address>0x2633</run_address>
         <size>0x8ec</size>
         <input_file_ref idref="fl-81"/>
      </object_component>
      <object_component id="oc-1f">
         <name>.debug_info</name>
         <load_address>0x2f1f</load_address>
         <run_address>0x2f1f</run_address>
         <size>0x636</size>
         <input_file_ref idref="fl-82"/>
      </object_component>
      <object_component id="oc-24">
         <name>.debug_info</name>
         <load_address>0x3555</load_address>
         <run_address>0x3555</run_address>
         <size>0x292c</size>
         <input_file_ref idref="fl-83"/>
      </object_component>
      <object_component id="oc-28">
         <name>.debug_info</name>
         <load_address>0x5e81</load_address>
         <run_address>0x5e81</run_address>
         <size>0x6cb</size>
         <input_file_ref idref="fl-84"/>
      </object_component>
      <object_component id="oc-2b">
         <name>.debug_info</name>
         <load_address>0x654c</load_address>
         <run_address>0x654c</run_address>
         <size>0x6d8</size>
         <input_file_ref idref="fl-85"/>
      </object_component>
      <object_component id="oc-2e">
         <name>.debug_info</name>
         <load_address>0x6c24</load_address>
         <run_address>0x6c24</run_address>
         <size>0x841</size>
         <input_file_ref idref="fl-86"/>
      </object_component>
      <object_component id="oc-31">
         <name>.debug_info</name>
         <load_address>0x7465</load_address>
         <run_address>0x7465</run_address>
         <size>0x68f</size>
         <input_file_ref idref="fl-87"/>
      </object_component>
      <object_component id="oc-34">
         <name>.debug_info</name>
         <load_address>0x7af4</load_address>
         <run_address>0x7af4</run_address>
         <size>0x6b9</size>
         <input_file_ref idref="fl-88"/>
      </object_component>
      <object_component id="oc-37">
         <name>.debug_info</name>
         <load_address>0x81ad</load_address>
         <run_address>0x81ad</run_address>
         <size>0x7af</size>
         <input_file_ref idref="fl-89"/>
      </object_component>
      <object_component id="oc-3a">
         <name>.debug_info</name>
         <load_address>0x895c</load_address>
         <run_address>0x895c</run_address>
         <size>0x5e4</size>
         <input_file_ref idref="fl-8a"/>
      </object_component>
      <object_component id="oc-3c">
         <name>.debug_info</name>
         <load_address>0x8f40</load_address>
         <run_address>0x8f40</run_address>
         <size>0x6d1</size>
         <input_file_ref idref="fl-8b"/>
      </object_component>
      <object_component id="oc-40">
         <name>.debug_info</name>
         <load_address>0x9611</load_address>
         <run_address>0x9611</run_address>
         <size>0x993</size>
         <input_file_ref idref="fl-8c"/>
      </object_component>
      <object_component id="oc-43">
         <name>.debug_info</name>
         <load_address>0x9fa4</load_address>
         <run_address>0x9fa4</run_address>
         <size>0xbc</size>
         <input_file_ref idref="fl-8d"/>
      </object_component>
      <object_component id="oc-46">
         <name>.debug_info</name>
         <load_address>0xa060</load_address>
         <run_address>0xa060</run_address>
         <size>0x67e</size>
         <input_file_ref idref="fl-8e"/>
      </object_component>
      <object_component id="oc-49">
         <name>.debug_info</name>
         <load_address>0xa6de</load_address>
         <run_address>0xa6de</run_address>
         <size>0x681</size>
         <input_file_ref idref="fl-8f"/>
      </object_component>
      <object_component id="oc-4c">
         <name>.debug_info</name>
         <load_address>0xad5f</load_address>
         <run_address>0xad5f</run_address>
         <size>0x69a</size>
         <input_file_ref idref="fl-90"/>
      </object_component>
      <object_component id="oc-4f">
         <name>.debug_info</name>
         <load_address>0xb3f9</load_address>
         <run_address>0xb3f9</run_address>
         <size>0x814</size>
         <input_file_ref idref="fl-91"/>
      </object_component>
      <object_component id="oc-52">
         <name>.debug_info</name>
         <load_address>0xbc0d</load_address>
         <run_address>0xbc0d</run_address>
         <size>0xab3</size>
         <input_file_ref idref="fl-92"/>
      </object_component>
      <object_component id="oc-56">
         <name>.debug_info</name>
         <load_address>0xc6c0</load_address>
         <run_address>0xc6c0</run_address>
         <size>0x68e</size>
         <input_file_ref idref="fl-93"/>
      </object_component>
      <object_component id="oc-59">
         <name>.debug_info</name>
         <load_address>0xcd4e</load_address>
         <run_address>0xcd4e</run_address>
         <size>0x78d</size>
         <input_file_ref idref="fl-94"/>
      </object_component>
      <object_component id="oc-5c">
         <name>.debug_info</name>
         <load_address>0xd4db</load_address>
         <run_address>0xd4db</run_address>
         <size>0x788</size>
         <input_file_ref idref="fl-95"/>
      </object_component>
      <object_component id="oc-5f">
         <name>.debug_info</name>
         <load_address>0xdc63</load_address>
         <run_address>0xdc63</run_address>
         <size>0x800</size>
         <input_file_ref idref="fl-96"/>
      </object_component>
      <object_component id="oc-62">
         <name>.debug_info</name>
         <load_address>0xe463</load_address>
         <run_address>0xe463</run_address>
         <size>0x6eb</size>
         <input_file_ref idref="fl-97"/>
      </object_component>
      <object_component id="oc-65">
         <name>.debug_info</name>
         <load_address>0xeb4e</load_address>
         <run_address>0xeb4e</run_address>
         <size>0xe73</size>
         <input_file_ref idref="fl-98"/>
      </object_component>
      <object_component id="oc-6a">
         <name>.debug_info</name>
         <load_address>0xf9c1</load_address>
         <run_address>0xf9c1</run_address>
         <size>0x719</size>
         <input_file_ref idref="fl-99"/>
      </object_component>
      <object_component id="oc-6d">
         <name>.debug_info</name>
         <load_address>0x100da</load_address>
         <run_address>0x100da</run_address>
         <size>0x6bc</size>
         <input_file_ref idref="fl-9a"/>
      </object_component>
      <object_component id="oc-70">
         <name>.debug_info</name>
         <load_address>0x10796</load_address>
         <run_address>0x10796</run_address>
         <size>0xcb</size>
         <input_file_ref idref="fl-9b"/>
      </object_component>
      <object_component id="oc-73">
         <name>.debug_info</name>
         <load_address>0x10861</load_address>
         <run_address>0x10861</run_address>
         <size>0x6cf</size>
         <input_file_ref idref="fl-9c"/>
      </object_component>
      <object_component id="oc-76">
         <name>.debug_info</name>
         <load_address>0x10f30</load_address>
         <run_address>0x10f30</run_address>
         <size>0x6a1</size>
         <input_file_ref idref="fl-9d"/>
      </object_component>
      <object_component id="oc-79">
         <name>.debug_info</name>
         <load_address>0x115d1</load_address>
         <run_address>0x115d1</run_address>
         <size>0x607</size>
         <input_file_ref idref="fl-9e"/>
      </object_component>
      <object_component id="oc-7c">
         <name>.debug_info</name>
         <load_address>0x11bd8</load_address>
         <run_address>0x11bd8</run_address>
         <size>0x602</size>
         <input_file_ref idref="fl-9f"/>
      </object_component>
      <object_component id="oc-7f">
         <name>.debug_info</name>
         <load_address>0x121da</load_address>
         <run_address>0x121da</run_address>
         <size>0x62e</size>
         <input_file_ref idref="fl-a0"/>
      </object_component>
      <object_component id="oc-82">
         <name>.debug_info</name>
         <load_address>0x12808</load_address>
         <run_address>0x12808</run_address>
         <size>0xdc6</size>
         <input_file_ref idref="fl-a1"/>
      </object_component>
      <object_component id="oc-86">
         <name>.debug_info</name>
         <load_address>0x135ce</load_address>
         <run_address>0x135ce</run_address>
         <size>0x853</size>
         <input_file_ref idref="fl-a2"/>
      </object_component>
      <object_component id="oc-8a">
         <name>.debug_info</name>
         <load_address>0x13e21</load_address>
         <run_address>0x13e21</run_address>
         <size>0x744</size>
         <input_file_ref idref="fl-a3"/>
      </object_component>
      <object_component id="oc-8d">
         <name>.debug_info</name>
         <load_address>0x14565</load_address>
         <run_address>0x14565</run_address>
         <size>0x5b6</size>
         <input_file_ref idref="fl-a4"/>
      </object_component>
      <object_component id="oc-90">
         <name>.debug_info</name>
         <load_address>0x14b1b</load_address>
         <run_address>0x14b1b</run_address>
         <size>0x6d4</size>
         <input_file_ref idref="fl-a5"/>
      </object_component>
      <object_component id="oc-93">
         <name>.debug_info</name>
         <load_address>0x151ef</load_address>
         <run_address>0x151ef</run_address>
         <size>0x76b</size>
         <input_file_ref idref="fl-a6"/>
      </object_component>
      <object_component id="oc-96">
         <name>.debug_info</name>
         <load_address>0x1595a</load_address>
         <run_address>0x1595a</run_address>
         <size>0x6e0</size>
         <input_file_ref idref="fl-a7"/>
      </object_component>
      <object_component id="oc-99">
         <name>.debug_info</name>
         <load_address>0x1603a</load_address>
         <run_address>0x1603a</run_address>
         <size>0x71c</size>
         <input_file_ref idref="fl-a8"/>
      </object_component>
      <object_component id="oc-9c">
         <name>.debug_info</name>
         <load_address>0x16756</load_address>
         <run_address>0x16756</run_address>
         <size>0x7a3</size>
         <input_file_ref idref="fl-a9"/>
      </object_component>
      <object_component id="oc-9f">
         <name>.debug_info</name>
         <load_address>0x16ef9</load_address>
         <run_address>0x16ef9</run_address>
         <size>0x6f8</size>
         <input_file_ref idref="fl-aa"/>
      </object_component>
      <object_component id="oc-a2">
         <name>.debug_info</name>
         <load_address>0x175f1</load_address>
         <run_address>0x175f1</run_address>
         <size>0x7f6</size>
         <input_file_ref idref="fl-ab"/>
      </object_component>
      <object_component id="oc-a5">
         <name>.debug_info</name>
         <load_address>0x17de7</load_address>
         <run_address>0x17de7</run_address>
         <size>0x855</size>
         <input_file_ref idref="fl-ac"/>
      </object_component>
      <object_component id="oc-aa">
         <name>.debug_info</name>
         <load_address>0x1863c</load_address>
         <run_address>0x1863c</run_address>
         <size>0xac2</size>
         <input_file_ref idref="fl-ad"/>
      </object_component>
      <object_component id="oc-b0">
         <name>.debug_info</name>
         <load_address>0x190fe</load_address>
         <run_address>0x190fe</run_address>
         <size>0x7f0</size>
         <input_file_ref idref="fl-ae"/>
      </object_component>
      <object_component id="oc-b3">
         <name>.debug_info</name>
         <load_address>0x198ee</load_address>
         <run_address>0x198ee</run_address>
         <size>0x64e</size>
         <input_file_ref idref="fl-af"/>
      </object_component>
      <object_component id="oc-16a">
         <name>.debug_info</name>
         <load_address>0x19f3c</load_address>
         <run_address>0x19f3c</run_address>
         <size>0x6d</size>
      </object_component>
      <object_component id="oc-4">
         <name>.debug_frame</name>
         <load_address>0x0</load_address>
         <run_address>0x0</run_address>
         <size>0x261</size>
         <input_file_ref idref="fl-2"/>
      </object_component>
      <object_component id="oc-9">
         <name>.debug_frame</name>
         <load_address>0x261</load_address>
         <run_address>0x261</run_address>
         <size>0x259</size>
         <input_file_ref idref="fl-3"/>
      </object_component>
      <object_component id="oc-5">
         <name>.debug_line</name>
         <load_address>0x0</load_address>
         <run_address>0x0</run_address>
         <size>0x6e</size>
         <input_file_ref idref="fl-2"/>
      </object_component>
      <object_component id="oc-a">
         <name>.debug_line</name>
         <load_address>0x6e</load_address>
         <run_address>0x6e</run_address>
         <size>0x40</size>
         <input_file_ref idref="fl-3"/>
      </object_component>
      <object_component id="oc-e">
         <name>.debug_line</name>
         <load_address>0xae</load_address>
         <run_address>0xae</run_address>
         <size>0x77</size>
         <input_file_ref idref="fl-4"/>
      </object_component>
      <object_component id="oc-12">
         <name>.debug_line</name>
         <load_address>0x125</load_address>
         <run_address>0x125</run_address>
         <size>0x3d</size>
         <input_file_ref idref="fl-7e"/>
      </object_component>
      <object_component id="oc-17">
         <name>.debug_line</name>
         <load_address>0x162</load_address>
         <run_address>0x162</run_address>
         <size>0x4f</size>
         <input_file_ref idref="fl-7f"/>
      </object_component>
      <object_component id="oc-1a">
         <name>.debug_line</name>
         <load_address>0x1b1</load_address>
         <run_address>0x1b1</run_address>
         <size>0x46</size>
         <input_file_ref idref="fl-80"/>
      </object_component>
      <object_component id="oc-1d">
         <name>.debug_line</name>
         <load_address>0x1f7</load_address>
         <run_address>0x1f7</run_address>
         <size>0x6a</size>
         <input_file_ref idref="fl-81"/>
      </object_component>
      <object_component id="oc-22">
         <name>.debug_line</name>
         <load_address>0x261</load_address>
         <run_address>0x261</run_address>
         <size>0x35</size>
         <input_file_ref idref="fl-82"/>
      </object_component>
      <object_component id="oc-26">
         <name>.debug_line</name>
         <load_address>0x296</load_address>
         <run_address>0x296</run_address>
         <size>0x315</size>
         <input_file_ref idref="fl-83"/>
      </object_component>
      <object_component id="oc-29">
         <name>.debug_line</name>
         <load_address>0x5ab</load_address>
         <run_address>0x5ab</run_address>
         <size>0x41</size>
         <input_file_ref idref="fl-84"/>
      </object_component>
      <object_component id="oc-2c">
         <name>.debug_line</name>
         <load_address>0x5ec</load_address>
         <run_address>0x5ec</run_address>
         <size>0x3f</size>
         <input_file_ref idref="fl-85"/>
      </object_component>
      <object_component id="oc-2f">
         <name>.debug_line</name>
         <load_address>0x62b</load_address>
         <run_address>0x62b</run_address>
         <size>0x47</size>
         <input_file_ref idref="fl-86"/>
      </object_component>
      <object_component id="oc-32">
         <name>.debug_line</name>
         <load_address>0x672</load_address>
         <run_address>0x672</run_address>
         <size>0x37</size>
         <input_file_ref idref="fl-87"/>
      </object_component>
      <object_component id="oc-35">
         <name>.debug_line</name>
         <load_address>0x6a9</load_address>
         <run_address>0x6a9</run_address>
         <size>0x45</size>
         <input_file_ref idref="fl-88"/>
      </object_component>
      <object_component id="oc-38">
         <name>.debug_line</name>
         <load_address>0x6ee</load_address>
         <run_address>0x6ee</run_address>
         <size>0x44</size>
         <input_file_ref idref="fl-89"/>
      </object_component>
      <object_component id="oc-41">
         <name>.debug_line</name>
         <load_address>0x732</load_address>
         <run_address>0x732</run_address>
         <size>0x5a</size>
         <input_file_ref idref="fl-8c"/>
      </object_component>
      <object_component id="oc-44">
         <name>.debug_line</name>
         <load_address>0x78c</load_address>
         <run_address>0x78c</run_address>
         <size>0x44</size>
         <input_file_ref idref="fl-8d"/>
      </object_component>
      <object_component id="oc-47">
         <name>.debug_line</name>
         <load_address>0x7d0</load_address>
         <run_address>0x7d0</run_address>
         <size>0x3d</size>
         <input_file_ref idref="fl-8e"/>
      </object_component>
      <object_component id="oc-4a">
         <name>.debug_line</name>
         <load_address>0x80d</load_address>
         <run_address>0x80d</run_address>
         <size>0x3d</size>
         <input_file_ref idref="fl-8f"/>
      </object_component>
      <object_component id="oc-4d">
         <name>.debug_line</name>
         <load_address>0x84a</load_address>
         <run_address>0x84a</run_address>
         <size>0x3d</size>
         <input_file_ref idref="fl-90"/>
      </object_component>
      <object_component id="oc-50">
         <name>.debug_line</name>
         <load_address>0x887</load_address>
         <run_address>0x887</run_address>
         <size>0x3f</size>
         <input_file_ref idref="fl-91"/>
      </object_component>
      <object_component id="oc-54">
         <name>.debug_line</name>
         <load_address>0x8c6</load_address>
         <run_address>0x8c6</run_address>
         <size>0x92</size>
         <input_file_ref idref="fl-92"/>
      </object_component>
      <object_component id="oc-57">
         <name>.debug_line</name>
         <load_address>0x958</load_address>
         <run_address>0x958</run_address>
         <size>0x3e</size>
         <input_file_ref idref="fl-93"/>
      </object_component>
      <object_component id="oc-5a">
         <name>.debug_line</name>
         <load_address>0x996</load_address>
         <run_address>0x996</run_address>
         <size>0x73</size>
         <input_file_ref idref="fl-94"/>
      </object_component>
      <object_component id="oc-5d">
         <name>.debug_line</name>
         <load_address>0xa09</load_address>
         <run_address>0xa09</run_address>
         <size>0x5e</size>
         <input_file_ref idref="fl-95"/>
      </object_component>
      <object_component id="oc-60">
         <name>.debug_line</name>
         <load_address>0xa67</load_address>
         <run_address>0xa67</run_address>
         <size>0x38</size>
         <input_file_ref idref="fl-96"/>
      </object_component>
      <object_component id="oc-63">
         <name>.debug_line</name>
         <load_address>0xa9f</load_address>
         <run_address>0xa9f</run_address>
         <size>0x56</size>
         <input_file_ref idref="fl-97"/>
      </object_component>
      <object_component id="oc-68">
         <name>.debug_line</name>
         <load_address>0xaf5</load_address>
         <run_address>0xaf5</run_address>
         <size>0xf5</size>
         <input_file_ref idref="fl-98"/>
      </object_component>
      <object_component id="oc-6b">
         <name>.debug_line</name>
         <load_address>0xbea</load_address>
         <run_address>0xbea</run_address>
         <size>0x40</size>
         <input_file_ref idref="fl-99"/>
      </object_component>
      <object_component id="oc-6e">
         <name>.debug_line</name>
         <load_address>0xc2a</load_address>
         <run_address>0xc2a</run_address>
         <size>0x3f</size>
         <input_file_ref idref="fl-9a"/>
      </object_component>
      <object_component id="oc-71">
         <name>.debug_line</name>
         <load_address>0xc69</load_address>
         <run_address>0xc69</run_address>
         <size>0x4f</size>
         <input_file_ref idref="fl-9b"/>
      </object_component>
      <object_component id="oc-74">
         <name>.debug_line</name>
         <load_address>0xcb8</load_address>
         <run_address>0xcb8</run_address>
         <size>0x3c</size>
         <input_file_ref idref="fl-9c"/>
      </object_component>
      <object_component id="oc-77">
         <name>.debug_line</name>
         <load_address>0xcf4</load_address>
         <run_address>0xcf4</run_address>
         <size>0x3d</size>
         <input_file_ref idref="fl-9d"/>
      </object_component>
      <object_component id="oc-7a">
         <name>.debug_line</name>
         <load_address>0xd31</load_address>
         <run_address>0xd31</run_address>
         <size>0x37</size>
         <input_file_ref idref="fl-9e"/>
      </object_component>
      <object_component id="oc-7d">
         <name>.debug_line</name>
         <load_address>0xd68</load_address>
         <run_address>0xd68</run_address>
         <size>0x37</size>
         <input_file_ref idref="fl-9f"/>
      </object_component>
      <object_component id="oc-80">
         <name>.debug_line</name>
         <load_address>0xd9f</load_address>
         <run_address>0xd9f</run_address>
         <size>0x37</size>
         <input_file_ref idref="fl-a0"/>
      </object_component>
      <object_component id="oc-84">
         <name>.debug_line</name>
         <load_address>0xdd6</load_address>
         <run_address>0xdd6</run_address>
         <size>0x122</size>
         <input_file_ref idref="fl-a1"/>
      </object_component>
      <object_component id="oc-88">
         <name>.debug_line</name>
         <load_address>0xef8</load_address>
         <run_address>0xef8</run_address>
         <size>0x60</size>
         <input_file_ref idref="fl-a2"/>
      </object_component>
      <object_component id="oc-8b">
         <name>.debug_line</name>
         <load_address>0xf58</load_address>
         <run_address>0xf58</run_address>
         <size>0x40</size>
         <input_file_ref idref="fl-a3"/>
      </object_component>
      <object_component id="oc-8e">
         <name>.debug_line</name>
         <load_address>0xf98</load_address>
         <run_address>0xf98</run_address>
         <size>0x23</size>
         <input_file_ref idref="fl-a4"/>
      </object_component>
      <object_component id="oc-91">
         <name>.debug_line</name>
         <load_address>0xfbb</load_address>
         <run_address>0xfbb</run_address>
         <size>0x3c</size>
         <input_file_ref idref="fl-a5"/>
      </object_component>
      <object_component id="oc-94">
         <name>.debug_line</name>
         <load_address>0xff7</load_address>
         <run_address>0xff7</run_address>
         <size>0x3e</size>
         <input_file_ref idref="fl-a6"/>
      </object_component>
      <object_component id="oc-97">
         <name>.debug_line</name>
         <load_address>0x1035</load_address>
         <run_address>0x1035</run_address>
         <size>0x3f</size>
         <input_file_ref idref="fl-a7"/>
      </object_component>
      <object_component id="oc-9a">
         <name>.debug_line</name>
         <load_address>0x1074</load_address>
         <run_address>0x1074</run_address>
         <size>0x3a</size>
         <input_file_ref idref="fl-a8"/>
      </object_component>
      <object_component id="oc-9d">
         <name>.debug_line</name>
         <load_address>0x10ae</load_address>
         <run_address>0x10ae</run_address>
         <size>0x3c</size>
         <input_file_ref idref="fl-a9"/>
      </object_component>
      <object_component id="oc-a0">
         <name>.debug_line</name>
         <load_address>0x10ea</load_address>
         <run_address>0x10ea</run_address>
         <size>0x53</size>
         <input_file_ref idref="fl-aa"/>
      </object_component>
      <object_component id="oc-a3">
         <name>.debug_line</name>
         <load_address>0x113d</load_address>
         <run_address>0x113d</run_address>
         <size>0x40</size>
         <input_file_ref idref="fl-ab"/>
      </object_component>
      <object_component id="oc-a8">
         <name>.debug_line</name>
         <load_address>0x117d</load_address>
         <run_address>0x117d</run_address>
         <size>0x42</size>
         <input_file_ref idref="fl-ac"/>
      </object_component>
      <object_component id="oc-ae">
         <name>.debug_line</name>
         <load_address>0x11bf</load_address>
         <run_address>0x11bf</run_address>
         <size>0xa7</size>
         <input_file_ref idref="fl-ad"/>
      </object_component>
      <object_component id="oc-b1">
         <name>.debug_line</name>
         <load_address>0x1266</load_address>
         <run_address>0x1266</run_address>
         <size>0x3e</size>
         <input_file_ref idref="fl-ae"/>
      </object_component>
      <object_component id="oc-b4">
         <name>.debug_line</name>
         <load_address>0x12a4</load_address>
         <run_address>0x12a4</run_address>
         <size>0x39</size>
         <input_file_ref idref="fl-af"/>
      </object_component>
      <object_component id="oc-6">
         <name>.debug_abbrev</name>
         <load_address>0x0</load_address>
         <run_address>0x0</run_address>
         <size>0xc4</size>
         <input_file_ref idref="fl-2"/>
      </object_component>
      <object_component id="oc-b">
         <name>.debug_abbrev</name>
         <load_address>0xc4</load_address>
         <run_address>0xc4</run_address>
         <size>0xc4</size>
         <input_file_ref idref="fl-3"/>
      </object_component>
      <object_component id="oc-f">
         <name>.debug_abbrev</name>
         <load_address>0x188</load_address>
         <run_address>0x188</run_address>
         <size>0x20</size>
         <input_file_ref idref="fl-4"/>
      </object_component>
      <object_component id="oc-13">
         <name>.debug_abbrev</name>
         <load_address>0x1a8</load_address>
         <run_address>0x1a8</run_address>
         <size>0xfe</size>
         <input_file_ref idref="fl-7e"/>
      </object_component>
      <object_component id="oc-18">
         <name>.debug_abbrev</name>
         <load_address>0x2a6</load_address>
         <run_address>0x2a6</run_address>
         <size>0x119</size>
         <input_file_ref idref="fl-7f"/>
      </object_component>
      <object_component id="oc-1b">
         <name>.debug_abbrev</name>
         <load_address>0x3bf</load_address>
         <run_address>0x3bf</run_address>
         <size>0xd0</size>
         <input_file_ref idref="fl-80"/>
      </object_component>
      <object_component id="oc-1e">
         <name>.debug_abbrev</name>
         <load_address>0x48f</load_address>
         <run_address>0x48f</run_address>
         <size>0x161</size>
         <input_file_ref idref="fl-81"/>
      </object_component>
      <object_component id="oc-23">
         <name>.debug_abbrev</name>
         <load_address>0x5f0</load_address>
         <run_address>0x5f0</run_address>
         <size>0x9f</size>
         <input_file_ref idref="fl-82"/>
      </object_component>
      <object_component id="oc-27">
         <name>.debug_abbrev</name>
         <load_address>0x68f</load_address>
         <run_address>0x68f</run_address>
         <size>0x1d1</size>
         <input_file_ref idref="fl-83"/>
      </object_component>
      <object_component id="oc-2a">
         <name>.debug_abbrev</name>
         <load_address>0x860</load_address>
         <run_address>0x860</run_address>
         <size>0xe1</size>
         <input_file_ref idref="fl-84"/>
      </object_component>
      <object_component id="oc-2d">
         <name>.debug_abbrev</name>
         <load_address>0x941</load_address>
         <run_address>0x941</run_address>
         <size>0xcc</size>
         <input_file_ref idref="fl-85"/>
      </object_component>
      <object_component id="oc-30">
         <name>.debug_abbrev</name>
         <load_address>0xa0d</load_address>
         <run_address>0xa0d</run_address>
         <size>0x13f</size>
         <input_file_ref idref="fl-86"/>
      </object_component>
      <object_component id="oc-33">
         <name>.debug_abbrev</name>
         <load_address>0xb4c</load_address>
         <run_address>0xb4c</run_address>
         <size>0xac</size>
         <input_file_ref idref="fl-87"/>
      </object_component>
      <object_component id="oc-36">
         <name>.debug_abbrev</name>
         <load_address>0xbf8</load_address>
         <run_address>0xbf8</run_address>
         <size>0xdd</size>
         <input_file_ref idref="fl-88"/>
      </object_component>
      <object_component id="oc-39">
         <name>.debug_abbrev</name>
         <load_address>0xcd5</load_address>
         <run_address>0xcd5</run_address>
         <size>0x10c</size>
         <input_file_ref idref="fl-89"/>
      </object_component>
      <object_component id="oc-3b">
         <name>.debug_abbrev</name>
         <load_address>0xde1</load_address>
         <run_address>0xde1</run_address>
         <size>0x5f</size>
         <input_file_ref idref="fl-8a"/>
      </object_component>
      <object_component id="oc-3f">
         <name>.debug_abbrev</name>
         <load_address>0xe40</load_address>
         <run_address>0xe40</run_address>
         <size>0x8e</size>
         <input_file_ref idref="fl-8b"/>
      </object_component>
      <object_component id="oc-42">
         <name>.debug_abbrev</name>
         <load_address>0xece</load_address>
         <run_address>0xece</run_address>
         <size>0x112</size>
         <input_file_ref idref="fl-8c"/>
      </object_component>
      <object_component id="oc-45">
         <name>.debug_abbrev</name>
         <load_address>0xfe0</load_address>
         <run_address>0xfe0</run_address>
         <size>0x3a</size>
         <input_file_ref idref="fl-8d"/>
      </object_component>
      <object_component id="oc-48">
         <name>.debug_abbrev</name>
         <load_address>0x101a</load_address>
         <run_address>0x101a</run_address>
         <size>0xac</size>
         <input_file_ref idref="fl-8e"/>
      </object_component>
      <object_component id="oc-4b">
         <name>.debug_abbrev</name>
         <load_address>0x10c6</load_address>
         <run_address>0x10c6</run_address>
         <size>0xac</size>
         <input_file_ref idref="fl-8f"/>
      </object_component>
      <object_component id="oc-4e">
         <name>.debug_abbrev</name>
         <load_address>0x1172</load_address>
         <run_address>0x1172</run_address>
         <size>0xc3</size>
         <input_file_ref idref="fl-90"/>
      </object_component>
      <object_component id="oc-51">
         <name>.debug_abbrev</name>
         <load_address>0x1235</load_address>
         <run_address>0x1235</run_address>
         <size>0x11f</size>
         <input_file_ref idref="fl-91"/>
      </object_component>
      <object_component id="oc-55">
         <name>.debug_abbrev</name>
         <load_address>0x1354</load_address>
         <run_address>0x1354</run_address>
         <size>0x14b</size>
         <input_file_ref idref="fl-92"/>
      </object_component>
      <object_component id="oc-58">
         <name>.debug_abbrev</name>
         <load_address>0x149f</load_address>
         <run_address>0x149f</run_address>
         <size>0x9a</size>
         <input_file_ref idref="fl-93"/>
      </object_component>
      <object_component id="oc-5b">
         <name>.debug_abbrev</name>
         <load_address>0x1539</load_address>
         <run_address>0x1539</run_address>
         <size>0xc3</size>
         <input_file_ref idref="fl-94"/>
      </object_component>
      <object_component id="oc-5e">
         <name>.debug_abbrev</name>
         <load_address>0x15fc</load_address>
         <run_address>0x15fc</run_address>
         <size>0xc3</size>
         <input_file_ref idref="fl-95"/>
      </object_component>
      <object_component id="oc-61">
         <name>.debug_abbrev</name>
         <load_address>0x16bf</load_address>
         <run_address>0x16bf</run_address>
         <size>0xd0</size>
         <input_file_ref idref="fl-96"/>
      </object_component>
      <object_component id="oc-64">
         <name>.debug_abbrev</name>
         <load_address>0x178f</load_address>
         <run_address>0x178f</run_address>
         <size>0xa3</size>
         <input_file_ref idref="fl-97"/>
      </object_component>
      <object_component id="oc-69">
         <name>.debug_abbrev</name>
         <load_address>0x1832</load_address>
         <run_address>0x1832</run_address>
         <size>0x215</size>
         <input_file_ref idref="fl-98"/>
      </object_component>
      <object_component id="oc-6c">
         <name>.debug_abbrev</name>
         <load_address>0x1a47</load_address>
         <run_address>0x1a47</run_address>
         <size>0xe3</size>
         <input_file_ref idref="fl-99"/>
      </object_component>
      <object_component id="oc-6f">
         <name>.debug_abbrev</name>
         <load_address>0x1b2a</load_address>
         <run_address>0x1b2a</run_address>
         <size>0xae</size>
         <input_file_ref idref="fl-9a"/>
      </object_component>
      <object_component id="oc-72">
         <name>.debug_abbrev</name>
         <load_address>0x1bd8</load_address>
         <run_address>0x1bd8</run_address>
         <size>0x3a</size>
         <input_file_ref idref="fl-9b"/>
      </object_component>
      <object_component id="oc-75">
         <name>.debug_abbrev</name>
         <load_address>0x1c12</load_address>
         <run_address>0x1c12</run_address>
         <size>0xda</size>
         <input_file_ref idref="fl-9c"/>
      </object_component>
      <object_component id="oc-78">
         <name>.debug_abbrev</name>
         <load_address>0x1cec</load_address>
         <run_address>0x1cec</run_address>
         <size>0xa3</size>
         <input_file_ref idref="fl-9d"/>
      </object_component>
      <object_component id="oc-7b">
         <name>.debug_abbrev</name>
         <load_address>0x1d8f</load_address>
         <run_address>0x1d8f</run_address>
         <size>0x81</size>
         <input_file_ref idref="fl-9e"/>
      </object_component>
      <object_component id="oc-7e">
         <name>.debug_abbrev</name>
         <load_address>0x1e10</load_address>
         <run_address>0x1e10</run_address>
         <size>0x71</size>
         <input_file_ref idref="fl-9f"/>
      </object_component>
      <object_component id="oc-81">
         <name>.debug_abbrev</name>
         <load_address>0x1e81</load_address>
         <run_address>0x1e81</run_address>
         <size>0x8f</size>
         <input_file_ref idref="fl-a0"/>
      </object_component>
      <object_component id="oc-85">
         <name>.debug_abbrev</name>
         <load_address>0x1f10</load_address>
         <run_address>0x1f10</run_address>
         <size>0x180</size>
         <input_file_ref idref="fl-a1"/>
      </object_component>
      <object_component id="oc-89">
         <name>.debug_abbrev</name>
         <load_address>0x2090</load_address>
         <run_address>0x2090</run_address>
         <size>0xd5</size>
         <input_file_ref idref="fl-a2"/>
      </object_component>
      <object_component id="oc-8c">
         <name>.debug_abbrev</name>
         <load_address>0x2165</load_address>
         <run_address>0x2165</run_address>
         <size>0xd1</size>
         <input_file_ref idref="fl-a3"/>
      </object_component>
      <object_component id="oc-8f">
         <name>.debug_abbrev</name>
         <load_address>0x2236</load_address>
         <run_address>0x2236</run_address>
         <size>0x90</size>
         <input_file_ref idref="fl-a4"/>
      </object_component>
      <object_component id="oc-92">
         <name>.debug_abbrev</name>
         <load_address>0x22c6</load_address>
[...]
            <object_component_ref idref="oc-95"/>
            <object_component_ref idref="oc-98"/>
            <object_component_ref idref="oc-9b"/>
            <object_component_ref idref="oc-9e"/>
            <object_component_ref idref="oc-a1"/>
            <object_component_ref idref="oc-a4"/>
            <object_component_ref idref="oc-a9"/>
            <object_component_ref idref="oc-af"/>
            <object_component_ref idref="oc-b2"/>
            <object_component_ref idref="oc-b5"/>
            <object_component_ref idref="oc-16b"/>
         </contents>
      </logical_group>
   </logical_group_list>
   <placement_map>
      <memory_area>
         <name>RAM</name>
         <page_id>0x0</page_id>
         <origin>0x1</origin>
         <length>0xfffffffe</length>
         <used_space>0x8afe</used_space>
         <unused_space>0xffff7500</unused_space>
         <attributes>RWIX</attributes>
         <usage_details>
            <available_space>
               <start_address>0x1</start_address>
               <size>0x7</size>
            </available_space>
            <allocated_space>
               <start_address>0x8</start_address>
               <size>0x0</size>
               <logical_group_ref idref="lg-113"/>
            </allocated_space>
            <allocated_space>
               <start_address>0x8</start_address>
               <size>0x0</size>
               <logical_group_ref idref="lg-112"/>
            </allocated_space>
            <available_space>
               <start_address>0x8</start_address>
               <size>0x18</size>
            </available_space>
            <allocated_space>
               <start_address>0x20</start_address>
               <size>0x7ae0</size>
               <logical_group_ref idref="lg-110"/>
            </allocated_space>
            <allocated_space>
               <start_address>0x7b00</start_address>
               <size>0x468</size>
               <logical_group_ref idref="lg-118"/>
            </allocated_space>
            <allocated_space>
               <start_address>0x7f68</start_address>
               <size>0x400</size>
               <logical_group_ref idref="lg-116"/>
            </allocated_space>
            <allocated_space>
               <start_address>0x8368</start_address>
               <size>0x400</size>
               <logical_group_ref idref="lg-117"/>
            </allocated_space>
            <allocated_space>
               <start_address>0x8768</start_address>
               <size>0x154</size>
               <logical_group_ref idref="lg-114"/>
            </allocated_space>
            <available_space>
               <start_address>0x88bc</start_address>
               <size>0x4</size>
            </available_space>
            <allocated_space>
               <start_address>0x88c0</start_address>
               <size>0x142</size>
               <logical_group_ref idref="lg-111"/>
            </allocated_space>
            <available_space>
               <start_address>0x8a02</start_address>
               <size>0x6</size>
            </available_space>
            <allocated_space>
               <start_address>0x8a08</start_address>
               <size>0x120</size>
               <logical_group_ref idref="lg-11a"/>
            </allocated_space>
            <available_space>
               <start_address>0x8b28</start_address>
               <size>0xffff74d7</size>
            </available_space>
         </usage_details>
      </memory_area>
   </placement_map>
   <symbol_table>
      <symbol id="sm-0">
         <name>cinit</name>
         <value>0x8768</value>
      </symbol>
      <symbol id="sm-1">
         <name>___cinit__</name>
         <value>0x8768</value>
      </symbol>
      <symbol id="sm-2">
         <name>pinit</name>
         <value>0xffffffff</value>
      </symbol>
      <symbol id="sm-3">
         <name>___pinit__</name>
         <value>0xffffffff</value>
      </symbol>
      <symbol id="sm-4">
         <name>binit</name>
         <value>0xffffffff</value>
      </symbol>
      <symbol id="sm-5">
         <name>___binit__</name>
         <value>0xffffffff</value>
      </symbol>
      <symbol id="sm-6">
         <name>__STACK_SIZE</name>
         <value>0x400</value>
      </symbol>
      <symbol id="sm-7">
         <name>__STACK_END</name>
         <value>0x8368</value>
      </symbol>
      <symbol id="sm-8">
         <name>__SYSMEM_SIZE</name>
         <value>0x400</value>
      </symbol>
      <symbol id="sm-9">
         <name>___c_args__</name>
         <value>0xffffffff</value>
      </symbol>
      <symbol id="sm-a">
         <name>.text</name>
         <value>0x20</value>
      </symbol>
      <symbol id="sm-b">
         <name>___text__</name>
         <value>0x20</value>
      </symbol>
      <symbol id="sm-c">
         <name>etext</name>
         <value>0x7b00</value>
      </symbol>
      <symbol id="sm-d">
         <name>___etext__</name>
         <value>0x7b00</value>
      </symbol>
      <symbol id="sm-e">
         <name>.data</name>
         <value>0x8</value>
      </symbol>
      <symbol id="sm-f">
         <name>___data__</name>
         <value>0x8</value>
      </symbol>
      <symbol id="sm-10">
         <name>edata</name>
         <value>0x8</value>
      </symbol>
      <symbol id="sm-11">
         <name>___edata__</name>
         <value>0x8</value>
      </symbol>
      <symbol id="sm-12">
         <name>.bss</name>
         <value>0x8</value>
      </symbol>
      <symbol id="sm-13">
         <name>___bss__</name>
         <value>0x8</value>
      </symbol>
      <symbol id="sm-14">
         <name>end</name>
         <value>0x8</value>
      </symbol>
      <symbol id="sm-15">
         <name>___end__</name>
         <value>0x8</value>
      </symbol>
      <symbol id="sm-16">
         <name>___TI_pprof_out_hndl</name>
         <value>0xffffffff</value>
      </symbol>
      <symbol id="sm-17">
         <name>___TI_prof_data_start</name>
         <value>0xffffffff</value>
      </symbol>
      <symbol id="sm-18">
         <name>___TI_prof_data_size</name>
         <value>0xffffffff</value>
      </symbol>
      <symbol id="sm-19">
         <name>$bss</name>
         <value>0x8</value>
      </symbol>
      <symbol id="sm-54">
         <name>_Copy</name>
         <value>0x52e0</value>
         <object_component_ref idref="oc-c9"/>
      </symbol>
      <symbol id="sm-68">
         <name>_main</name>
         <value>0x7a00</value>
         <object_component_ref idref="oc-c4"/>
      </symbol>
      <symbol id="sm-72">
         <name>_asm_copy_optimized</name>
         <value>0x4be8</value>
         <object_component_ref idref="oc-c"/>
      </symbol>
      <symbol id="sm-73">
         <name>_asm_example</name>
         <value>0x4b80</value>
         <object_component_ref idref="oc-c"/>
      </symbol>
      <symbol id="sm-74">
         <name>_asm_copy_optimized_k</name>
         <value>0x4c84</value>
         <object_component_ref idref="oc-c"/>
      </symbol>
      <symbol id="sm-75">
         <name>_asm_copy_opt</name>
         <value>0x4bb0</value>
         <object_component_ref idref="oc-c"/>
      </symbol>
      <symbol id="sm-81">
         <name>_c_int00</name>
         <value>0x7800</value>
         <object_component_ref idref="oc-2"/>
      </symbol>
      <symbol id="sm-82">
         <name>__stack</name>
         <value>0x7f68</value>
         <object_component_ref idref="oc-11"/>
      </symbol>
      <symbol id="sm-92">
         <name>C$$EXIT</name>
         <value>0x7ac0</value>
         <object_component_ref idref="oc-c5"/>
      </symbol>
      <symbol id="sm-93">
         <name>_exit</name>
         <value>0x6ca0</value>
         <object_component_ref idref="oc-b8"/>
      </symbol>
      <symbol id="sm-94">
         <name>___TI_enable_exit_profile_output</name>
         <value>0x7f4c</value>
         <object_component_ref idref="oc-16"/>
      </symbol>
      <symbol id="sm-95">
         <name>_abort</name>
         <value>0x7ac0</value>
         <object_component_ref idref="oc-c5"/>
      </symbol>
      <symbol id="sm-96">
         <name>__cleanup_ptr</name>
         <value>0x7f44</value>
         <object_component_ref idref="oc-16"/>
      </symbol>
      <symbol id="sm-97">
         <name>__dtors_ptr</name>
         <value>0x7f48</value>
         <object_component_ref idref="oc-16"/>
      </symbol>
      <symbol id="sm-a1">
         <name>_memset</name>
         <value>0x6000</value>
         <object_component_ref idref="oc-cd"/>
      </symbol>
      <symbol id="sm-af">
         <name>_printf</name>
         <value>0x6800</value>
         <object_component_ref idref="oc-c8"/>
      </symbol>
      <symbol id="sm-bd">
         <name>__unlock</name>
         <value>0x7f54</value>
         <object_component_ref idref="oc-21"/>
      </symbol>
      <symbol id="sm-be">
         <name>__lock</name>
         <value>0x7f50</value>
         <object_component_ref idref="oc-21"/>
      </symbol>
      <symbol id="sm-bf">
         <name>__nop</name>
         <value>0x7a60</value>
         <object_component_ref idref="oc-b9"/>
      </symbol>
      <symbol id="sm-ef">
         <name>__printfi</name>
         <value>0x10e0</value>
         <object_component_ref idref="oc-cb"/>
      </symbol>
      <symbol id="sm-f9">
         <name>__args_main</name>
         <value>0x7940</value>
         <object_component_ref idref="oc-b7"/>
      </symbol>
      <symbol id="sm-fa">
         <name>__TI_args_main</name>
         <value>0x1</value>
      </symbol>
      <symbol id="sm-104">
         <name>_atoi</name>
         <value>0x58e0</value>
         <object_component_ref idref="oc-d7"/>
      </symbol>
      <symbol id="sm-10e">
         <name>__auto_init</name>
         <value>0x61e0</value>
         <object_component_ref idref="oc-b6"/>
      </symbol>
      <symbol id="sm-118">
         <name>__cmpd</name>
         <value>0x62c0</value>
         <object_component_ref idref="oc-e0"/>
      </symbol>
      <symbol id="sm-122">
         <name>___TI_cpp_init</name>
         <value>0x7360</value>
         <object_component_ref idref="oc-c3"/>
      </symbol>
      <symbol id="sm-12c">
         <name>_copy_in</name>
         <value>0x7220</value>
         <object_component_ref idref="oc-c1"/>
      </symbol>
      <symbol id="sm-134">
         <name>__ctypes_</name>
         <value>0x88c0</value>
         <object_component_ref idref="oc-dd"/>
      </symbol>
      <symbol id="sm-13e">
         <name>__tmpnams</name>
         <value>0x7ce0</value>
         <object_component_ref idref="oc-3e"/>
      </symbol>
      <symbol id="sm-13f">
         <name>__ft_end</name>
         <value>0x7e20</value>
         <object_component_ref idref="oc-3e"/>
      </symbol>
      <symbol id="sm-140">
         <name>__ftable</name>
         <value>0x7b00</value>
         <object_component_ref idref="oc-3e"/>
      </symbol>
      <symbol id="sm-14c">
         <name>__divd</name>
         <value>0x640</value>
         <object_component_ref idref="oc-f2"/>
      </symbol>
      <symbol id="sm-154">
         <name>__c6xabi_divu</name>
         <value>0x6a60</value>
         <object_component_ref idref="oc-100"/>
      </symbol>
      <symbol id="sm-155">
         <name>__divu</name>
         <value>0x6a60</value>
         <object_component_ref idref="oc-100"/>
      </symbol>
      <symbol id="sm-15f">
         <name>__fixdi</name>
         <value>0x7040</value>
         <object_component_ref idref="oc-fc"/>
      </symbol>
      <symbol id="sm-169">
         <name>__fixdli</name>
         <value>0x70e0</value>
         <object_component_ref idref="oc-f8"/>
      </symbol>
      <symbol id="sm-173">
         <name>__fltlid</name>
         <value>0x73e0</value>
         <object_component_ref idref="oc-fa"/>
      </symbol>
      <symbol id="sm-17d">
         <name>_putc</name>
         <value>0x3b00</value>
         <object_component_ref idref="oc-d3"/>
      </symbol>
      <symbol id="sm-17e">
         <name>_fputc</name>
         <value>0x3b00</value>
         <object_component_ref idref="oc-d3"/>
      </symbol>
      <symbol id="sm-18a">
         <name>_fputs</name>
         <value>0x15a0</value>
         <object_component_ref idref="oc-ce"/>
      </symbol>
      <symbol id="sm-194">
         <name>__frcmpyd_div</name>
         <value>0x5d00</value>
         <object_component_ref idref="oc-ff"/>
      </symbol>
      <symbol id="sm-1a2">
         <name>__divul</name>
         <value>0x49e0</value>
         <object_component_ref idref="oc-101"/>
      </symbol>
      <symbol id="sm-1a3">
         <name>__remli</name>
         <value>0x7740</value>
         <object_component_ref idref="oc-105"/>
      </symbol>
      <symbol id="sm-1a4">
         <name>__divli</name>
         <value>0x6fa0</value>
         <object_component_ref idref="oc-106"/>
      </symbol>
      <symbol id="sm-1b0">
         <name>__subcull</name>
         <value>0x77a0</value>
         <object_component_ref idref="oc-109"/>
      </symbol>
      <symbol id="sm-1b1">
         <name>__divull</name>
         <value>0x2e60</value>
         <object_component_ref idref="oc-102"/>
      </symbol>
      <symbol id="sm-1bb">
         <name>___isinf</name>
         <value>0x78c0</value>
         <object_component_ref idref="oc-df"/>
      </symbol>
      <symbol id="sm-1c7">
         <name>__llshl</name>
         <value>0x7460</value>
         <object_component_ref idref="oc-108"/>
      </symbol>
      <symbol id="sm-1c8">
         <name>__llshru</name>
         <value>0x76e0</value>
         <object_component_ref idref="oc-10a"/>
      </symbol>
      <symbol id="sm-1e0">
         <name>_unlink</name>
         <value>0x7660</value>
         <object_component_ref idref="oc-10b"/>
      </symbol>
      <symbol id="sm-1e1">
         <name>_lseek</name>
         <value>0x6d60</value>
         <object_component_ref idref="oc-e8"/>
      </symbol>
      <symbol id="sm-1e2">
         <name>_close</name>
         <value>0x5e00</value>
         <object_component_ref idref="oc-103"/>
      </symbol>
      <symbol id="sm-1e3">
         <name>_write</name>
         <value>0x6ee0</value>
         <object_component_ref idref="oc-d6"/>
      </symbol>
      <symbol id="sm-1ed">
         <name>_ltoa</name>
         <value>0x5f00</value>
         <object_component_ref idref="oc-f9"/>
      </symbol>
      <symbol id="sm-1f7">
         <name>_memccpy</name>
         <value>0x7560</value>
         <object_component_ref idref="oc-da"/>
      </symbol>
      <symbol id="sm-1ff">
         <name>_memcpy</name>
         <value>0x6640</value>
         <object_component_ref idref="oc-c2"/>
      </symbol>
      <symbol id="sm-209">
         <name>__mpyd</name>
         <value>0x33c0</value>
         <object_component_ref idref="oc-f1"/>
      </symbol>
      <symbol id="sm-213">
         <name>__mpyll</name>
         <value>0x74e0</value>
         <object_component_ref idref="oc-f4"/>
      </symbol>
      <symbol id="sm-21d">
         <name>__negd</name>
         <value>0x7980</value>
         <object_component_ref idref="oc-e1"/>
      </symbol>
      <symbol id="sm-227">
         <name>__negll</name>
         <value>0x7a40</value>
         <object_component_ref idref="oc-e6"/>
      </symbol>
      <symbol id="sm-231">
         <name>__subd</name>
         <value>0x79c0</value>
         <object_component_ref idref="oc-fb"/>
      </symbol>
      <symbol id="sm-249">
         <name>_HOSTopen</name>
         <value>0x5a00</value>
         <object_component_ref idref="oc-ba"/>
      </symbol>
      <symbol id="sm-24a">
         <name>_HOSTread</name>
         <value>0x5b00</value>
         <object_component_ref idref="oc-bc"/>
      </symbol>
      <symbol id="sm-24b">
         <name>_HOSTrename</name>
         <value>0x4420</value>
         <object_component_ref idref="oc-c0"/>
      </symbol>
      <symbol id="sm-24c">
         <name>_HOSTwrite</name>
         <value>0x5c00</value>
         <object_component_ref idref="oc-bd"/>
      </symbol>
      <symbol id="sm-24d">
         <name>_HOSTlseek</name>
         <value>0x5580</value>
         <object_component_ref idref="oc-be"/>
      </symbol>
      <symbol id="sm-24e">
         <name>_HOSTunlink</name>
         <value>0x6100</value>
         <object_component_ref idref="oc-bf"/>
      </symbol>
      <symbol id="sm-24f">
         <name>_HOSTclose</name>
         <value>0x68e0</value>
         <object_component_ref idref="oc-bb"/>
      </symbol>
      <symbol id="sm-25d">
         <name>C$$IO$$</name>
         <value>0x78b8</value>
         <object_component_ref idref="oc-c6"/>
      </symbol>
      <symbol id="sm-25e">
         <name>__CIOBUF_</name>
         <value>0x8a08</value>
         <object_component_ref idref="oc-87"/>
      </symbol>
      <symbol id="sm-25f">
         <name>_readmsg</name>
         <value>0x75e0</value>
         <object_component_ref idref="oc-c7"/>
      </symbol>
      <symbol id="sm-260">
         <name>_writemsg</name>
         <value>0x7860</value>
         <object_component_ref idref="oc-c6"/>
      </symbol>
      <symbol id="sm-26a">
         <name>__wrt_ok</name>
         <value>0x57c0</value>
         <object_component_ref idref="oc-d4"/>
      </symbol>
      <symbol id="sm-27b">
         <name>__addd</name>
         <value>0x3d60</value>
         <object_component_ref idref="oc-107"/>
      </symbol>
      <symbol id="sm-285">
         <name>__doflush</name>
         <value>0x6480</value>
         <object_component_ref idref="oc-d5"/>
      </symbol>
      <symbol id="sm-28f">
         <name>__frcaddd</name>
         <value>0x3640</value>
         <object_component_ref idref="oc-10c"/>
      </symbol>
      <symbol id="sm-299">
         <name>__frcmpyd</name>
         <value>0x56a0</value>
         <object_component_ref idref="oc-fd"/>
      </symbol>
      <symbol id="sm-2a3">
         <name>_fseek</name>
         <value>0x4d20</value>
         <object_component_ref idref="oc-db"/>
      </symbol>
      <symbol id="sm-2ad">
         <name>__renormd</name>
         <value>0x7180</value>
         <object_component_ref idref="oc-10e"/>
      </symbol>
      <symbol id="sm-2b7">
         <name>_setvbuf</name>
         <value>0x41e0</value>
         <object_component_ref idref="oc-dc"/>
      </symbol>
      <symbol id="sm-2c5">
         <name>__cleanup</name>
         <value>0x69a0</value>
         <object_component_ref idref="oc-eb"/>
      </symbol>
      <symbol id="sm-2db">
         <name>__sys_memory</name>
         <value>0x8368</value>
         <object_component_ref idref="oc-ad"/>
      </symbol>
      <symbol id="sm-2dc">
         <name>_free</name>
         <value>0x2b80</value>
         <object_component_ref idref="oc-e9"/>
      </symbol>
      <symbol id="sm-2dd">
         <name>_malloc</name>
         <value>0x4820</value>
         <object_component_ref idref="oc-ea"/>
      </symbol>
      <symbol id="sm-2e7">
         <name>__closefile</name>
         <value>0x5440</value>
         <object_component_ref idref="oc-f7"/>
      </symbol>
      <symbol id="sm-2f1">
         <name>_remove</name>
         <value>0x7ae0</value>
         <object_component_ref idref="oc-104"/>
      </symbol>
   </symbol_table>
</link_info>
