******************************************************************************
               TMS320C6x Linker PC v8.3.2                      
******************************************************************************
>> Linked Tue Apr  9 19:30:55 2019

OUTPUT FILE NAME:   <l2.out>
ENTRY POINT SYMBOL: "_c_int00"  address: 0000e5c0


MEMORY CONFIGURATION

         name            origin    length      used     unused   attr    fill
----------------------  --------  ---------  --------  --------  ----  --------
  NEARRAM               00000001   00007fff  00000000  00007fff  RWIX
  RAM                   00008000   fffffffe  00007ba4  ffff845a  RWIX


SEGMENT ALLOCATION MAP

run origin  load origin   length   init length attrs members
----------  ----------- ---------- ----------- ----- -------
00008000    00008000    00006c20   00006c20    r-x
  00008000    00008000    00006c20   00006c20    r-x .text
0000ec20    0000ec20    00000c68   00000000    rw-
  0000ec20    0000ec20    00000400   00000000    rw- .stack
  0000f020    0000f020    00000400   00000000    rw- .sysmem
  0000f420    0000f420    0000031c   00000000    rw- .fardata
  0000f740    0000f740    00000148   00000000    rw- .far
0000f888    0000f888    00000138   00000138    r--
  0000f888    0000f888    00000138   00000138    r-- .const
0000f9c0    0000f9c0    00000120   00000000    rw-
  0000f9c0    0000f9c0    00000120   00000000    rw- .cio
0000fae0    0000fae0    000000c8   000000c8    r--
  0000fae0    0000fae0    00000038   00000038    r-- .switch
  0000fb18    0000fb18    00000090   00000090    r-- .cinit


SECTION ALLOCATION MAP

 output                                  attributes/
section   page    origin      length       input sections
--------  ----  ----------  ----------   ----------------
.text      0    00008000    00006c20     
                  00008000    00001fe0     rts6600_elf.lib : _printfi.c.obj (.text:__TI_printfi)
                  00009fe0    00000640                     : _printfi.c.obj (.text:_pconv_a)
                  0000a620    00000600                     : divd.c.obj (.text:__c6xabi_divd)
                  0000ac20    00000440                     : _printfi.c.obj (.text:_pconv_g)
                  0000b060    000003c0                     : memory.c.obj (.text:free)
                  0000b420    00000320                     : fputs.c.obj (.text:fputs)
                  0000b740    000002c0                     : _printfi.c.obj (.text:fcvt)
                  0000ba00    000002a0                     : _printfi.c.obj (.text:_pconv_e)
                  0000bca0    00000240                     : imath64.c.obj (.text:__c6xabi_divull)
                  0000bee0    000001c0                     : imath40.c.obj (.text:__c6xabi_divul)
                  0000c0a0    000001c0                     : _printfi.c.obj (.text:_ltostr)
                  0000c260    000001c0                     : fputc.c.obj (.text:fputc)
                  0000c420    000001c0                     : memory.c.obj (.text:malloc)
                  0000c5e0    000001c0                     : setvbuf.c.obj (.text:setvbuf)
                  0000c7a0    000001a0                     : hostrename.c.obj (.text:HOSTrename)
                  0000c940    000001a0                     : frexp.c.obj (.text:frexp)
                  0000cae0    000001a0                     : s_scalbn.c.obj (.text:scalbn)
                  0000cc80    00000120                     : _printfi.c.obj (.text:_pconv_f)
                  0000cda0    00000120                     : getdevice.c.obj (.text:getdevice)
                  0000cec0    00000100                     : fclose.c.obj (.text:__TI_closefile)
                  0000cfc0    00000100                     : copy_decompress_rle.c.obj (.text:__TI_decompress_rle_core)
                  0000d0c0    00000100                     : _printfi.c.obj (.text:_mcpy)
                  0000d1c0    00000100                     : atoi.c.obj (.text:atoi)
                  0000d2c0    00000100                     : fseek.c.obj (.text:fseek)
                  0000d3c0    000000e0                     : hostlseek.c.obj (.text:HOSTlseek)
                  0000d4a0    000000e0                     : hostopen.c.obj (.text:HOSTopen)
                  0000d580    000000e0                     : hostwrite.c.obj (.text:HOSTwrite)
                  0000d660    000000e0                     : _io_perm.c.obj (.text:__TI_wrt_ok)
                  0000d740    000000e0                     : close.c.obj (.text:close)
                  0000d820    000000e0                     : exit.c.obj (.text:exit)
                  0000d900    000000e0                     : ltoa.c.obj (.text:ltoa)
                  0000d9e0    000000e0                     : memset.c.obj (.text:memset)
                  0000dac0    000000e0                     : printf.c.obj (.text:printf)
                  0000dba0    000000c0                     : hostread.c.obj (.text:HOSTread)
                  0000dc60    000000c0                     : hostunlink.c.obj (.text:HOSTunlink)
                  0000dd20    000000c0                     : autoinit.c.obj (.text:__TI_auto_init_nobinit_nopinit:__TI_auto_init_nobinit_nopinit)
                  0000dde0    000000c0                     : fflush.c.obj (.text:__TI_doflush)
                  0000dea0    000000c0                     : divu.asm.obj (.text:__divu)
                  0000df60    000000c0                     : memory.c.obj (.text:minsert)
                  0000e020    000000c0                     : memory.c.obj (.text:mremove)
                  0000e0e0    000000c0                     : tls.c.obj (.text:tls:init:__TI_tls_init)
                  0000e1a0    000000a0                     : hostclose.c.obj (.text:HOSTclose)
                  0000e240    000000a0                     : fopen.c.obj (.text:__TI_cleanup)
                  0000e2e0    000000a0                     : _printfi.c.obj (.text:_ecpy)
                  0000e380    000000a0                     : getdevice.c.obj (.text:finddevice)
                  0000e420    000000a0                     : memcpy64.asm.obj (.text:memcpy)
                  0000e4c0    00000080                     : trgmsg.c.obj (.text:__TI_readmsg)
                  0000e540    00000080                     : llshift.c.obj (.text:__c6xabi_llshl)
                  0000e5c0    00000080                     : boot.c.obj (.text:_c_int00)
                  0000e640    00000080                     : unlink.c.obj (.text:unlink)
                  0000e6c0    00000060                     : frcmpyd_div.c.obj (.text:__TI_frcmpyd_div)
                  0000e720    00000060                     : trgmsg.c.obj (.text:__TI_writemsg)
                  0000e780    00000060                     : llshift.c.obj (.text:__c6xabi_llshru)
                  0000e7e0    00000060                     : imath64.c.obj (.text:_subcull)
                  0000e840    00000060                     : lseek.c.obj (.text:lseek)
                  0000e8a0    00000060                     : memccpy.c.obj (.text:memccpy)
                  0000e900    00000060                     : write.c.obj (.text:write)
                  0000e960    00000040                     : isinf.c.obj (.text:__c6xabi_isinf)
                  0000e9a0    00000040                     : _printfi.c.obj (.text:__c6xabi_isnan)
                  0000e9e0    00000040                     : args_main.c.obj (.text:_args_main)
                  0000ea20    00000040                     : wcslen.c.obj (.text:wcslen)
                  0000ea60    00000020                     : errno.c.obj (.text:__c6xabi_errno_addr)
                  0000ea80    00000020                     : push.asm.obj (.text:__pop_rts)
                  0000eaa0    00000020                     : push.asm.obj (.text:__push_rts)
                  0000eac0    00000020                     : _lock.c.obj (.text:_nop)
                  0000eae0    00000020                     : printf.c.obj (.text:_outc)
                  0000eb00    00000020                     : printf.c.obj (.text:_outs)
                  0000eb20    00000020                     : signbit.c.obj (.text:_signbit)
                  0000eb40    00000020                     : startup.c.obj (.text:_system_post_cinit)
                  0000eb60    00000020                     : pre_init.c.obj (.text:_system_pre_init)
                  0000eb80    00000020                     : exit.c.obj (.text:abort)
                  0000eba0    00000020                     : s_copysign.c.obj (.text:copysign)
                  0000ebc0    00000020                     : copy_decompress_none.c.obj (.text:decompress:none:__TI_decompress_none)
                  0000ebe0    00000020                     : copy_decompress_rle.c.obj (.text:decompress:rle24:__TI_decompress_rle24)
                  0000ec00    00000020     hello.obj (.text)

.const     0    0000f888    00000138     
                  0000f888    00000101     rts6600_elf.lib : ctype.c.obj (.const:.string:_ctypes_)
                  0000f989    00000003     --HOLE-- [fill = 0]
                  0000f98c    00000024                     : _printfi.c.obj (.const:.string)
                  0000f9b0    00000010     hello.obj (.const:.string)

.fardata   0    0000f420    0000031c     UNINITIALIZED
                  0000f420    000001e0     rts6600_elf.lib : defs.c.obj (.fardata:_ftable)
                  0000f600    000000a0                     : write.c.obj (.fardata:_stream)
                  0000f6a0    00000078                     : write.c.obj (.fardata:_device)
                  0000f718    0000000c                     : exit.c.obj (.fardata)
                  0000f724    00000008                     : memory.c.obj (.fardata)
                  0000f72c    00000004                     : _lock.c.obj (.fardata:_lock)
                  0000f730    00000004                     : _lock.c.obj (.fardata:_unlock)
                  0000f734    00000004                     : defs.c.obj (.fardata)
                  0000f738    00000004                     : errno.c.obj (.fardata)

.cinit     0    0000fb18    00000090     
                  0000fb18    0000006b     (.cinit..fardata.load) [load image, compression = rle]
                  0000fb83    0000000b     (.cinit..far.load) [load image, compression = rle]
                  0000fb8e    00000002     --HOLE-- [fill = 0]
                  0000fb90    00000008     (__TI_handler_table)
                  0000fb98    00000010     (__TI_cinit_table)

.init_array 
*          0    00008000    00000000     UNINITIALIZED

.stack     0    0000ec20    00000400     UNINITIALIZED
                  0000ec20    00000008     rts6600_elf.lib : boot.c.obj (.stack)
                  0000ec28    000003f8     --HOLE--

.sysmem    0    0000f020    00000400     UNINITIALIZED
                  0000f020    00000008     rts6600_elf.lib : memory.c.obj (.sysmem)
                  0000f028    000003f8     --HOLE--

.far       0    0000f740    00000148     UNINITIALIZED
                  0000f740    00000140     (.common:__TI_tmpnams)
                  0000f880    00000008     (.common:parmbuf)

.cio       0    0000f9c0    00000120     UNINITIALIZED
                  0000f9c0    00000120     rts6600_elf.lib : trgmsg.c.obj (.cio)

.switch    0    0000fae0    00000038     
                  0000fae0    00000038     rts6600_elf.lib : _printfi.c.obj (.switch:__TI_printfi)

MODULE SUMMARY

       Module                       code    ro data   rw data
       ------                       ----    -------   -------
    .\
       hello.obj                    32      16        0      
    +--+----------------------------+-------+---------+---------+
       Total:                       32      16        0      
                                                             
    C:\ti\ccs900\ccs\tools\compiler\ti-cgt-c6000_8.3.2\lib\rts6600_elf.lib
       _printfi.c.obj               13440   92        0      
       memory.c.obj                 1792    0         8      
       divd.c.obj                   1536    0         0      
       defs.c.obj                   0       0         804    
       fputs.c.obj                  800     0         0      
       imath64.c.obj                672     0         0      
       trgmsg.c.obj                 224     0         288    
       fputc.c.obj                  448     0         0      
       getdevice.c.obj              448     0         0      
       imath40.c.obj                448     0         0      
       setvbuf.c.obj                448     0         0      
       frexp.c.obj                  416     0         0      
       hostrename.c.obj             416     0         0      
       s_scalbn.c.obj               416     0         0      
       write.c.obj                  96      0         280    
       copy_decompress_rle.c.obj    288     0         0      
       printf.c.obj                 288     0         0      
       exit.c.obj                   256     0         12     
       ctype.c.obj                  0       257       0      
       atoi.c.obj                   256     0         0      
       fclose.c.obj                 256     0         0      
       fseek.c.obj                  256     0         0      
       hostopen.c.obj               224     0         8      
       _io_perm.c.obj               224     0         0      
       close.c.obj                  224     0         0      
       hostlseek.c.obj              224     0         0      
       hostwrite.c.obj              224     0         0      
       llshift.c.obj                224     0         0      
       ltoa.c.obj                   224     0         0      
       memset.c.obj                 224     0         0      
       autoinit.c.obj               192     0         0      
       divu.asm.obj                 192     0         0      
       fflush.c.obj                 192     0         0      
       hostread.c.obj               192     0         0      
       hostunlink.c.obj             192     0         0      
       tls.c.obj                    192     0         0      
       fopen.c.obj                  160     0         0      
       hostclose.c.obj              160     0         0      
       memcpy64.asm.obj             160     0         0      
       boot.c.obj                   128     0         0      
       unlink.c.obj                 128     0         0      
       frcmpyd_div.c.obj            96      0         0      
       lseek.c.obj                  96      0         0      
       memccpy.c.obj                96      0         0      
       args_main.c.obj              64      0         0      
       isinf.c.obj                  64      0         0      
       push.asm.obj                 64      0         0      
       wcslen.c.obj                 64      0         0      
       _lock.c.obj                  32      0         8      
       errno.c.obj                  32      0         4      
       copy_decompress_none.c.obj   32      0         0      
       pre_init.c.obj               32      0         0      
       s_copysign.c.obj             32      0         0      
       signbit.c.obj                32      0         0      
       startup.c.obj                32      0         0      
    +--+----------------------------+-------+---------+---------+
       Total:                       27648   349       1412   
                                                             
       Heap:                        0       0         1024   
       Stack:                       0       0         1024   
       Linker Generated:            0       142       0      
    +--+----------------------------+-------+---------+---------+
       Grand Total:                 27680   507       3460   


LINKER GENERATED COPY TABLES

__TI_cinit_table @ 0000fb98 records: 2, size/record: 8, table size: 16
	.fardata: load addr=0000fb18, load size=0000006b bytes, run addr=0000f420, run size=0000031c bytes, compression=rle
	.far: load addr=0000fb83, load size=0000000b bytes, run addr=0000f740, run size=00000148 bytes, compression=rle


LINKER GENERATED HANDLER TABLE

__TI_handler_table @ 0000fb90 records: 2, size/record: 4, table size: 8
	index: 0, handler: __TI_decompress_rle24
	index: 1, handler: __TI_decompress_none


GLOBAL SYMBOLS: SORTED ALPHABETICALLY BY Name 

address   name                           
-------   ----                           
0000eb80  C$$EXIT                        
0000e778  C$$IO$$                        
0000e1a0  HOSTclose                      
0000d3c0  HOSTlseek                      
0000d4a0  HOSTopen                       
0000dba0  HOSTread                       
0000c7a0  HOSTrename                     
0000dc60  HOSTunlink                     
0000d580  HOSTwrite                      
0000f9c0  __CIOBUF_                      
0000fb98  __TI_CINIT_Base                
0000fba8  __TI_CINIT_Limit               
0000fb90  __TI_Handler_Table_Base        
0000fb98  __TI_Handler_Table_Limit       
0000f020  __TI_STACK_END                 
00000400  __TI_STACK_SIZE                
00000000  __TI_STATIC_BASE               
00000400  __TI_SYSMEM_SIZE               
UNDEFED   __TI_TLS_INIT_Base             
UNDEFED   __TI_TLS_INIT_Limit            
0000dd20  __TI_auto_init_nobinit_nopinit 
0000e240  __TI_cleanup                   
0000f718  __TI_cleanup_ptr               
0000cec0  __TI_closefile                 
0000ebc0  __TI_decompress_none           
0000ebe0  __TI_decompress_rle24          
0000dde0  __TI_doflush                   
0000f71c  __TI_dtors_ptr                 
0000f720  __TI_enable_exit_profile_output
0000e6c0  __TI_frcmpyd_div               
0000f734  __TI_ft_end                    
ffffffff  __TI_pprof_out_hndl            
00008000  __TI_printfi                   
ffffffff  __TI_prof_data_size            
ffffffff  __TI_prof_data_start           
0000e4c0  __TI_readmsg                   
0000e0e0  __TI_tls_init                  
0000f740  __TI_tmpnams                   
0000e720  __TI_writemsg                  
0000d660  __TI_wrt_ok                    
ffffffff  __binit__                      
0000a620  __c6xabi_divd                  
0000dea0  __c6xabi_divu                  
0000bee0  __c6xabi_divul                 
0000bca0  __c6xabi_divull                
0000ea60  __c6xabi_errno_addr            
0000e960  __c6xabi_isinf                 
0000e540  __c6xabi_llshl                 
0000e780  __c6xabi_llshru                
0000ea80  __c6xabi_pop_rts               
0000eaa0  __c6xabi_push_rts              
ffffffff  __c_args__                     
0000dea0  __divu                         
0000f738  __errno                        
0000ea80  __pop_rts                      
0000eaa0  __push_rts                     
0000e9e0  _args_main                     
0000e5c0  _c_int00                       
0000f888  _ctypes_                       
0000f6a0  _device                        
0000f420  _ftable                        
0000f72c  _lock                          
0000eac0  _nop                           
0000eb20  _signbit                       
0000ec20  _stack                         
0000f600  _stream                        
0000e7e0  _subcull                       
0000f020  _sys_memory                    
0000eb40  _system_post_cinit             
0000eb60  _system_pre_init               
0000f730  _unlock                        
0000eb80  abort                          
0000d1c0  atoi                           
ffffffff  binit                          
0000d740  close                          
0000eba0  copysign                       
0000eba0  copysignl                      
0000f738  errno                          
0000d820  exit                           
0000e380  finddevice                     
0000c260  fputc                          
0000b420  fputs                          
0000b060  free                           
0000c940  frexp                          
0000c940  frexpl                         
0000d2c0  fseek                          
0000cda0  getdevice                      
0000cae0  ldexp                          
0000cae0  ldexpl                         
0000e840  lseek                          
0000d900  ltoa                           
0000ec00  main                           
0000c420  malloc                         
0000e8a0  memccpy                        
0000e420  memcpy                         
0000d9e0  memset                         
0000f880  parmbuf                        
0000dac0  printf                         
0000c260  putc                           
0000e640  remove                         
0000cae0  scalbn                         
0000cae0  scalbnl                        
0000c5e0  setvbuf                        
0000e640  unlink                         
0000ea20  wcslen                         
0000e900  write                          


GLOBAL SYMBOLS: SORTED BY Symbol Address 

address   name                           
-------   ----                           
00000000  __TI_STATIC_BASE               
00000400  __TI_STACK_SIZE                
00000400  __TI_SYSMEM_SIZE               
00008000  __TI_printfi                   
0000a620  __c6xabi_divd                  
0000b060  free                           
0000b420  fputs                          
0000bca0  __c6xabi_divull                
0000bee0  __c6xabi_divul                 
0000c260  fputc                          
0000c260  putc                           
0000c420  malloc                         
0000c5e0  setvbuf                        
0000c7a0  HOSTrename                     
0000c940  frexp                          
0000c940  frexpl                         
0000cae0  ldexp                          
0000cae0  ldexpl                         
0000cae0  scalbn                         
0000cae0  scalbnl                        
0000cda0  getdevice                      
0000cec0  __TI_closefile                 
0000d1c0  atoi                           
0000d2c0  fseek                          
0000d3c0  HOSTlseek                      
0000d4a0  HOSTopen                       
0000d580  HOSTwrite                      
0000d660  __TI_wrt_ok                    
0000d740  close                          
0000d820  exit                           
0000d900  ltoa                           
0000d9e0  memset                         
0000dac0  printf                         
0000dba0  HOSTread                       
0000dc60  HOSTunlink                     
0000dd20  __TI_auto_init_nobinit_nopinit 
0000dde0  __TI_doflush                   
0000dea0  __c6xabi_divu                  
0000dea0  __divu                         
0000e0e0  __TI_tls_init                  
0000e1a0  HOSTclose                      
0000e240  __TI_cleanup                   
0000e380  finddevice                     
0000e420  memcpy                         
0000e4c0  __TI_readmsg                   
0000e540  __c6xabi_llshl                 
0000e5c0  _c_int00                       
0000e640  remove                         
0000e640  unlink                         
0000e6c0  __TI_frcmpyd_div               
0000e720  __TI_writemsg                  
0000e778  C$$IO$$                        
0000e780  __c6xabi_llshru                
0000e7e0  _subcull                       
0000e840  lseek                          
0000e8a0  memccpy                        
0000e900  write                          
0000e960  __c6xabi_isinf                 
0000e9e0  _args_main                     
0000ea20  wcslen                         
0000ea60  __c6xabi_errno_addr            
0000ea80  __c6xabi_pop_rts               
0000ea80  __pop_rts                      
0000eaa0  __c6xabi_push_rts              
0000eaa0  __push_rts                     
0000eac0  _nop                           
0000eb20  _signbit                       
0000eb40  _system_post_cinit             
0000eb60  _system_pre_init               
0000eb80  C$$EXIT                        
0000eb80  abort                          
0000eba0  copysign                       
0000eba0  copysignl                      
0000ebc0  __TI_decompress_none           
0000ebe0  __TI_decompress_rle24          
0000ec00  main                           
0000ec20  _stack                         
0000f020  __TI_STACK_END                 
0000f020  _sys_memory                    
0000f420  _ftable                        
0000f600  _stream                        
0000f6a0  _device                        
0000f718  __TI_cleanup_ptr               
0000f71c  __TI_dtors_ptr                 
0000f720  __TI_enable_exit_profile_output
0000f72c  _lock                          
0000f730  _unlock                        
0000f734  __TI_ft_end                    
0000f738  __errno                        
0000f738  errno                          
0000f740  __TI_tmpnams                   
0000f880  parmbuf                        
0000f888  _ctypes_                       
0000f9c0  __CIOBUF_                      
0000fb90  __TI_Handler_Table_Base        
0000fb98  __TI_CINIT_Base                
0000fb98  __TI_Handler_Table_Limit       
0000fba8  __TI_CINIT_Limit               
ffffffff  __TI_pprof_out_hndl            
ffffffff  __TI_prof_data_size            
ffffffff  __TI_prof_data_start           
ffffffff  __binit__                      
ffffffff  __c_args__                     
ffffffff  binit                          
UNDEFED   __TI_TLS_INIT_Base             
UNDEFED   __TI_TLS_INIT_Limit            

[106 symbols]
