<?xml version="1.0" encoding="ISO-8859-1" ?>
<link_info>
   <banner>TMS320C6x Linker PC v8.3.2</banner>
   <copyright>Copyright (c) 1996-2018 Texas Instruments Incorporated</copyright>
   <link_time>0x5caca597</link_time>
   <link_errors>0x0</link_errors>
   <output_file>l2.out</output_file>
   <entry_point>
      <name>_c_int00</name>
      <address>0xe5c0</address>
   </entry_point>
   <input_file_list>
      <input_file id="fl-2">
         <path>.\</path>
         <kind>object</kind>
         <file>hello.obj</file>
         <name>hello.obj</name>
      </input_file>
      <input_file id="fl-5">
         <kind>object</kind>
         <file>&lt;internal&gt;</file>
         <name>&lt;internal&gt;</name>
      </input_file>
      <input_file id="fl-1f">
         <path>C:\ti\ccs900\ccs\tools\compiler\ti-cgt-c6000_8.3.2\lib\</path>
         <kind>archive</kind>
         <file>rts6600_elf.lib</file>
         <name>printf.c.obj</name>
      </input_file>
      <input_file id="fl-20">
         <path>C:\ti\ccs900\ccs\tools\compiler\ti-cgt-c6000_8.3.2\lib\</path>
         <kind>archive</kind>
         <file>rts6600_elf.lib</file>
         <name>_printfi.c.obj</name>
      </input_file>
      <input_file id="fl-21">
         <path>C:\ti\ccs900\ccs\tools\compiler\ti-cgt-c6000_8.3.2\lib\</path>
         <kind>archive</kind>
         <file>rts6600_elf.lib</file>
         <name>fputc.c.obj</name>
      </input_file>
      <input_file id="fl-22">
         <path>C:\ti\ccs900\ccs\tools\compiler\ti-cgt-c6000_8.3.2\lib\</path>
         <kind>archive</kind>
         <file>rts6600_elf.lib</file>
         <name>fputs.c.obj</name>
      </input_file>
      <input_file id="fl-23">
         <path>C:\ti\ccs900\ccs\tools\compiler\ti-cgt-c6000_8.3.2\lib\</path>
         <kind>archive</kind>
         <file>rts6600_elf.lib</file>
         <name>_io_perm.c.obj</name>
      </input_file>
      <input_file id="fl-24">
         <path>C:\ti\ccs900\ccs\tools\compiler\ti-cgt-c6000_8.3.2\lib\</path>
         <kind>archive</kind>
         <file>rts6600_elf.lib</file>
         <name>setvbuf.c.obj</name>
      </input_file>
      <input_file id="fl-25">
         <path>C:\ti\ccs900\ccs\tools\compiler\ti-cgt-c6000_8.3.2\lib\</path>
         <kind>archive</kind>
         <file>rts6600_elf.lib</file>
         <name>wcslen.c.obj</name>
      </input_file>
      <input_file id="fl-26">
         <path>C:\ti\ccs900\ccs\tools\compiler\ti-cgt-c6000_8.3.2\lib\</path>
         <kind>archive</kind>
         <file>rts6600_elf.lib</file>
         <name>s_scalbn.c.obj</name>
      </input_file>
      <input_file id="fl-27">
         <path>C:\ti\ccs900\ccs\tools\compiler\ti-cgt-c6000_8.3.2\lib\</path>
         <kind>archive</kind>
         <file>rts6600_elf.lib</file>
         <name>push.asm.obj</name>
      </input_file>
      <input_file id="fl-28">
         <path>C:\ti\ccs900\ccs\tools\compiler\ti-cgt-c6000_8.3.2\lib\</path>
         <kind>archive</kind>
         <file>rts6600_elf.lib</file>
         <name>divu.asm.obj</name>
      </input_file>
      <input_file id="fl-29">
         <path>C:\ti\ccs900\ccs\tools\compiler\ti-cgt-c6000_8.3.2\lib\</path>
         <kind>archive</kind>
         <file>rts6600_elf.lib</file>
         <name>memcpy64.asm.obj</name>
      </input_file>
      <input_file id="fl-2a">
         <path>C:\ti\ccs900\ccs\tools\compiler\ti-cgt-c6000_8.3.2\lib\</path>
         <kind>archive</kind>
         <file>rts6600_elf.lib</file>
         <name>boot.c.obj</name>
      </input_file>
      <input_file id="fl-2b">
         <path>C:\ti\ccs900\ccs\tools\compiler\ti-cgt-c6000_8.3.2\lib\</path>
         <kind>archive</kind>
         <file>rts6600_elf.lib</file>
         <name>imath40.c.obj</name>
      </input_file>
      <input_file id="fl-2c">
         <path>C:\ti\ccs900\ccs\tools\compiler\ti-cgt-c6000_8.3.2\lib\</path>
         <kind>archive</kind>
         <file>rts6600_elf.lib</file>
         <name>imath64.c.obj</name>
      </input_file>
      <input_file id="fl-2d">
         <path>C:\ti\ccs900\ccs\tools\compiler\ti-cgt-c6000_8.3.2\lib\</path>
         <kind>archive</kind>
         <file>rts6600_elf.lib</file>
         <name>llshift.c.obj</name>
      </input_file>
      <input_file id="fl-2e">
         <path>C:\ti\ccs900\ccs\tools\compiler\ti-cgt-c6000_8.3.2\lib\</path>
         <kind>archive</kind>
         <file>rts6600_elf.lib</file>
         <name>memset.c.obj</name>
      </input_file>
      <input_file id="fl-2f">
         <path>C:\ti\ccs900\ccs\tools\compiler\ti-cgt-c6000_8.3.2\lib\</path>
         <kind>archive</kind>
         <file>rts6600_elf.lib</file>
         <name>autoinit.c.obj</name>
      </input_file>
      <input_file id="fl-30">
         <path>C:\ti\ccs900\ccs\tools\compiler\ti-cgt-c6000_8.3.2\lib\</path>
         <kind>archive</kind>
         <file>rts6600_elf.lib</file>
         <name>pre_init.c.obj</name>
      </input_file>
      <input_file id="fl-31">
         <path>C:\ti\ccs900\ccs\tools\compiler\ti-cgt-c6000_8.3.2\lib\</path>
         <kind>archive</kind>
         <file>rts6600_elf.lib</file>
         <name>startup.c.obj</name>
      </input_file>
      <input_file id="fl-32">
         <path>C:\ti\ccs900\ccs\tools\compiler\ti-cgt-c6000_8.3.2\lib\</path>
         <kind>archive</kind>
         <file>rts6600_elf.lib</file>
         <name>cpy_tbl.c.obj</name>
      </input_file>
      <input_file id="fl-33">
         <path>C:\ti\ccs900\ccs\tools\compiler\ti-cgt-c6000_8.3.2\lib\</path>
         <kind>archive</kind>
         <file>rts6600_elf.lib</file>
         <name>copy_zero_init.c.obj</name>
      </input_file>
      <input_file id="fl-34">
         <path>C:\ti\ccs900\ccs\tools\compiler\ti-cgt-c6000_8.3.2\lib\</path>
         <kind>archive</kind>
         <file>rts6600_elf.lib</file>
         <name>copy_decompress_none.c.obj</name>
      </input_file>
      <input_file id="fl-35">
         <path>C:\ti\ccs900\ccs\tools\compiler\ti-cgt-c6000_8.3.2\lib\</path>
         <kind>archive</kind>
         <file>rts6600_elf.lib</file>
         <name>copy_decompress_rle.c.obj</name>
      </input_file>
      <input_file id="fl-36">
         <path>C:\ti\ccs900\ccs\tools\compiler\ti-cgt-c6000_8.3.2\lib\</path>
         <kind>archive</kind>
         <file>rts6600_elf.lib</file>
         <name>frexp.c.obj</name>
      </input_file>
      <input_file id="fl-37">
         <path>C:\ti\ccs900\ccs\tools\compiler\ti-cgt-c6000_8.3.2\lib\</path>
         <kind>archive</kind>
         <file>rts6600_elf.lib</file>
         <name>isinf.c.obj</name>
      </input_file>
      <input_file id="fl-38">
         <path>C:\ti\ccs900\ccs\tools\compiler\ti-cgt-c6000_8.3.2\lib\</path>
         <kind>archive</kind>
         <file>rts6600_elf.lib</file>
         <name>signbit.c.obj</name>
      </input_file>
      <input_file id="fl-39">
         <path>C:\ti\ccs900\ccs\tools\compiler\ti-cgt-c6000_8.3.2\lib\</path>
         <kind>archive</kind>
         <file>rts6600_elf.lib</file>
         <name>divd.c.obj</name>
      </input_file>
      <input_file id="fl-3a">
         <path>C:\ti\ccs900\ccs\tools\compiler\ti-cgt-c6000_8.3.2\lib\</path>
         <kind>archive</kind>
         <file>rts6600_elf.lib</file>
         <name>frcmpyd_div.c.obj</name>
      </input_file>
      <input_file id="fl-3b">
         <path>C:\ti\ccs900\ccs\tools\compiler\ti-cgt-c6000_8.3.2\lib\</path>
         <kind>archive</kind>
         <file>rts6600_elf.lib</file>
         <name>tls.c.obj</name>
      </input_file>
      <input_file id="fl-3c">
         <path>C:\ti\ccs900\ccs\tools\compiler\ti-cgt-c6000_8.3.2\lib\</path>
         <kind>archive</kind>
         <file>rts6600_elf.lib</file>
         <name>exit.c.obj</name>
      </input_file>
      <input_file id="fl-3d">
         <path>C:\ti\ccs900\ccs\tools\compiler\ti-cgt-c6000_8.3.2\lib\</path>
         <kind>archive</kind>
         <file>rts6600_elf.lib</file>
         <name>memory.c.obj</name>
      </input_file>
      <input_file id="fl-3e">
         <path>C:\ti\ccs900\ccs\tools\compiler\ti-cgt-c6000_8.3.2\lib\</path>
         <kind>archive</kind>
         <file>rts6600_elf.lib</file>
         <name>_lock.c.obj</name>
      </input_file>
      <input_file id="fl-3f">
         <path>C:\ti\ccs900\ccs\tools\compiler\ti-cgt-c6000_8.3.2\lib\</path>
         <kind>archive</kind>
         <file>rts6600_elf.lib</file>
         <name>args_main.c.obj</name>
      </input_file>
      <input_file id="fl-40">
         <path>C:\ti\ccs900\ccs\tools\compiler\ti-cgt-c6000_8.3.2\lib\</path>
         <kind>archive</kind>
         <file>rts6600_elf.lib</file>
         <name>atoi.c.obj</name>
      </input_file>
      <input_file id="fl-41">
         <path>C:\ti\ccs900\ccs\tools\compiler\ti-cgt-c6000_8.3.2\lib\</path>
         <kind>archive</kind>
         <file>rts6600_elf.lib</file>
         <name>ctype.c.obj</name>
      </input_file>
      <input_file id="fl-42">
         <path>C:\ti\ccs900\ccs\tools\compiler\ti-cgt-c6000_8.3.2\lib\</path>
         <kind>archive</kind>
         <file>rts6600_elf.lib</file>
         <name>defs.c.obj</name>
      </input_file>
      <input_file id="fl-43">
         <path>C:\ti\ccs900\ccs\tools\compiler\ti-cgt-c6000_8.3.2\lib\</path>
         <kind>archive</kind>
         <file>rts6600_elf.lib</file>
         <name>ltoa.c.obj</name>
      </input_file>
      <input_file id="fl-44">
         <path>C:\ti\ccs900\ccs\tools\compiler\ti-cgt-c6000_8.3.2\lib\</path>
         <kind>archive</kind>
         <file>rts6600_elf.lib</file>
         <name>memccpy.c.obj</name>
      </input_file>
      <input_file id="fl-45">
         <path>C:\ti\ccs900\ccs\tools\compiler\ti-cgt-c6000_8.3.2\lib\</path>
         <kind>archive</kind>
         <file>rts6600_elf.lib</file>
         <name>write.c.obj</name>
      </input_file>
      <input_file id="fl-46">
         <path>C:\ti\ccs900\ccs\tools\compiler\ti-cgt-c6000_8.3.2\lib\</path>
         <kind>archive</kind>
         <file>rts6600_elf.lib</file>
         <name>llabs.c.obj</name>
      </input_file>
      <input_file id="fl-47">
         <path>C:\ti\ccs900\ccs\tools\compiler\ti-cgt-c6000_8.3.2\lib\</path>
         <kind>archive</kind>
         <file>rts6600_elf.lib</file>
         <name>errno.c.obj</name>
      </input_file>
      <input_file id="fl-48">
         <path>C:\ti\ccs900\ccs\tools\compiler\ti-cgt-c6000_8.3.2\lib\</path>
         <kind>archive</kind>
         <file>rts6600_elf.lib</file>
         <name>s_copysign.c.obj</name>
      </input_file>
      <input_file id="fl-49">
         <path>C:\ti\ccs900\ccs\tools\compiler\ti-cgt-c6000_8.3.2\lib\</path>
         <kind>archive</kind>
         <file>rts6600_elf.lib</file>
         <name>fflush.c.obj</name>
      </input_file>
      <input_file id="fl-4a">
         <path>C:\ti\ccs900\ccs\tools\compiler\ti-cgt-c6000_8.3.2\lib\</path>
         <kind>archive</kind>
         <file>rts6600_elf.lib</file>
         <name>fopen.c.obj</name>
      </input_file>
      <input_file id="fl-4b">
         <path>C:\ti\ccs900\ccs\tools\compiler\ti-cgt-c6000_8.3.2\lib\</path>
         <kind>archive</kind>
         <file>rts6600_elf.lib</file>
         <name>fseek.c.obj</name>
      </input_file>
      <input_file id="fl-4c">
         <path>C:\ti\ccs900\ccs\tools\compiler\ti-cgt-c6000_8.3.2\lib\</path>
         <kind>archive</kind>
         <file>rts6600_elf.lib</file>
         <name>tls_get_tp.asm.obj</name>
      </input_file>
      <input_file id="fl-4d">
         <path>C:\ti\ccs900\ccs\tools\compiler\ti-cgt-c6000_8.3.2\lib\</path>
         <kind>archive</kind>
         <file>rts6600_elf.lib</file>
         <name>lseek.c.obj</name>
      </input_file>
      <input_file id="fl-4e">
         <path>C:\ti\ccs900\ccs\tools\compiler\ti-cgt-c6000_8.3.2\lib\</path>
         <kind>archive</kind>
         <file>rts6600_elf.lib</file>
         <name>open.c.obj</name>
      </input_file>
      <input_file id="fl-4f">
         <path>C:\ti\ccs900\ccs\tools\compiler\ti-cgt-c6000_8.3.2\lib\</path>
         <kind>archive</kind>
         <file>rts6600_elf.lib</file>
         <name>hostclose.c.obj</name>
      </input_file>
      <input_file id="fl-50">
         <path>C:\ti\ccs900\ccs\tools\compiler\ti-cgt-c6000_8.3.2\lib\</path>
         <kind>archive</kind>
         <file>rts6600_elf.lib</file>
         <name>hostlseek.c.obj</name>
      </input_file>
      <input_file id="fl-51">
         <path>C:\ti\ccs900\ccs\tools\compiler\ti-cgt-c6000_8.3.2\lib\</path>
         <kind>archive</kind>
         <file>rts6600_elf.lib</file>
         <name>hostopen.c.obj</name>
      </input_file>
      <input_file id="fl-52">
         <path>C:\ti\ccs900\ccs\tools\compiler\ti-cgt-c6000_8.3.2\lib\</path>
         <kind>archive</kind>
         <file>rts6600_elf.lib</file>
         <name>hostread.c.obj</name>
      </input_file>
      <input_file id="fl-53">
         <path>C:\ti\ccs900\ccs\tools\compiler\ti-cgt-c6000_8.3.2\lib\</path>
         <kind>archive</kind>
         <file>rts6600_elf.lib</file>
         <name>hostrename.c.obj</name>
      </input_file>
      <input_file id="fl-54">
         <path>C:\ti\ccs900\ccs\tools\compiler\ti-cgt-c6000_8.3.2\lib\</path>
         <kind>archive</kind>
         <file>rts6600_elf.lib</file>
         <name>hostunlink.c.obj</name>
      </input_file>
      <input_file id="fl-55">
         <path>C:\ti\ccs900\ccs\tools\compiler\ti-cgt-c6000_8.3.2\lib\</path>
         <kind>archive</kind>
         <file>rts6600_elf.lib</file>
         <name>hostwrite.c.obj</name>
      </input_file>
      <input_file id="fl-56">
         <path>C:\ti\ccs900\ccs\tools\compiler\ti-cgt-c6000_8.3.2\lib\</path>
         <kind>archive</kind>
         <file>rts6600_elf.lib</file>
         <name>trgmsg.c.obj</name>
      </input_file>
      <input_file id="fl-57">
         <path>C:\ti\ccs900\ccs\tools\compiler\ti-cgt-c6000_8.3.2\lib\</path>
         <kind>archive</kind>
         <file>rts6600_elf.lib</file>
         <name>fclose.c.obj</name>
      </input_file>
      <input_file id="fl-58">
         <path>C:\ti\ccs900\ccs\tools\compiler\ti-cgt-c6000_8.3.2\lib\</path>
         <kind>archive</kind>
         <file>rts6600_elf.lib</file>
         <name>getdevice.c.obj</name>
      </input_file>
      <input_file id="fl-59">
         <path>C:\ti\ccs900\ccs\tools\compiler\ti-cgt-c6000_8.3.2\lib\</path>
         <kind>archive</kind>
         <file>rts6600_elf.lib</file>
         <name>close.c.obj</name>
      </input_file>
      <input_file id="fl-5a">
         <path>C:\ti\ccs900\ccs\tools\compiler\ti-cgt-c6000_8.3.2\lib\</path>
         <kind>archive</kind>
         <file>rts6600_elf.lib</file>
         <name>remove.c.obj</name>
      </input_file>
      <input_file id="fl-5b">
         <path>C:\ti\ccs900\ccs\tools\compiler\ti-cgt-c6000_8.3.2\lib\</path>
         <kind>archive</kind>
         <file>rts6600_elf.lib</file>
         <name>unlink.c.obj</name>
      </input_file>
   </input_file_list>
   <object_component_list>
      <object_component id="oc-129">
         <name>.text:__TI_printfi</name>
         <load_address>0x8000</load_address>
         <run_address>0x8000</run_address>
         <size>0x1fe0</size>
         <input_file_ref idref="fl-20"/>
      </object_component>
      <object_component id="oc-199">
         <name>.text:_pconv_a</name>
         <load_address>0x9fe0</load_address>
         <run_address>0x9fe0</run_address>
         <size>0x640</size>
         <input_file_ref idref="fl-20"/>
      </object_component>
      <object_component id="oc-21e">
         <name>.text:__c6xabi_divd</name>
         <load_address>0xa620</load_address>
         <run_address>0xa620</run_address>
         <size>0x600</size>
         <input_file_ref idref="fl-39"/>
      </object_component>
      <object_component id="oc-187">
         <name>.text:_pconv_g</name>
         <load_address>0xac20</load_address>
         <run_address>0xac20</run_address>
         <size>0x440</size>
         <input_file_ref idref="fl-20"/>
      </object_component>
      <object_component id="oc-2e1">
         <name>.text:free</name>
         <load_address>0xb060</load_address>
         <run_address>0xb060</run_address>
         <size>0x3c0</size>
         <input_file_ref idref="fl-3d"/>
      </object_component>
      <object_component id="oc-15d">
         <name>.text:fputs</name>
         <load_address>0xb420</load_address>
         <run_address>0xb420</run_address>
         <size>0x320</size>
         <input_file_ref idref="fl-22"/>
      </object_component>
      <object_component id="oc-237">
         <name>.text:fcvt</name>
         <load_address>0xb740</load_address>
         <run_address>0xb740</run_address>
         <size>0x2c0</size>
         <input_file_ref idref="fl-20"/>
      </object_component>
      <object_component id="oc-193">
         <name>.text:_pconv_e</name>
         <load_address>0xba00</load_address>
         <run_address>0xba00</run_address>
         <size>0x2a0</size>
         <input_file_ref idref="fl-20"/>
      </object_component>
      <object_component id="oc-209">
         <name>.text:__c6xabi_divull</name>
         <load_address>0xbca0</load_address>
         <run_address>0xbca0</run_address>
         <size>0x240</size>
         <input_file_ref idref="fl-2c"/>
      </object_component>
      <object_component id="oc-20f">
         <name>.text:__c6xabi_divul</name>
         <load_address>0xbee0</load_address>
         <run_address>0xbee0</run_address>
         <size>0x1c0</size>
         <input_file_ref idref="fl-2b"/>
      </object_component>
      <object_component id="oc-16f">
         <name>.text:_ltostr</name>
         <load_address>0xc0a0</load_address>
         <run_address>0xc0a0</run_address>
         <size>0x1c0</size>
         <input_file_ref idref="fl-20"/>
      </object_component>
      <object_component id="oc-156">
         <name>.text:fputc</name>
         <load_address>0xc260</load_address>
         <run_address>0xc260</run_address>
         <size>0x1c0</size>
         <input_file_ref idref="fl-21"/>
      </object_component>
      <object_component id="oc-2e7">
         <name>.text:malloc</name>
         <load_address>0xc420</load_address>
         <run_address>0xc420</run_address>
         <size>0x1c0</size>
         <input_file_ref idref="fl-3d"/>
      </object_component>
      <object_component id="oc-272">
         <name>.text:setvbuf</name>
         <load_address>0xc5e0</load_address>
         <run_address>0xc5e0</run_address>
         <size>0x1c0</size>
         <input_file_ref idref="fl-24"/>
      </object_component>
      <object_component id="oc-38b">
         <name>.text:HOSTrename</name>
         <load_address>0xc7a0</load_address>
         <run_address>0xc7a0</run_address>
         <size>0x1a0</size>
         <input_file_ref idref="fl-53"/>
      </object_component>
      <object_component id="oc-23f">
         <name>.text:frexp</name>
         <load_address>0xc940</load_address>
         <run_address>0xc940</run_address>
         <size>0x1a0</size>
         <input_file_ref idref="fl-36"/>
      </object_component>
      <object_component id="oc-245">
         <name>.text:scalbn</name>
         <load_address>0xcae0</load_address>
         <run_address>0xcae0</run_address>
         <size>0x1a0</size>
         <input_file_ref idref="fl-26"/>
      </object_component>
      <object_component id="oc-18d">
         <name>.text:_pconv_f</name>
         <load_address>0xcc80</load_address>
         <run_address>0xcc80</run_address>
         <size>0x120</size>
         <input_file_ref idref="fl-20"/>
      </object_component>
      <object_component id="oc-3d9">
         <name>.text:getdevice</name>
         <load_address>0xcda0</load_address>
         <run_address>0xcda0</run_address>
         <size>0x120</size>
         <input_file_ref idref="fl-58"/>
      </object_component>
      <object_component id="oc-35e">
         <name>.text:__TI_closefile</name>
         <load_address>0xcec0</load_address>
         <run_address>0xcec0</run_address>
         <size>0x100</size>
         <input_file_ref idref="fl-57"/>
      </object_component>
      <object_component id="oc-28">
         <name>.text:__TI_decompress_rle_core</name>
         <load_address>0xcfc0</load_address>
         <run_address>0xcfc0</run_address>
         <size>0x100</size>
         <input_file_ref idref="fl-35"/>
      </object_component>
      <object_component id="oc-230">
         <name>.text:_mcpy</name>
         <load_address>0xd0c0</load_address>
         <run_address>0xd0c0</run_address>
         <size>0x100</size>
         <input_file_ref idref="fl-20"/>
      </object_component>
      <object_component id="oc-169">
         <name>.text:atoi</name>
         <load_address>0xd1c0</load_address>
         <run_address>0xd1c0</run_address>
         <size>0x100</size>
         <input_file_ref idref="fl-40"/>
      </object_component>
      <object_component id="oc-26c">
         <name>.text:fseek</name>
         <load_address>0xd2c0</load_address>
         <run_address>0xd2c0</run_address>
         <size>0x100</size>
         <input_file_ref idref="fl-4b"/>
      </object_component>
      <object_component id="oc-37f">
         <name>.text:HOSTlseek</name>
         <load_address>0xd3c0</load_address>
         <run_address>0xd3c0</run_address>
         <size>0xe0</size>
         <input_file_ref idref="fl-50"/>
      </object_component>
      <object_component id="oc-367">
         <name>.text:HOSTopen</name>
         <load_address>0xd4a0</load_address>
         <run_address>0xd4a0</run_address>
         <size>0xe0</size>
         <input_file_ref idref="fl-51"/>
      </object_component>
      <object_component id="oc-379">
         <name>.text:HOSTwrite</name>
         <load_address>0xd580</load_address>
         <run_address>0xd580</run_address>
         <size>0xe0</size>
         <input_file_ref idref="fl-55"/>
      </object_component>
      <object_component id="oc-1ed">
         <name>.text:__TI_wrt_ok</name>
         <load_address>0xd660</load_address>
         <run_address>0xd660</run_address>
         <size>0xe0</size>
         <input_file_ref idref="fl-23"/>
      </object_component>
      <object_component id="oc-3ac">
         <name>.text:close</name>
         <load_address>0xd740</load_address>
         <run_address>0xd740</run_address>
         <size>0xe0</size>
         <input_file_ref idref="fl-59"/>
      </object_component>
      <object_component id="oc-46">
         <name>.text:exit</name>
         <load_address>0xd820</load_address>
         <run_address>0xd820</run_address>
         <size>0xe0</size>
         <input_file_ref idref="fl-3c"/>
      </object_component>
      <object_component id="oc-224">
         <name>.text:ltoa</name>
         <load_address>0xd900</load_address>
         <run_address>0xd900</run_address>
         <size>0xe0</size>
         <input_file_ref idref="fl-43"/>
      </object_component>
      <object_component id="oc-67">
         <name>.text:memset</name>
         <load_address>0xd9e0</load_address>
         <run_address>0xd9e0</run_address>
         <size>0xe0</size>
         <input_file_ref idref="fl-2e"/>
      </object_component>
      <object_component id="oc-dd">
         <name>.text:printf</name>
         <load_address>0xdac0</load_address>
         <run_address>0xdac0</run_address>
         <size>0xe0</size>
         <input_file_ref idref="fl-1f"/>
      </object_component>
      <object_component id="oc-373">
         <name>.text:HOSTread</name>
         <load_address>0xdba0</load_address>
         <run_address>0xdba0</run_address>
         <size>0xc0</size>
         <input_file_ref idref="fl-52"/>
      </object_component>
      <object_component id="oc-385">
         <name>.text:HOSTunlink</name>
         <load_address>0xdc60</load_address>
         <run_address>0xdc60</run_address>
         <size>0xc0</size>
         <input_file_ref idref="fl-54"/>
      </object_component>
      <object_component id="oc-8f">
         <name>.text:__TI_auto_init_nobinit_nopinit:__TI_auto_init_nobinit_nopinit</name>
         <load_address>0xdd20</load_address>
         <run_address>0xdd20</run_address>
         <size>0xc0</size>
         <input_file_ref idref="fl-2f"/>
      </object_component>
      <object_component id="oc-1f3">
         <name>.text:__TI_doflush</name>
         <load_address>0xdde0</load_address>
         <run_address>0xdde0</run_address>
         <size>0xc0</size>
         <input_file_ref idref="fl-49"/>
      </object_component>
      <object_component id="oc-215">
         <name>.text:__divu</name>
         <load_address>0xdea0</load_address>
         <run_address>0xdea0</run_address>
         <size>0xc0</size>
         <input_file_ref idref="fl-28"/>
      </object_component>
      <object_component id="oc-34d">
         <name>.text:minsert</name>
         <load_address>0xdf60</load_address>
         <run_address>0xdf60</run_address>
         <size>0xc0</size>
         <input_file_ref idref="fl-3d"/>
      </object_component>
      <object_component id="oc-353">
         <name>.text:mremove</name>
         <load_address>0xe020</load_address>
         <run_address>0xe020</run_address>
         <size>0xc0</size>
         <input_file_ref idref="fl-3d"/>
      </object_component>
      <object_component id="oc-f6">
         <name>.text:tls:init:__TI_tls_init</name>
         <load_address>0xe0e0</load_address>
         <run_address>0xe0e0</run_address>
         <size>0xc0</size>
         <input_file_ref idref="fl-3b"/>
      </object_component>
      <object_component id="oc-36d">
         <name>.text:HOSTclose</name>
         <load_address>0xe1a0</load_address>
         <run_address>0xe1a0</run_address>
         <size>0xa0</size>
         <input_file_ref idref="fl-4f"/>
      </object_component>
      <object_component id="oc-2ed">
         <name>.text:__TI_cleanup</name>
         <load_address>0xe240</load_address>
         <run_address>0xe240</run_address>
         <size>0xa0</size>
         <input_file_ref idref="fl-4a"/>
      </object_component>
      <object_component id="oc-22a">
         <name>.text:_ecpy</name>
         <load_address>0xe2e0</load_address>
         <run_address>0xe2e0</run_address>
         <size>0xa0</size>
         <input_file_ref idref="fl-20"/>
      </object_component>
      <object_component id="oc-3f9">
         <name>.text:finddevice</name>
         <load_address>0xe380</load_address>
         <run_address>0xe380</run_address>
         <size>0xa0</size>
         <input_file_ref idref="fl-58"/>
      </object_component>
      <object_component id="oc-1c">
         <name>.text:memcpy</name>
         <load_address>0xe420</load_address>
         <run_address>0xe420</run_address>
         <size>0xa0</size>
         <input_file_ref idref="fl-29"/>
      </object_component>
      <object_component id="oc-3c4">
         <name>.text:__TI_readmsg</name>
         <load_address>0xe4c0</load_address>
         <run_address>0xe4c0</run_address>
         <size>0x80</size>
         <input_file_ref idref="fl-56"/>
      </object_component>
      <object_component id="oc-28a">
         <name>.text:__c6xabi_llshl</name>
         <load_address>0xe540</load_address>
         <run_address>0xe540</run_address>
         <size>0x80</size>
         <input_file_ref idref="fl-2d"/>
      </object_component>
      <object_component id="oc-10">
         <name>.text:_c_int00</name>
         <load_address>0xe5c0</load_address>
         <run_address>0xe5c0</run_address>
         <size>0x80</size>
         <input_file_ref idref="fl-2a"/>
      </object_component>
      <object_component id="oc-3b2">
         <name>.text:unlink</name>
         <load_address>0xe640</load_address>
         <run_address>0xe640</run_address>
         <size>0x80</size>
         <input_file_ref idref="fl-5b"/>
      </object_component>
      <object_component id="oc-2a1">
         <name>.text:__TI_frcmpyd_div</name>
         <load_address>0xe6c0</load_address>
         <run_address>0xe6c0</run_address>
         <size>0x60</size>
         <input_file_ref idref="fl-3a"/>
      </object_component>
      <object_component id="oc-3be">
         <name>.text:__TI_writemsg</name>
         <load_address>0xe720</load_address>
         <run_address>0xe720</run_address>
         <size>0x60</size>
         <input_file_ref idref="fl-56"/>
      </object_component>
      <object_component id="oc-296">
         <name>.text:__c6xabi_llshru</name>
         <load_address>0xe780</load_address>
         <run_address>0xe780</run_address>
         <size>0x60</size>
         <input_file_ref idref="fl-2d"/>
      </object_component>
      <object_component id="oc-290">
         <name>.text:_subcull</name>
         <load_address>0xe7e0</load_address>
         <run_address>0xe7e0</run_address>
         <size>0x60</size>
         <input_file_ref idref="fl-2c"/>
      </object_component>
      <object_component id="oc-2d9">
         <name>.text:lseek</name>
         <load_address>0xe840</load_address>
         <run_address>0xe840</run_address>
         <size>0x60</size>
         <input_file_ref idref="fl-4d"/>
      </object_component>
      <object_component id="oc-19f">
         <name>.text:memccpy</name>
         <load_address>0xe8a0</load_address>
         <run_address>0xe8a0</run_address>
         <size>0x60</size>
         <input_file_ref idref="fl-44"/>
      </object_component>
      <object_component id="oc-1f9">
         <name>.text:write</name>
         <load_address>0xe900</load_address>
         <run_address>0xe900</run_address>
         <size>0x60</size>
         <input_file_ref idref="fl-45"/>
      </object_component>
      <object_component id="oc-17b">
         <name>.text:__c6xabi_isinf</name>
         <load_address>0xe960</load_address>
         <run_address>0xe960</run_address>
         <size>0x40</size>
         <input_file_ref idref="fl-37"/>
      </object_component>
      <object_component id="oc-175">
         <name>.text:__c6xabi_isnan</name>
         <load_address>0xe9a0</load_address>
         <run_address>0xe9a0</run_address>
         <size>0x40</size>
         <input_file_ref idref="fl-20"/>
      </object_component>
      <object_component id="oc-40">
         <name>.text:_args_main</name>
         <load_address>0xe9e0</load_address>
         <run_address>0xe9e0</run_address>
         <size>0x40</size>
         <input_file_ref idref="fl-3f"/>
      </object_component>
      <object_component id="oc-1a5">
         <name>.text:wcslen</name>
         <load_address>0xea20</load_address>
         <run_address>0xea20</run_address>
         <size>0x40</size>
         <input_file_ref idref="fl-25"/>
      </object_component>
      <object_component id="oc-1ab">
         <name>.text:__c6xabi_errno_addr</name>
         <load_address>0xea60</load_address>
         <run_address>0xea60</run_address>
         <size>0x20</size>
         <input_file_ref idref="fl-47"/>
      </object_component>
      <object_component id="oc-1b1">
         <name>.text:__pop_rts</name>
         <load_address>0xea80</load_address>
         <run_address>0xea80</run_address>
         <size>0x20</size>
         <input_file_ref idref="fl-27"/>
      </object_component>
      <object_component id="oc-164">
         <name>.text:__push_rts</name>
         <load_address>0xeaa0</load_address>
         <run_address>0xeaa0</run_address>
         <size>0x20</size>
         <input_file_ref idref="fl-27"/>
      </object_component>
      <object_component id="oc-147">
         <name>.text:_nop</name>
         <load_address>0xeac0</load_address>
         <run_address>0xeac0</run_address>
         <size>0x20</size>
         <input_file_ref idref="fl-3e"/>
      </object_component>
      <object_component id="oc-11d">
         <name>.text:_outc</name>
         <load_address>0xeae0</load_address>
         <run_address>0xeae0</run_address>
         <size>0x20</size>
         <input_file_ref idref="fl-1f"/>
      </object_component>
      <object_component id="oc-123">
         <name>.text:_outs</name>
         <load_address>0xeb00</load_address>
         <run_address>0xeb00</run_address>
         <size>0x20</size>
         <input_file_ref idref="fl-1f"/>
      </object_component>
      <object_component id="oc-181">
         <name>.text:_signbit</name>
         <load_address>0xeb20</load_address>
         <run_address>0xeb20</run_address>
         <size>0x20</size>
         <input_file_ref idref="fl-38"/>
      </object_component>
      <object_component id="oc-f0">
         <name>.text:_system_post_cinit</name>
         <load_address>0xeb40</load_address>
         <run_address>0xeb40</run_address>
         <size>0x20</size>
         <input_file_ref idref="fl-31"/>
      </object_component>
      <object_component id="oc-4c">
         <name>.text:_system_pre_init</name>
         <load_address>0xeb60</load_address>
         <run_address>0xeb60</run_address>
         <size>0x20</size>
         <input_file_ref idref="fl-30"/>
      </object_component>
      <object_component id="oc-86">
         <name>.text:abort</name>
         <load_address>0xeb80</load_address>
         <run_address>0xeb80</run_address>
         <size>0x20</size>
         <input_file_ref idref="fl-3c"/>
      </object_component>
      <object_component id="oc-2b9">
         <name>.text:copysign</name>
         <load_address>0xeba0</load_address>
         <run_address>0xeba0</run_address>
         <size>0x20</size>
         <input_file_ref idref="fl-48"/>
      </object_component>
      <object_component id="oc-3">
         <name>.text:decompress:none:__TI_decompress_none</name>
         <load_address>0xebc0</load_address>
         <run_address>0xebc0</run_address>
         <size>0x20</size>
         <input_file_ref idref="fl-34"/>
      </object_component>
      <object_component id="oc-9">
         <name>.text:decompress:rle24:__TI_decompress_rle24</name>
         <load_address>0xebe0</load_address>
         <run_address>0xebe0</run_address>
         <size>0x20</size>
         <input_file_ref idref="fl-35"/>
      </object_component>
      <object_component id="oc-7b">
         <name>.text</name>
         <load_address>0xec00</load_address>
         <run_address>0xec00</run_address>
         <size>0x20</size>
         <input_file_ref idref="fl-2"/>
      </object_component>
      <object_component id="oc-204">
         <name>.const:.string:_ctypes_</name>
         <load_address>0xf888</load_address>
         <run_address>0xf888</run_address>
         <size>0x101</size>
         <input_file_ref idref="fl-41"/>
      </object_component>
      <object_component id="oc-1b6">
         <name>.const:.string</name>
         <load_address>0xf98c</load_address>
         <run_address>0xf98c</run_address>
         <size>0x24</size>
         <input_file_ref idref="fl-20"/>
      </object_component>
      <object_component id="oc-dc">
         <name>.const:.string</name>
         <load_address>0xf9b0</load_address>
         <run_address>0xf9b0</run_address>
         <size>0x10</size>
         <input_file_ref idref="fl-2"/>
      </object_component>
      <object_component id="oc-83">
         <name>.fardata</name>
         <load_address>0xf718</load_address>
         <run_address>0xf718</run_address>
         <size>0xc</size>
         <input_file_ref idref="fl-3c"/>
      </object_component>
      <object_component id="oc-34a">
         <name>.fardata</name>
         <load_address>0xf724</load_address>
         <run_address>0xf724</run_address>
         <size>0x8</size>
         <input_file_ref idref="fl-3d"/>
      </object_component>
      <object_component id="oc-114">
         <name>.fardata:_lock</name>
         <load_address>0xf72c</load_address>
         <run_address>0xf72c</run_address>
         <size>0x4</size>
         <input_file_ref idref="fl-3e"/>
      </object_component>
      <object_component id="oc-11a">
         <name>.fardata:_unlock</name>
         <load_address>0xf730</load_address>
         <run_address>0xf730</run_address>
         <size>0x4</size>
         <input_file_ref idref="fl-3e"/>
      </object_component>
      <object_component id="oc-117">
         <name>.fardata:_ftable</name>
         <load_address>0xf420</load_address>
         <run_address>0xf420</run_address>
         <size>0x1e0</size>
         <input_file_ref idref="fl-42"/>
      </object_component>
      <object_component id="oc-35b">
         <name>.fardata</name>
         <load_address>0xf734</load_address>
         <run_address>0xf734</run_address>
         <size>0x4</size>
         <input_file_ref idref="fl-42"/>
      </object_component>
      <object_component id="oc-2fe">
         <name>.fardata:_device</name>
         <load_address>0xf6a0</load_address>
         <run_address>0xf6a0</run_address>
         <size>0x78</size>
         <input_file_ref idref="fl-45"/>
      </object_component>
      <object_component id="oc-27c">
         <name>.fardata:_stream</name>
         <load_address>0xf600</load_address>
         <run_address>0xf600</run_address>
         <size>0xa0</size>
         <input_file_ref idref="fl-45"/>
      </object_component>
      <object_component id="oc-255">
         <name>.fardata</name>
         <load_address>0xf738</load_address>
         <run_address>0xf738</run_address>
         <size>0x4</size>
         <input_file_ref idref="fl-47"/>
      </object_component>
      <object_component id="oc-448">
         <name>.cinit..fardata.load</name>
         <load_address>0xfb18</load_address>
         <run_address>0xfb18</run_address>
         <size>0x6b</size>
      </object_component>
      <object_component id="oc-449">
         <name>.cinit..far.load</name>
         <load_address>0xfb83</load_address>
         <run_address>0xfb83</run_address>
         <size>0xb</size>
      </object_component>
      <object_component id="oc-446">
         <name>__TI_handler_table</name>
         <load_address>0xfb90</load_address>
         <run_address>0xfb90</run_address>
         <size>0x8</size>
      </object_component>
      <object_component id="oc-447">
         <name>__TI_cinit_table</name>
         <load_address>0xfb98</load_address>
         <run_address>0xfb98</run_address>
         <size>0x10</size>
      </object_component>
      <object_component id="oc-16">
         <name>.stack</name>
         <uninitialized>true</uninitialized>
         <run_address>0xec20</run_address>
         <size>0x8</size>
         <input_file_ref idref="fl-2a"/>
      </object_component>
      <object_component id="oc-44a">
         <name>.stack</name>
         <uninitialized>true</uninitialized>
         <run_address>0xec20</run_address>
         <size>0x0</size>
      </object_component>
      <object_component id="oc-19">
         <name>.sysmem</name>
         <uninitialized>true</uninitialized>
         <run_address>0xf020</run_address>
         <size>0x8</size>
         <input_file_ref idref="fl-3d"/>
      </object_component>
      <object_component id="oc-44b">
         <name>.sysmem</name>
         <uninitialized>true</uninitialized>
         <run_address>0xf020</run_address>
         <size>0x0</size>
      </object_component>
      <object_component id="oc-3b8">
         <name>.common:__TI_tmpnams</name>
         <uninitialized>true</uninitialized>
         <run_address>0xf740</run_address>
         <size>0x140</size>
      </object_component>
      <object_component id="oc-3bb">
         <name>.common:parmbuf</name>
         <uninitialized>true</uninitialized>
         <run_address>0xf880</run_address>
         <size>0x8</size>
      </object_component>
      <object_component id="oc-1b7">
         <name>.switch:__TI_printfi</name>
         <load_address>0xfae0</load_address>
         <run_address>0xfae0</run_address>
         <size>0x38</size>
         <input_file_ref idref="fl-20"/>
      </object_component>
      <object_component id="oc-3e5">
         <name>.cio</name>
         <uninitialized>true</uninitialized>
         <run_address>0xf9c0</run_address>
         <size>0x120</size>
         <input_file_ref idref="fl-56"/>
      </object_component>
      <object_component id="oc-2d3">
         <name>.debug_info</name>
         <load_address>0x0</load_address>
         <run_address>0x0</run_address>
         <size>0x557</size>
         <input_file_ref idref="fl-2"/>
      </object_component>
      <object_component id="oc-7c">
         <name>.debug_info</name>
         <load_address>0x557</load_address>
         <run_address>0x557</run_address>
         <size>0xf4</size>
         <input_file_ref idref="fl-2"/>
      </object_component>
      <object_component id="oc-341">
         <name>.debug_info</name>
         <load_address>0x64b</load_address>
         <run_address>0x64b</run_address>
         <size>0x26b</size>
         <input_file_ref idref="fl-2"/>
      </object_component>
      <object_component id="oc-62">
         <name>.debug_info</name>
         <load_address>0x8b6</load_address>
         <run_address>0x8b6</run_address>
         <size>0xc0</size>
         <input_file_ref idref="fl-2"/>
      </object_component>
      <object_component id="oc-262">
         <name>.debug_info</name>
         <load_address>0x976</load_address>
         <run_address>0x976</run_address>
         <size>0x275</size>
         <input_file_ref idref="fl-2"/>
      </object_component>
      <object_component id="oc-1ba">
         <name>.debug_info</name>
         <load_address>0xbeb</load_address>
         <run_address>0xbeb</run_address>
         <size>0x2c</size>
         <input_file_ref idref="fl-2"/>
      </object_component>
      <object_component id="oc-130">
         <name>.debug_info</name>
         <load_address>0xc17</load_address>
         <run_address>0xc17</run_address>
         <size>0x6b2</size>
         <input_file_ref idref="fl-1f"/>
      </object_component>
      <object_component id="oc-121">
         <name>.debug_info</name>
         <load_address>0x12c9</load_address>
         <run_address>0x12c9</run_address>
         <size>0x154</size>
         <input_file_ref idref="fl-1f"/>
      </object_component>
      <object_component id="oc-127">
         <name>.debug_info</name>
         <load_address>0x141d</load_address>
         <run_address>0x141d</run_address>
         <size>0x163</size>
         <input_file_ref idref="fl-1f"/>
      </object_component>
      <object_component id="oc-e1">
         <name>.debug_info</name>
         <load_address>0x1580</load_address>
         <run_address>0x1580</run_address>
         <size>0x19b</size>
         <input_file_ref idref="fl-1f"/>
      </object_component>
      <object_component id="oc-1d0">
         <name>.debug_info</name>
         <load_address>0x171b</load_address>
         <run_address>0x171b</run_address>
         <size>0xb2</size>
         <input_file_ref idref="fl-1f"/>
      </object_component>
      <object_component id="oc-1b9">
         <name>.debug_info</name>
         <load_address>0x17cd</load_address>
         <run_address>0x17cd</run_address>
         <size>0x806</size>
         <input_file_ref idref="fl-20"/>
      </object_component>
      <object_component id="oc-170">
         <name>.debug_info</name>
         <load_address>0x1fd3</load_address>
         <run_address>0x1fd3</run_address>
         <size>0x25e</size>
         <input_file_ref idref="fl-20"/>
      </object_component>
      <object_component id="oc-176">
         <name>.debug_info</name>
         <load_address>0x2231</load_address>
         <run_address>0x2231</run_address>
         <size>0x22a</size>
         <input_file_ref idref="fl-20"/>
      </object_component>
      <object_component id="oc-22b">
         <name>.debug_info</name>
         <load_address>0x245b</load_address>
         <run_address>0x245b</run_address>
         <size>0x1ab</size>
         <input_file_ref idref="fl-20"/>
      </object_component>
      <object_component id="oc-231">
         <name>.debug_info</name>
         <load_address>0x2606</load_address>
         <run_address>0x2606</run_address>
         <size>0x21c</size>
         <input_file_ref idref="fl-20"/>
      </object_component>
      <object_component id="oc-188">
         <name>.debug_info</name>
         <load_address>0x2822</load_address>
         <run_address>0x2822</run_address>
         <size>0x2fb</size>
         <input_file_ref idref="fl-20"/>
      </object_component>
      <object_component id="oc-238">
         <name>.debug_info</name>
         <load_address>0x2b1d</load_address>
         <run_address>0x2b1d</run_address>
         <size>0x258</size>
         <input_file_ref idref="fl-20"/>
      </object_component>
      <object_component id="oc-18e">
         <name>.debug_info</name>
         <load_address>0x2d75</load_address>
         <run_address>0x2d75</run_address>
         <size>0x283</size>
         <input_file_ref idref="fl-20"/>
      </object_component>
      <object_component id="oc-195">
         <name>.debug_info</name>
         <load_address>0x2ff8</load_address>
         <run_address>0x2ff8</run_address>
         <size>0x2ee</size>
         <input_file_ref idref="fl-20"/>
      </object_component>
      <object_component id="oc-19b">
         <name>.debug_info</name>
         <load_address>0x32e6</load_address>
         <run_address>0x32e6</run_address>
         <size>0x4be</size>
         <input_file_ref idref="fl-20"/>
      </object_component>
      <object_component id="oc-12b">
         <name>.debug_info</name>
         <load_address>0x37a4</load_address>
         <run_address>0x37a4</run_address>
         <size>0x6b0</size>
         <input_file_ref idref="fl-20"/>
      </object_component>
      <object_component id="oc-1bf">
         <name>.debug_info</name>
         <load_address>0x3e54</load_address>
         <run_address>0x3e54</run_address>
         <size>0x86</size>
         <input_file_ref idref="fl-20"/>
      </object_component>
      <object_component id="oc-25d">
         <name>.debug_info</name>
         <load_address>0x3eda</load_address>
         <run_address>0x3eda</run_address>
         <size>0x39</size>
         <input_file_ref idref="fl-20"/>
      </object_component>
      <object_component id="oc-2d4">
         <name>.debug_info</name>
         <load_address>0x3f13</load_address>
         <run_address>0x3f13</run_address>
         <size>0x94</size>
         <input_file_ref idref="fl-20"/>
      </object_component>
      <object_component id="oc-267">
         <name>.debug_info</name>
         <load_address>0x3fa7</load_address>
         <run_address>0x3fa7</run_address>
         <size>0x46</size>
         <input_file_ref idref="fl-20"/>
      </object_component>
      <object_component id="oc-1c9">
         <name>.debug_info</name>
         <load_address>0x3fed</load_address>
         <run_address>0x3fed</run_address>
         <size>0x46</size>
         <input_file_ref idref="fl-20"/>
      </object_component>
      <object_component id="oc-1c4">
         <name>.debug_info</name>
         <load_address>0x4033</load_address>
         <run_address>0x4033</run_address>
         <size>0x2c</size>
         <input_file_ref idref="fl-20"/>
      </object_component>
      <object_component id="oc-200">
         <name>.debug_info</name>
         <load_address>0x405f</load_address>
         <run_address>0x405f</run_address>
         <size>0x650</size>
         <input_file_ref idref="fl-21"/>
      </object_component>
      <object_component id="oc-157">
         <name>.debug_info</name>
         <load_address>0x46af</load_address>
         <run_address>0x46af</run_address>
         <size>0x215</size>
         <input_file_ref idref="fl-21"/>
      </object_component>
      <object_component id="oc-202">
         <name>.debug_info</name>
         <load_address>0x48c4</load_address>
         <run_address>0x48c4</run_address>
         <size>0x661</size>
         <input_file_ref idref="fl-22"/>
      </object_component>
      <object_component id="oc-15f">
         <name>.debug_info</name>
         <load_address>0x4f25</load_address>
         <run_address>0x4f25</run_address>
         <size>0x312</size>
         <input_file_ref idref="fl-22"/>
      </object_component>
      <object_component id="oc-cf">
         <name>.debug_info</name>
         <load_address>0x5237</load_address>
         <run_address>0x5237</run_address>
         <size>0x2c</size>
         <input_file_ref idref="fl-22"/>
      </object_component>
      <object_component id="oc-279">
         <name>.debug_info</name>
         <load_address>0x5263</load_address>
         <run_address>0x5263</run_address>
         <size>0x5cc</size>
         <input_file_ref idref="fl-23"/>
      </object_component>
      <object_component id="oc-1ee">
         <name>.debug_info</name>
         <load_address>0x582f</load_address>
         <run_address>0x582f</run_address>
         <size>0x18e</size>
         <input_file_ref idref="fl-23"/>
      </object_component>
      <object_component id="oc-2f5">
         <name>.debug_info</name>
         <load_address>0x59bd</load_address>
         <run_address>0x59bd</run_address>
         <size>0xbf</size>
         <input_file_ref idref="fl-23"/>
      </object_component>
      <object_component id="oc-2f4">
         <name>.debug_info</name>
         <load_address>0x5a7c</load_address>
         <run_address>0x5a7c</run_address>
         <size>0x636</size>
         <input_file_ref idref="fl-24"/>
      </object_component>
      <object_component id="oc-273">
         <name>.debug_info</name>
         <load_address>0x60b2</load_address>
         <run_address>0x60b2</run_address>
         <size>0x22e</size>
         <input_file_ref idref="fl-24"/>
      </object_component>
      <object_component id="oc-254">
         <name>.debug_info</name>
         <load_address>0x62e0</load_address>
         <run_address>0x62e0</run_address>
         <size>0x55b</size>
         <input_file_ref idref="fl-25"/>
      </object_component>
      <object_component id="oc-1a6">
         <name>.debug_info</name>
         <load_address>0x683b</load_address>
         <run_address>0x683b</run_address>
         <size>0x152</size>
         <input_file_ref idref="fl-25"/>
      </object_component>
      <object_component id="oc-2c8">
         <name>.debug_info</name>
         <load_address>0x698d</load_address>
         <run_address>0x698d</run_address>
         <size>0x46</size>
         <input_file_ref idref="fl-25"/>
      </object_component>
      <object_component id="oc-24f">
         <name>.debug_info</name>
         <load_address>0x69d3</load_address>
         <run_address>0x69d3</run_address>
         <size>0x39</size>
         <input_file_ref idref="fl-25"/>
      </object_component>
      <object_component id="oc-2c0">
         <name>.debug_info</name>
         <load_address>0x6a0c</load_address>
         <run_address>0x6a0c</run_address>
         <size>0x5c0</size>
         <input_file_ref idref="fl-26"/>
      </object_component>
      <object_component id="oc-246">
         <name>.debug_info</name>
         <load_address>0x6fcc</load_address>
         <run_address>0x6fcc</run_address>
         <size>0x20d</size>
         <input_file_ref idref="fl-26"/>
      </object_component>
      <object_component id="oc-33a">
         <name>.debug_info</name>
         <load_address>0x71d9</load_address>
         <run_address>0x71d9</run_address>
         <size>0x2c</size>
         <input_file_ref idref="fl-26"/>
      </object_component>
      <object_component id="oc-2c1">
         <name>.debug_info</name>
         <load_address>0x7205</load_address>
         <run_address>0x7205</run_address>
         <size>0x2c</size>
         <input_file_ref idref="fl-26"/>
      </object_component>
      <object_component id="oc-167">
         <name>.debug_info</name>
         <load_address>0x7231</load_address>
         <run_address>0x7231</run_address>
         <size>0x111</size>
         <input_file_ref idref="fl-27"/>
      </object_component>
      <object_component id="oc-1b3">
         <name>.debug_info</name>
         <load_address>0x7342</load_address>
         <run_address>0x7342</run_address>
         <size>0x10f</size>
         <input_file_ref idref="fl-27"/>
      </object_component>
      <object_component id="oc-216">
         <name>.debug_info</name>
         <load_address>0x7451</load_address>
         <run_address>0x7451</run_address>
         <size>0x117</size>
         <input_file_ref idref="fl-28"/>
      </object_component>
      <object_component id="oc-1d">
         <name>.debug_info</name>
         <load_address>0x7568</load_address>
         <run_address>0x7568</run_address>
         <size>0x124</size>
         <input_file_ref idref="fl-29"/>
      </object_component>
      <object_component id="oc-56">
         <name>.debug_info</name>
         <load_address>0x768c</load_address>
         <run_address>0x768c</run_address>
         <size>0x5e1</size>
         <input_file_ref idref="fl-2a"/>
      </object_component>
      <object_component id="oc-17">
         <name>.debug_info</name>
         <load_address>0x7c6d</load_address>
         <run_address>0x7c6d</run_address>
         <size>0xf8</size>
         <input_file_ref idref="fl-2a"/>
      </object_component>
      <object_component id="oc-11">
         <name>.debug_info</name>
         <load_address>0x7d65</load_address>
         <run_address>0x7d65</run_address>
         <size>0x185</size>
         <input_file_ref idref="fl-2a"/>
      </object_component>
      <object_component id="oc-29f">
         <name>.debug_info</name>
         <load_address>0x7eea</load_address>
         <run_address>0x7eea</run_address>
         <size>0x556</size>
         <input_file_ref idref="fl-2b"/>
      </object_component>
      <object_component id="oc-210">
         <name>.debug_info</name>
         <load_address>0x8440</load_address>
         <run_address>0x8440</run_address>
         <size>0x1d7</size>
         <input_file_ref idref="fl-2b"/>
      </object_component>
      <object_component id="oc-29d">
         <name>.debug_info</name>
         <load_address>0x8617</load_address>
         <run_address>0x8617</run_address>
         <size>0x576</size>
         <input_file_ref idref="fl-2c"/>
      </object_component>
      <object_component id="oc-291">
         <name>.debug_info</name>
         <load_address>0x8b8d</load_address>
         <run_address>0x8b8d</run_address>
         <size>0x17c</size>
         <input_file_ref idref="fl-2c"/>
      </object_component>
      <object_component id="oc-20a">
         <name>.debug_info</name>
         <load_address>0x8d09</load_address>
         <run_address>0x8d09</run_address>
         <size>0x254</size>
         <input_file_ref idref="fl-2c"/>
      </object_component>
      <object_component id="oc-317">
         <name>.debug_info</name>
         <load_address>0x8f5d</load_address>
         <run_address>0x8f5d</run_address>
         <size>0x556</size>
         <input_file_ref idref="fl-2d"/>
      </object_component>
      <object_component id="oc-297">
         <name>.debug_info</name>
         <load_address>0x94b3</load_address>
         <run_address>0x94b3</run_address>
         <size>0x1a1</size>
         <input_file_ref idref="fl-2d"/>
      </object_component>
      <object_component id="oc-28b">
         <name>.debug_info</name>
         <load_address>0x9654</load_address>
         <run_address>0x9654</run_address>
         <size>0x18e</size>
         <input_file_ref idref="fl-2d"/>
      </object_component>
      <object_component id="oc-312">
         <name>.debug_info</name>
         <load_address>0x97e2</load_address>
         <run_address>0x97e2</run_address>
         <size>0x39</size>
         <input_file_ref idref="fl-2d"/>
      </object_component>
      <object_component id="oc-393">
         <name>.debug_info</name>
         <load_address>0x981b</load_address>
         <run_address>0x981b</run_address>
         <size>0x2c</size>
         <input_file_ref idref="fl-2d"/>
      </object_component>
      <object_component id="oc-ce">
         <name>.debug_info</name>
         <load_address>0x9847</load_address>
         <run_address>0x9847</run_address>
         <size>0x566</size>
         <input_file_ref idref="fl-2e"/>
      </object_component>
      <object_component id="oc-68">
         <name>.debug_info</name>
         <load_address>0x9dad</load_address>
         <run_address>0x9dad</run_address>
         <size>0x229</size>
         <input_file_ref idref="fl-2e"/>
      </object_component>
      <object_component id="oc-fd">
         <name>.debug_info</name>
         <load_address>0x9fd6</load_address>
         <run_address>0x9fd6</run_address>
         <size>0x7c6</size>
         <input_file_ref idref="fl-2f"/>
      </object_component>
      <object_component id="oc-90">
         <name>.debug_info</name>
         <load_address>0xa79c</load_address>
         <run_address>0xa79c</run_address>
         <size>0x1b2</size>
         <input_file_ref idref="fl-2f"/>
      </object_component>
      <object_component id="oc-136">
         <name>.debug_info</name>
         <load_address>0xa94e</load_address>
         <run_address>0xa94e</run_address>
         <size>0x39</size>
         <input_file_ref idref="fl-2f"/>
      </object_component>
      <object_component id="oc-142">
         <name>.debug_info</name>
         <load_address>0xa987</load_address>
         <run_address>0xa987</run_address>
         <size>0x39</size>
         <input_file_ref idref="fl-2f"/>
      </object_component>
      <object_component id="oc-108">
         <name>.debug_info</name>
         <load_address>0xa9c0</load_address>
         <run_address>0xa9c0</run_address>
         <size>0x39</size>
         <input_file_ref idref="fl-2f"/>
      </object_component>
      <object_component id="oc-13b">
         <name>.debug_info</name>
         <load_address>0xa9f9</load_address>
         <run_address>0xa9f9</run_address>
         <size>0xcd</size>
         <input_file_ref idref="fl-2f"/>
      </object_component>
      <object_component id="oc-4d">
         <name>.debug_info</name>
         <load_address>0xaac6</load_address>
         <run_address>0xaac6</run_address>
         <size>0x14b</size>
         <input_file_ref idref="fl-30"/>
      </object_component>
      <object_component id="oc-f1">
         <name>.debug_info</name>
         <load_address>0xac11</load_address>
         <run_address>0xac11</run_address>
         <size>0x148</size>
         <input_file_ref idref="fl-31"/>
      </object_component>
      <object_component id="oc-27">
         <name>.debug_info</name>
         <load_address>0xad59</load_address>
         <run_address>0xad59</run_address>
         <size>0x56f</size>
         <input_file_ref idref="fl-34"/>
      </object_component>
      <object_component id="oc-5">
         <name>.debug_info</name>
         <load_address>0xb2c8</load_address>
         <run_address>0xb2c8</run_address>
         <size>0x1cf</size>
         <input_file_ref idref="fl-34"/>
      </object_component>
      <object_component id="oc-22">
         <name>.debug_info</name>
         <load_address>0xb497</load_address>
         <run_address>0xb497</run_address>
         <size>0x46</size>
         <input_file_ref idref="fl-34"/>
      </object_component>
      <object_component id="oc-5b">
         <name>.debug_info</name>
         <load_address>0xb4dd</load_address>
         <run_address>0xb4dd</run_address>
         <size>0x2c</size>
         <input_file_ref idref="fl-34"/>
      </object_component>
      <object_component id="oc-6e">
         <name>.debug_info</name>
         <load_address>0xb509</load_address>
         <run_address>0xb509</run_address>
         <size>0x5a0</size>
         <input_file_ref idref="fl-35"/>
      </object_component>
      <object_component id="oc-29">
         <name>.debug_info</name>
         <load_address>0xbaa9</load_address>
         <run_address>0xbaa9</run_address>
         <size>0x257</size>
         <input_file_ref idref="fl-35"/>
      </object_component>
      <object_component id="oc-a">
         <name>.debug_info</name>
         <load_address>0xbd00</load_address>
         <run_address>0xbd00</run_address>
         <size>0x1b4</size>
         <input_file_ref idref="fl-35"/>
      </object_component>
      <object_component id="oc-2f">
         <name>.debug_info</name>
         <load_address>0xbeb4</load_address>
         <run_address>0xbeb4</run_address>
         <size>0x46</size>
         <input_file_ref idref="fl-35"/>
      </object_component>
      <object_component id="oc-d6">
         <name>.debug_info</name>
         <load_address>0xbefa</load_address>
         <run_address>0xbefa</run_address>
         <size>0x39</size>
         <input_file_ref idref="fl-35"/>
      </object_component>
      <object_component id="oc-6f">
         <name>.debug_info</name>
         <load_address>0xbf33</load_address>
         <run_address>0xbf33</run_address>
         <size>0x2c</size>
         <input_file_ref idref="fl-35"/>
      </object_component>
      <object_component id="oc-2b8">
         <name>.debug_info</name>
         <load_address>0xbf5f</load_address>
         <run_address>0xbf5f</run_address>
         <size>0x58d</size>
         <input_file_ref idref="fl-36"/>
      </object_component>
      <object_component id="oc-240">
         <name>.debug_info</name>
         <load_address>0xc4ec</load_address>
         <run_address>0xc4ec</run_address>
         <size>0x1e9</size>
         <input_file_ref idref="fl-36"/>
      </object_component>
      <object_component id="oc-17c">
         <name>.debug_info</name>
         <load_address>0xc6d5</load_address>
         <run_address>0xc6d5</run_address>
         <size>0x149</size>
         <input_file_ref idref="fl-37"/>
      </object_component>
      <object_component id="oc-2a8">
         <name>.debug_info</name>
         <load_address>0xc81e</load_address>
         <run_address>0xc81e</run_address>
         <size>0x7f</size>
         <input_file_ref idref="fl-37"/>
      </object_component>
      <object_component id="oc-39f">
         <name>.debug_info</name>
         <load_address>0xc89d</load_address>
         <run_address>0xc89d</run_address>
         <size>0x53</size>
         <input_file_ref idref="fl-37"/>
      </object_component>
      <object_component id="oc-329">
         <name>.debug_info</name>
         <load_address>0xc8f0</load_address>
         <run_address>0xc8f0</run_address>
         <size>0x2c</size>
         <input_file_ref idref="fl-37"/>
      </object_component>
      <object_component id="oc-324">
         <name>.debug_info</name>
         <load_address>0xc91c</load_address>
         <run_address>0xc91c</run_address>
         <size>0x39</size>
         <input_file_ref idref="fl-37"/>
      </object_component>
      <object_component id="oc-182">
         <name>.debug_info</name>
         <load_address>0xc955</load_address>
         <run_address>0xc955</run_address>
         <size>0x143</size>
         <input_file_ref idref="fl-38"/>
      </object_component>
      <object_component id="oc-21f">
         <name>.debug_info</name>
         <load_address>0xca98</load_address>
         <run_address>0xca98</run_address>
         <size>0x244</size>
         <input_file_ref idref="fl-39"/>
      </object_component>
      <object_component id="oc-32e">
         <name>.debug_info</name>
         <load_address>0xccdc</load_address>
         <run_address>0xccdc</run_address>
         <size>0x60</size>
         <input_file_ref idref="fl-39"/>
      </object_component>
      <object_component id="oc-2ad">
         <name>.debug_info</name>
         <load_address>0xcd3c</load_address>
         <run_address>0xcd3c</run_address>
         <size>0x46</size>
         <input_file_ref idref="fl-39"/>
      </object_component>
      <object_component id="oc-2a3">
         <name>.debug_info</name>
         <load_address>0xcd82</load_address>
         <run_address>0xcd82</run_address>
         <size>0x16a</size>
         <input_file_ref idref="fl-3a"/>
      </object_component>
      <object_component id="oc-39a">
         <name>.debug_info</name>
         <load_address>0xceec</load_address>
         <run_address>0xceec</run_address>
         <size>0x2c</size>
         <input_file_ref idref="fl-3a"/>
      </object_component>
      <object_component id="oc-31f">
         <name>.debug_info</name>
         <load_address>0xcf18</load_address>
         <run_address>0xcf18</run_address>
         <size>0x2c</size>
         <input_file_ref idref="fl-3a"/>
      </object_component>
      <object_component id="oc-133">
         <name>.debug_info</name>
         <load_address>0xcf44</load_address>
         <run_address>0xcf44</run_address>
         <size>0x6fc</size>
         <input_file_ref idref="fl-3b"/>
      </object_component>
      <object_component id="oc-f7">
         <name>.debug_info</name>
         <load_address>0xd640</load_address>
         <run_address>0xd640</run_address>
         <size>0x212</size>
         <input_file_ref idref="fl-3b"/>
      </object_component>
      <object_component id="oc-1d7">
         <name>.debug_info</name>
         <load_address>0xd852</load_address>
         <run_address>0xd852</run_address>
         <size>0x2c</size>
         <input_file_ref idref="fl-3b"/>
      </object_component>
      <object_component id="oc-1dc">
         <name>.debug_info</name>
         <load_address>0xd87e</load_address>
         <run_address>0xd87e</run_address>
         <size>0x39</size>
         <input_file_ref idref="fl-3b"/>
      </object_component>
      <object_component id="oc-8d">
         <name>.debug_info</name>
         <load_address>0xd8b7</load_address>
         <run_address>0xd8b7</run_address>
         <size>0x59e</size>
         <input_file_ref idref="fl-3c"/>
      </object_component>
      <object_component id="oc-84">
         <name>.debug_info</name>
         <load_address>0xde55</load_address>
         <run_address>0xde55</run_address>
         <size>0x188</size>
         <input_file_ref idref="fl-3c"/>
      </object_component>
      <object_component id="oc-87">
         <name>.debug_info</name>
         <load_address>0xdfdd</load_address>
         <run_address>0xdfdd</run_address>
         <size>0x11a</size>
         <input_file_ref idref="fl-3c"/>
      </object_component>
      <object_component id="oc-47">
         <name>.debug_info</name>
         <load_address>0xe0f7</load_address>
         <run_address>0xe0f7</run_address>
         <size>0x17a</size>
         <input_file_ref idref="fl-3c"/>
      </object_component>
      <object_component id="oc-59">
         <name>.debug_info</name>
         <load_address>0xe271</load_address>
         <run_address>0xe271</run_address>
         <size>0x610</size>
         <input_file_ref idref="fl-3d"/>
      </object_component>
      <object_component id="oc-1a">
         <name>.debug_info</name>
         <load_address>0xe881</load_address>
         <run_address>0xe881</run_address>
         <size>0x104</size>
         <input_file_ref idref="fl-3d"/>
      </object_component>
      <object_component id="oc-34b">
         <name>.debug_info</name>
         <load_address>0xe985</load_address>
         <run_address>0xe985</run_address>
         <size>0x127</size>
         <input_file_ref idref="fl-3d"/>
      </object_component>
      <object_component id="oc-354">
         <name>.debug_info</name>
         <load_address>0xeaac</load_address>
         <run_address>0xeaac</run_address>
         <size>0x175</size>
         <input_file_ref idref="fl-3d"/>
      </object_component>
      <object_component id="oc-34e">
         <name>.debug_info</name>
         <load_address>0xec21</load_address>
         <run_address>0xec21</run_address>
         <size>0x174</size>
         <input_file_ref idref="fl-3d"/>
      </object_component>
      <object_component id="oc-2e8">
         <name>.debug_info</name>
         <load_address>0xed95</load_address>
         <run_address>0xed95</run_address>
         <size>0x1df</size>
         <input_file_ref idref="fl-3d"/>
      </object_component>
      <object_component id="oc-2e2">
         <name>.debug_info</name>
         <load_address>0xef74</load_address>
         <run_address>0xef74</run_address>
         <size>0x28d</size>
         <input_file_ref idref="fl-3d"/>
      </object_component>
      <object_component id="oc-c3">
         <name>.debug_info</name>
         <load_address>0xf201</load_address>
         <run_address>0xf201</run_address>
         <size>0x2c</size>
         <input_file_ref idref="fl-3d"/>
      </object_component>
      <object_component id="oc-c8">
         <name>.debug_info</name>
         <load_address>0xf22d</load_address>
         <run_address>0xf22d</run_address>
         <size>0x62</size>
         <input_file_ref idref="fl-3d"/>
      </object_component>
      <object_component id="oc-14f">
         <name>.debug_info</name>
         <load_address>0xf28f</load_address>
         <run_address>0xf28f</run_address>
         <size>0x557</size>
         <input_file_ref idref="fl-3e"/>
      </object_component>
      <object_component id="oc-115">
         <name>.debug_info</name>
         <load_address>0xf7e6</load_address>
         <run_address>0xf7e6</run_address>
         <size>0xf7</size>
         <input_file_ref idref="fl-3e"/>
      </object_component>
      <object_component id="oc-11b">
         <name>.debug_info</name>
         <load_address>0xf8dd</load_address>
         <run_address>0xf8dd</run_address>
         <size>0xfb</size>
         <input_file_ref idref="fl-3e"/>
      </object_component>
      <object_component id="oc-148">
         <name>.debug_info</name>
         <load_address>0xf9d8</load_address>
         <run_address>0xf9d8</run_address>
         <size>0x126</size>
         <input_file_ref idref="fl-3e"/>
      </object_component>
      <object_component id="oc-82">
         <name>.debug_info</name>
         <load_address>0xfafe</load_address>
         <run_address>0xfafe</run_address>
         <size>0x5ab</size>
         <input_file_ref idref="fl-3f"/>
      </object_component>
      <object_component id="oc-41">
         <name>.debug_info</name>
         <load_address>0x100a9</load_address>
         <run_address>0x100a9</run_address>
         <size>0x16a</size>
         <input_file_ref idref="fl-3f"/>
      </object_component>
      <object_component id="oc-e6">
         <name>.debug_info</name>
         <load_address>0x10213</load_address>
         <run_address>0x10213</run_address>
         <size>0x5e</size>
         <input_file_ref idref="fl-3f"/>
      </object_component>
      <object_component id="oc-208">
         <name>.debug_info</name>
         <load_address>0x10271</load_address>
         <run_address>0x10271</run_address>
         <size>0x585</size>
         <input_file_ref idref="fl-40"/>
      </object_component>
      <object_component id="oc-16a">
         <name>.debug_info</name>
         <load_address>0x107f6</load_address>
         <run_address>0x107f6</run_address>
         <size>0x174</size>
         <input_file_ref idref="fl-40"/>
      </object_component>
      <object_component id="oc-287">
         <name>.debug_info</name>
         <load_address>0x1096a</load_address>
         <run_address>0x1096a</run_address>
         <size>0xf1</size>
         <input_file_ref idref="fl-41"/>
      </object_component>
      <object_component id="oc-205">
         <name>.debug_info</name>
         <load_address>0x10a5b</load_address>
         <run_address>0x10a5b</run_address>
         <size>0xfd</size>
         <input_file_ref idref="fl-41"/>
      </object_component>
      <object_component id="oc-152">
         <name>.debug_info</name>
         <load_address>0x10b58</load_address>
         <run_address>0x10b58</run_address>
         <size>0x138</size>
         <input_file_ref idref="fl-42"/>
      </object_component>
      <object_component id="oc-118">
         <name>.debug_info</name>
         <load_address>0x10c90</load_address>
         <run_address>0x10c90</run_address>
         <size>0xfa</size>
         <input_file_ref idref="fl-42"/>
      </object_component>
      <object_component id="oc-35c">
         <name>.debug_info</name>
         <load_address>0x10d8a</load_address>
         <run_address>0x10d8a</run_address>
         <size>0x102</size>
         <input_file_ref idref="fl-42"/>
      </object_component>
      <object_component id="oc-2b3">
         <name>.debug_info</name>
         <load_address>0x10e8c</load_address>
         <run_address>0x10e8c</run_address>
         <size>0x562</size>
         <input_file_ref idref="fl-43"/>
      </object_component>
      <object_component id="oc-225">
         <name>.debug_info</name>
         <load_address>0x113ee</load_address>
         <run_address>0x113ee</run_address>
         <size>0x1b6</size>
         <input_file_ref idref="fl-43"/>
      </object_component>
      <object_component id="oc-24d">
         <name>.debug_info</name>
         <load_address>0x115a4</load_address>
         <run_address>0x115a4</run_address>
         <size>0x562</size>
         <input_file_ref idref="fl-44"/>
      </object_component>
      <object_component id="oc-1a0">
         <name>.debug_info</name>
         <load_address>0x11b06</load_address>
         <run_address>0x11b06</run_address>
         <size>0x1a5</size>
         <input_file_ref idref="fl-44"/>
      </object_component>
      <object_component id="oc-280">
         <name>.debug_info</name>
         <load_address>0x11cab</load_address>
         <run_address>0x11cab</run_address>
         <size>0x7a1</size>
         <input_file_ref idref="fl-45"/>
      </object_component>
      <object_component id="oc-2ff">
         <name>.debug_info</name>
         <load_address>0x1244c</load_address>
         <run_address>0x1244c</run_address>
         <size>0xfb</size>
         <input_file_ref idref="fl-45"/>
      </object_component>
      <object_component id="oc-27d">
         <name>.debug_info</name>
         <load_address>0x12547</load_address>
         <run_address>0x12547</run_address>
         <size>0xfb</size>
         <input_file_ref idref="fl-45"/>
      </object_component>
      <object_component id="oc-1fa">
         <name>.debug_info</name>
         <load_address>0x12642</load_address>
         <run_address>0x12642</run_address>
         <size>0x196</size>
         <input_file_ref idref="fl-45"/>
      </object_component>
      <object_component id="oc-305">
         <name>.debug_info</name>
         <load_address>0x127d8</load_address>
         <run_address>0x127d8</run_address>
         <size>0x120</size>
         <input_file_ref idref="fl-45"/>
      </object_component>
      <object_component id="oc-30a">
         <name>.debug_info</name>
         <load_address>0x128f8</load_address>
         <run_address>0x128f8</run_address>
         <size>0x2c</size>
         <input_file_ref idref="fl-45"/>
      </object_component>
      <object_component id="oc-259">
         <name>.debug_info</name>
         <load_address>0x12924</load_address>
         <run_address>0x12924</run_address>
         <size>0x550</size>
         <input_file_ref idref="fl-47"/>
      </object_component>
      <object_component id="oc-256">
         <name>.debug_info</name>
         <load_address>0x12e74</load_address>
         <run_address>0x12e74</run_address>
         <size>0xfb</size>
         <input_file_ref idref="fl-47"/>
      </object_component>
      <object_component id="oc-1ac">
         <name>.debug_info</name>
         <load_address>0x12f6f</load_address>
         <run_address>0x12f6f</run_address>
         <size>0x148</size>
         <input_file_ref idref="fl-47"/>
      </object_component>
      <object_component id="oc-2ba">
         <name>.debug_info</name>
         <load_address>0x130b7</load_address>
         <run_address>0x130b7</run_address>
         <size>0x157</size>
         <input_file_ref idref="fl-48"/>
      </object_component>
      <object_component id="oc-27b">
         <name>.debug_info</name>
         <load_address>0x1320e</load_address>
         <run_address>0x1320e</run_address>
         <size>0x614</size>
         <input_file_ref idref="fl-49"/>
      </object_component>
      <object_component id="oc-1f6">
         <name>.debug_info</name>
         <load_address>0x13822</load_address>
         <run_address>0x13822</run_address>
         <size>0x17c</size>
         <input_file_ref idref="fl-49"/>
      </object_component>
      <object_component id="oc-2ef">
         <name>.debug_info</name>
         <load_address>0x1399e</load_address>
         <run_address>0x1399e</run_address>
         <size>0x16e</size>
         <input_file_ref idref="fl-4a"/>
      </object_component>
      <object_component id="oc-2e0">
         <name>.debug_info</name>
         <load_address>0x13b0c</load_address>
         <run_address>0x13b0c</run_address>
         <size>0x5f0</size>
         <input_file_ref idref="fl-4b"/>
      </object_component>
      <object_component id="oc-26e">
         <name>.debug_info</name>
         <load_address>0x140fc</load_address>
         <run_address>0x140fc</run_address>
         <size>0x20f</size>
         <input_file_ref idref="fl-4b"/>
      </object_component>
      <object_component id="oc-347">
         <name>.debug_info</name>
         <load_address>0x1430b</load_address>
         <run_address>0x1430b</run_address>
         <size>0x663</size>
         <input_file_ref idref="fl-4d"/>
      </object_component>
      <object_component id="oc-2da">
         <name>.debug_info</name>
         <load_address>0x1496e</load_address>
         <run_address>0x1496e</run_address>
         <size>0x1a2</size>
         <input_file_ref idref="fl-4d"/>
[...]
         <origin>0x1</origin>
         <length>0x7fff</length>
         <used_space>0x0</used_space>
         <unused_space>0x7fff</unused_space>
         <attributes>RWIX</attributes>
         <usage_details>
         </usage_details>
      </memory_area>
      <memory_area display="yes" color="green">
         <name>RAM</name>
         <page_id>0x0</page_id>
         <origin>0x8000</origin>
         <length>0xfffffffe</length>
         <used_space>0x7ba4</used_space>
         <unused_space>0xffff845a</unused_space>
         <attributes>RWIX</attributes>
         <usage_details>
            <allocated_space>
               <start_address>0x8000</start_address>
               <size>0x6c20</size>
               <logical_group_ref idref="lg-414"/>
            </allocated_space>
            <allocated_space>
               <start_address>0xec20</start_address>
               <size>0x400</size>
               <logical_group_ref idref="lg-41a"/>
            </allocated_space>
            <allocated_space>
               <start_address>0xf020</start_address>
               <size>0x400</size>
               <logical_group_ref idref="lg-41b"/>
            </allocated_space>
            <allocated_space>
               <start_address>0xf420</start_address>
               <size>0x31c</size>
               <logical_group_ref idref="lg-417"/>
            </allocated_space>
            <available_space>
               <start_address>0xf73c</start_address>
               <size>0x4</size>
            </available_space>
            <allocated_space>
               <start_address>0xf740</start_address>
               <size>0x148</size>
               <logical_group_ref idref="lg-41c"/>
            </allocated_space>
            <allocated_space>
               <start_address>0xf888</start_address>
               <size>0x138</size>
               <logical_group_ref idref="lg-415"/>
            </allocated_space>
            <allocated_space>
               <start_address>0xf9c0</start_address>
               <size>0x120</size>
               <logical_group_ref idref="lg-41e"/>
            </allocated_space>
            <allocated_space>
               <start_address>0xfae0</start_address>
               <size>0x38</size>
               <logical_group_ref idref="lg-41d"/>
            </allocated_space>
            <allocated_space>
               <start_address>0xfb18</start_address>
               <size>0x90</size>
               <logical_group_ref idref="lg-418"/>
            </allocated_space>
            <available_space>
               <start_address>0xfba8</start_address>
               <size>0xffff8456</size>
            </available_space>
         </usage_details>
      </memory_area>
   </placement_map>
   <cptbl_list>
      <cptbl>
         <name>__TI_cinit_table</name>
         <cprec>
            <name>.fardata</name>
            <load_address>0xfb18</load_address>
            <load_size>0x6b</load_size>
            <run_address>0xf420</run_address>
            <run_size>0x31c</run_size>
            <compression>rle</compression>
         </cprec>
         <cprec>
            <name>.far</name>
            <load_address>0xfb83</load_address>
            <load_size>0xb</load_size>
            <run_address>0xf740</run_address>
            <run_size>0x148</run_size>
            <compression>rle</compression>
         </cprec>
      </cptbl>
   </cptbl_list>
   <handler_table>
      <handler_table_name>__TI_handler_table</handler_table_name>
      <handler>
         <index>0x0</index>
         <name>__TI_decompress_rle24</name>
      </handler>
      <handler>
         <index>0x1</index>
         <name>__TI_decompress_none</name>
      </handler>
   </handler_table>
   <symbol_table>
      <symbol id="sm-1">
         <name>__TI_CINIT_Base</name>
         <value>0xfb98</value>
      </symbol>
      <symbol id="sm-2">
         <name>__TI_CINIT_Limit</name>
         <value>0xfba8</value>
      </symbol>
      <symbol id="sm-3">
         <name>__TI_Handler_Table_Base</name>
         <value>0xfb90</value>
      </symbol>
      <symbol id="sm-4">
         <name>__TI_Handler_Table_Limit</name>
         <value>0xfb98</value>
      </symbol>
      <symbol id="sm-5">
         <name>binit</name>
         <value>0xffffffff</value>
      </symbol>
      <symbol id="sm-6">
         <name>__binit__</name>
         <value>0xffffffff</value>
      </symbol>
      <symbol id="sm-7">
         <name>__TI_STACK_SIZE</name>
         <value>0x400</value>
      </symbol>
      <symbol id="sm-8">
         <name>__TI_STACK_END</name>
         <value>0xf020</value>
      </symbol>
      <symbol id="sm-9">
         <name>__TI_SYSMEM_SIZE</name>
         <value>0x400</value>
      </symbol>
      <symbol id="sm-a">
         <name>__c_args__</name>
         <value>0xffffffff</value>
      </symbol>
      <symbol id="sm-b">
         <name>__TI_pprof_out_hndl</name>
         <value>0xffffffff</value>
      </symbol>
      <symbol id="sm-c">
         <name>__TI_prof_data_start</name>
         <value>0xffffffff</value>
      </symbol>
      <symbol id="sm-d">
         <name>__TI_prof_data_size</name>
         <value>0xffffffff</value>
      </symbol>
      <symbol id="sm-49">
         <name>main</name>
         <value>0xec00</value>
         <object_component_ref idref="oc-7b"/>
      </symbol>
      <symbol id="sm-71">
         <name>printf</name>
         <value>0xdac0</value>
         <object_component_ref idref="oc-dd"/>
      </symbol>
      <symbol id="sm-284">
         <name>__TI_printfi</name>
         <value>0x8000</value>
         <object_component_ref idref="oc-129"/>
      </symbol>
      <symbol id="sm-2a3">
         <name>putc</name>
         <value>0xc260</value>
         <object_component_ref idref="oc-156"/>
      </symbol>
      <symbol id="sm-2a4">
         <name>fputc</name>
         <value>0xc260</value>
         <object_component_ref idref="oc-156"/>
      </symbol>
      <symbol id="sm-2db">
         <name>fputs</name>
         <value>0xb420</value>
         <object_component_ref idref="oc-15d"/>
      </symbol>
      <symbol id="sm-2f1">
         <name>__TI_wrt_ok</name>
         <value>0xd660</value>
         <object_component_ref idref="oc-1ed"/>
      </symbol>
      <symbol id="sm-30d">
         <name>setvbuf</name>
         <value>0xc5e0</value>
         <object_component_ref idref="oc-272"/>
      </symbol>
      <symbol id="sm-327">
         <name>wcslen</name>
         <value>0xea20</value>
         <object_component_ref idref="oc-1a5"/>
      </symbol>
      <symbol id="sm-347">
         <name>scalbn</name>
         <value>0xcae0</value>
         <object_component_ref idref="oc-245"/>
      </symbol>
      <symbol id="sm-348">
         <name>scalbnl</name>
         <value>0xcae0</value>
         <object_component_ref idref="oc-245"/>
      </symbol>
      <symbol id="sm-349">
         <name>ldexpl</name>
         <value>0xcae0</value>
         <object_component_ref idref="oc-245"/>
      </symbol>
      <symbol id="sm-34a">
         <name>ldexp</name>
         <value>0xcae0</value>
         <object_component_ref idref="oc-245"/>
      </symbol>
      <symbol id="sm-358">
         <name>__c6xabi_push_rts</name>
         <value>0xeaa0</value>
         <object_component_ref idref="oc-164"/>
      </symbol>
      <symbol id="sm-359">
         <name>__pop_rts</name>
         <value>0xea80</value>
         <object_component_ref idref="oc-1b1"/>
      </symbol>
      <symbol id="sm-35a">
         <name>__c6xabi_pop_rts</name>
         <value>0xea80</value>
         <object_component_ref idref="oc-1b1"/>
      </symbol>
      <symbol id="sm-35b">
         <name>__push_rts</name>
         <value>0xeaa0</value>
         <object_component_ref idref="oc-164"/>
      </symbol>
      <symbol id="sm-364">
         <name>__c6xabi_divu</name>
         <value>0xdea0</value>
         <object_component_ref idref="oc-215"/>
      </symbol>
      <symbol id="sm-365">
         <name>__divu</name>
         <value>0xdea0</value>
         <object_component_ref idref="oc-215"/>
      </symbol>
      <symbol id="sm-36e">
         <name>memcpy</name>
         <value>0xe420</value>
         <object_component_ref idref="oc-1c"/>
      </symbol>
      <symbol id="sm-384">
         <name>_c_int00</name>
         <value>0xe5c0</value>
         <object_component_ref idref="oc-10"/>
      </symbol>
      <symbol id="sm-385">
         <name>_stack</name>
         <value>0xec20</value>
         <object_component_ref idref="oc-16"/>
      </symbol>
      <symbol id="sm-396">
         <name>__c6xabi_divul</name>
         <value>0xbee0</value>
         <object_component_ref idref="oc-20f"/>
      </symbol>
      <symbol id="sm-3b3">
         <name>_subcull</name>
         <value>0xe7e0</value>
         <object_component_ref idref="oc-290"/>
      </symbol>
      <symbol id="sm-3b4">
         <name>__c6xabi_divull</name>
         <value>0xbca0</value>
         <object_component_ref idref="oc-209"/>
      </symbol>
      <symbol id="sm-3d3">
         <name>__c6xabi_llshru</name>
         <value>0xe780</value>
         <object_component_ref idref="oc-296"/>
      </symbol>
      <symbol id="sm-3d4">
         <name>__c6xabi_llshl</name>
         <value>0xe540</value>
         <object_component_ref idref="oc-28a"/>
      </symbol>
      <symbol id="sm-3e4">
         <name>memset</name>
         <value>0xd9e0</value>
         <object_component_ref idref="oc-67"/>
      </symbol>
      <symbol id="sm-409">
         <name>__TI_auto_init_nobinit_nopinit</name>
         <value>0xdd20</value>
         <object_component_ref idref="oc-8f"/>
      </symbol>
      <symbol id="sm-412">
         <name>_system_pre_init</name>
         <value>0xeb60</value>
         <object_component_ref idref="oc-4c"/>
      </symbol>
      <symbol id="sm-41b">
         <name>_system_post_cinit</name>
         <value>0xeb40</value>
         <object_component_ref idref="oc-f0"/>
      </symbol>
      <symbol id="sm-434">
         <name>__TI_decompress_none</name>
         <value>0xebc0</value>
         <object_component_ref idref="oc-3"/>
      </symbol>
      <symbol id="sm-45f">
         <name>__TI_decompress_rle24</name>
         <value>0xebe0</value>
         <object_component_ref idref="oc-9"/>
      </symbol>
      <symbol id="sm-473">
         <name>frexpl</name>
         <value>0xc940</value>
         <object_component_ref idref="oc-23f"/>
      </symbol>
      <symbol id="sm-474">
         <name>frexp</name>
         <value>0xc940</value>
         <object_component_ref idref="oc-23f"/>
      </symbol>
      <symbol id="sm-491">
         <name>__c6xabi_isinf</name>
         <value>0xe960</value>
         <object_component_ref idref="oc-17b"/>
      </symbol>
      <symbol id="sm-49a">
         <name>_signbit</name>
         <value>0xeb20</value>
         <object_component_ref idref="oc-181"/>
      </symbol>
      <symbol id="sm-4b9">
         <name>__c6xabi_divd</name>
         <value>0xa620</value>
         <object_component_ref idref="oc-21e"/>
      </symbol>
      <symbol id="sm-4cc">
         <name>__TI_frcmpyd_div</name>
         <value>0xe6c0</value>
         <object_component_ref idref="oc-2a1"/>
      </symbol>
      <symbol id="sm-4e5">
         <name>__TI_tls_init</name>
         <value>0xe0e0</value>
         <object_component_ref idref="oc-f6"/>
      </symbol>
      <symbol id="sm-506">
         <name>C$$EXIT</name>
         <value>0xeb80</value>
         <object_component_ref idref="oc-86"/>
      </symbol>
      <symbol id="sm-507">
         <name>abort</name>
         <value>0xeb80</value>
         <object_component_ref idref="oc-86"/>
      </symbol>
      <symbol id="sm-508">
         <name>exit</name>
         <value>0xd820</value>
         <object_component_ref idref="oc-46"/>
      </symbol>
      <symbol id="sm-509">
         <name>__TI_dtors_ptr</name>
         <value>0xf71c</value>
         <object_component_ref idref="oc-83"/>
      </symbol>
      <symbol id="sm-50a">
         <name>__TI_cleanup_ptr</name>
         <value>0xf718</value>
         <object_component_ref idref="oc-83"/>
      </symbol>
      <symbol id="sm-50b">
         <name>__TI_enable_exit_profile_output</name>
         <value>0xf720</value>
         <object_component_ref idref="oc-83"/>
      </symbol>
      <symbol id="sm-576">
         <name>_sys_memory</name>
         <value>0xf020</value>
         <object_component_ref idref="oc-19"/>
      </symbol>
      <symbol id="sm-577">
         <name>free</name>
         <value>0xb060</value>
         <object_component_ref idref="oc-2e1"/>
      </symbol>
      <symbol id="sm-578">
         <name>malloc</name>
         <value>0xc420</value>
         <object_component_ref idref="oc-2e7"/>
      </symbol>
      <symbol id="sm-58e">
         <name>_nop</name>
         <value>0xeac0</value>
         <object_component_ref idref="oc-147"/>
      </symbol>
      <symbol id="sm-58f">
         <name>_lock</name>
         <value>0xf72c</value>
         <object_component_ref idref="oc-114"/>
      </symbol>
      <symbol id="sm-590">
         <name>_unlock</name>
         <value>0xf730</value>
         <object_component_ref idref="oc-11a"/>
      </symbol>
      <symbol id="sm-5a2">
         <name>_args_main</name>
         <value>0xe9e0</value>
         <object_component_ref idref="oc-40"/>
      </symbol>
      <symbol id="sm-5b6">
         <name>atoi</name>
         <value>0xd1c0</value>
         <object_component_ref idref="oc-169"/>
      </symbol>
      <symbol id="sm-5c0">
         <name>_ctypes_</name>
         <value>0xf888</value>
         <object_component_ref idref="oc-204"/>
      </symbol>
      <symbol id="sm-5d0">
         <name>__TI_tmpnams</name>
         <value>0xf740</value>
      </symbol>
      <symbol id="sm-5d1">
         <name>_ftable</name>
         <value>0xf420</value>
         <object_component_ref idref="oc-117"/>
      </symbol>
      <symbol id="sm-5d2">
         <name>__TI_ft_end</name>
         <value>0xf734</value>
         <object_component_ref idref="oc-35b"/>
      </symbol>
      <symbol id="sm-5e2">
         <name>ltoa</name>
         <value>0xd900</value>
         <object_component_ref idref="oc-224"/>
      </symbol>
      <symbol id="sm-5f3">
         <name>memccpy</name>
         <value>0xe8a0</value>
         <object_component_ref idref="oc-19f"/>
      </symbol>
      <symbol id="sm-616">
         <name>_stream</name>
         <value>0xf600</value>
         <object_component_ref idref="oc-27c"/>
      </symbol>
      <symbol id="sm-617">
         <name>_device</name>
         <value>0xf6a0</value>
         <object_component_ref idref="oc-2fe"/>
      </symbol>
      <symbol id="sm-618">
         <name>write</name>
         <value>0xe900</value>
         <object_component_ref idref="oc-1f9"/>
      </symbol>
      <symbol id="sm-62a">
         <name>__errno</name>
         <value>0xf738</value>
         <object_component_ref idref="oc-255"/>
      </symbol>
      <symbol id="sm-62b">
         <name>errno</name>
         <value>0xf738</value>
         <object_component_ref idref="oc-255"/>
      </symbol>
      <symbol id="sm-62c">
         <name>__c6xabi_errno_addr</name>
         <value>0xea60</value>
         <object_component_ref idref="oc-1ab"/>
      </symbol>
      <symbol id="sm-635">
         <name>copysign</name>
         <value>0xeba0</value>
         <object_component_ref idref="oc-2b9"/>
      </symbol>
      <symbol id="sm-636">
         <name>copysignl</name>
         <value>0xeba0</value>
         <object_component_ref idref="oc-2b9"/>
      </symbol>
      <symbol id="sm-645">
         <name>__TI_doflush</name>
         <value>0xdde0</value>
         <object_component_ref idref="oc-1f3"/>
      </symbol>
      <symbol id="sm-653">
         <name>__TI_cleanup</name>
         <value>0xe240</value>
         <object_component_ref idref="oc-2ed"/>
      </symbol>
      <symbol id="sm-66b">
         <name>fseek</name>
         <value>0xd2c0</value>
         <object_component_ref idref="oc-26c"/>
      </symbol>
      <symbol id="sm-67b">
         <name>lseek</name>
         <value>0xe840</value>
         <object_component_ref idref="oc-2d9"/>
      </symbol>
      <symbol id="sm-68c">
         <name>HOSTclose</name>
         <value>0xe1a0</value>
         <object_component_ref idref="oc-36d"/>
      </symbol>
      <symbol id="sm-69c">
         <name>HOSTlseek</name>
         <value>0xd3c0</value>
         <object_component_ref idref="oc-37f"/>
      </symbol>
      <symbol id="sm-6b0">
         <name>parmbuf</name>
         <value>0xf880</value>
      </symbol>
      <symbol id="sm-6b1">
         <name>HOSTopen</name>
         <value>0xd4a0</value>
         <object_component_ref idref="oc-367"/>
      </symbol>
      <symbol id="sm-6c1">
         <name>HOSTread</name>
         <value>0xdba0</value>
         <object_component_ref idref="oc-373"/>
      </symbol>
      <symbol id="sm-6df">
         <name>HOSTrename</name>
         <value>0xc7a0</value>
         <object_component_ref idref="oc-38b"/>
      </symbol>
      <symbol id="sm-6f2">
         <name>HOSTunlink</name>
         <value>0xdc60</value>
         <object_component_ref idref="oc-385"/>
      </symbol>
      <symbol id="sm-702">
         <name>HOSTwrite</name>
         <value>0xd580</value>
         <object_component_ref idref="oc-379"/>
      </symbol>
      <symbol id="sm-728">
         <name>__TI_readmsg</name>
         <value>0xe4c0</value>
         <object_component_ref idref="oc-3c4"/>
      </symbol>
      <symbol id="sm-729">
         <name>C$$IO$$</name>
         <value>0xe778</value>
         <object_component_ref idref="oc-3be"/>
      </symbol>
      <symbol id="sm-72a">
         <name>__CIOBUF_</name>
         <value>0xf9c0</value>
         <object_component_ref idref="oc-3e5"/>
      </symbol>
      <symbol id="sm-72b">
         <name>__TI_writemsg</name>
         <value>0xe720</value>
         <object_component_ref idref="oc-3be"/>
      </symbol>
      <symbol id="sm-744">
         <name>__TI_closefile</name>
         <value>0xcec0</value>
         <object_component_ref idref="oc-35e"/>
      </symbol>
      <symbol id="sm-76e">
         <name>finddevice</name>
         <value>0xe380</value>
         <object_component_ref idref="oc-3f9"/>
      </symbol>
      <symbol id="sm-76f">
         <name>getdevice</name>
         <value>0xcda0</value>
         <object_component_ref idref="oc-3d9"/>
      </symbol>
      <symbol id="sm-781">
         <name>close</name>
         <value>0xd740</value>
         <object_component_ref idref="oc-3ac"/>
      </symbol>
      <symbol id="sm-792">
         <name>unlink</name>
         <value>0xe640</value>
         <object_component_ref idref="oc-3b2"/>
      </symbol>
      <symbol id="sm-793">
         <name>__TI_STATIC_BASE</name>
         <value>0x0</value>
      </symbol>
      <symbol id="sm-795">
         <name>__TI_TLS_INIT_Base</name>
         <value>0x0</value>
      </symbol>
      <symbol id="sm-796">
         <name>__TI_TLS_INIT_Limit</name>
         <value>0x0</value>
      </symbol>
      <symbol id="sm-797">
         <name>remove</name>
         <value>0xe640</value>
      </symbol>
   </symbol_table>
   <title>Link successful</title>
</link_info>
